<?xml version="1.0"?>
<link_info>
   <banner>MSP430 Linker Unix v4.4.4</banner>
   <copyright>Copyright (c) 2003-2015 Texas Instruments Incorporated</copyright>
   <link_time>0x56519465</link_time>
   <link_errors>0x0</link_errors>
   <output_file>Ti_SigFox_SDK_Demo_v1_3_3_1 HACKATHON.out</output_file>
   <entry_point>
      <name>_c_int00_noargs_noexit</name>
      <address>0x4540</address>
   </entry_point>
   <input_file_list>
      <input_file id="fl-2">
         <path>./manufacturer_api/</path>
         <kind>object</kind>
         <file>manufacturer_api.obj</file>
         <name>manufacturer_api.obj</name>
      </input_file>
      <input_file id="fl-3">
         <path>./driverlib/MSP430F5xx_6xx/</path>
         <kind>object</kind>
         <file>adc10_a.obj</file>
         <name>adc10_a.obj</name>
      </input_file>
      <input_file id="fl-4">
         <path>./driverlib/MSP430F5xx_6xx/</path>
         <kind>object</kind>
         <file>adc12_a.obj</file>
         <name>adc12_a.obj</name>
      </input_file>
      <input_file id="fl-5">
         <path>./driverlib/MSP430F5xx_6xx/</path>
         <kind>object</kind>
         <file>aes.obj</file>
         <name>aes.obj</name>
      </input_file>
      <input_file id="fl-6">
         <path>./driverlib/MSP430F5xx_6xx/</path>
         <kind>object</kind>
         <file>battbak.obj</file>
         <name>battbak.obj</name>
      </input_file>
      <input_file id="fl-7">
         <path>./driverlib/MSP430F5xx_6xx/</path>
         <kind>object</kind>
         <file>comp_b.obj</file>
         <name>comp_b.obj</name>
      </input_file>
      <input_file id="fl-8">
         <path>./driverlib/MSP430F5xx_6xx/</path>
         <kind>object</kind>
         <file>crc.obj</file>
         <name>crc.obj</name>
      </input_file>
      <input_file id="fl-9">
         <path>./driverlib/MSP430F5xx_6xx/</path>
         <kind>object</kind>
         <file>ctsd16.obj</file>
         <name>ctsd16.obj</name>
      </input_file>
      <input_file id="fl-a">
         <path>./driverlib/MSP430F5xx_6xx/</path>
         <kind>object</kind>
         <file>dac12_a.obj</file>
         <name>dac12_a.obj</name>
      </input_file>
      <input_file id="fl-b">
         <path>./driverlib/MSP430F5xx_6xx/</path>
         <kind>object</kind>
         <file>dma.obj</file>
         <name>dma.obj</name>
      </input_file>
      <input_file id="fl-c">
         <path>./driverlib/MSP430F5xx_6xx/</path>
         <kind>object</kind>
         <file>eusci_a_spi.obj</file>
         <name>eusci_a_spi.obj</name>
      </input_file>
      <input_file id="fl-d">
         <path>./driverlib/MSP430F5xx_6xx/</path>
         <kind>object</kind>
         <file>eusci_a_uart.obj</file>
         <name>eusci_a_uart.obj</name>
      </input_file>
      <input_file id="fl-e">
         <path>./driverlib/MSP430F5xx_6xx/</path>
         <kind>object</kind>
         <file>eusci_b_i2c.obj</file>
         <name>eusci_b_i2c.obj</name>
      </input_file>
      <input_file id="fl-f">
         <path>./driverlib/MSP430F5xx_6xx/</path>
         <kind>object</kind>
         <file>eusci_b_spi.obj</file>
         <name>eusci_b_spi.obj</name>
      </input_file>
      <input_file id="fl-10">
         <path>./driverlib/MSP430F5xx_6xx/</path>
         <kind>object</kind>
         <file>flashctl.obj</file>
         <name>flashctl.obj</name>
      </input_file>
      <input_file id="fl-11">
         <path>./driverlib/MSP430F5xx_6xx/</path>
         <kind>object</kind>
         <file>gpio.obj</file>
         <name>gpio.obj</name>
      </input_file>
      <input_file id="fl-12">
         <path>./driverlib/MSP430F5xx_6xx/</path>
         <kind>object</kind>
         <file>lcd_b.obj</file>
         <name>lcd_b.obj</name>
      </input_file>
      <input_file id="fl-13">
         <path>./driverlib/MSP430F5xx_6xx/</path>
         <kind>object</kind>
         <file>ldopwr.obj</file>
         <name>ldopwr.obj</name>
      </input_file>
      <input_file id="fl-14">
         <path>./driverlib/MSP430F5xx_6xx/</path>
         <kind>object</kind>
         <file>mpy32.obj</file>
         <name>mpy32.obj</name>
      </input_file>
      <input_file id="fl-15">
         <path>./driverlib/MSP430F5xx_6xx/</path>
         <kind>object</kind>
         <file>oa.obj</file>
         <name>oa.obj</name>
      </input_file>
      <input_file id="fl-16">
         <path>./driverlib/MSP430F5xx_6xx/</path>
         <kind>object</kind>
         <file>pmap.obj</file>
         <name>pmap.obj</name>
      </input_file>
      <input_file id="fl-17">
         <path>./driverlib/MSP430F5xx_6xx/</path>
         <kind>object</kind>
         <file>pmm.obj</file>
         <name>pmm.obj</name>
      </input_file>
      <input_file id="fl-18">
         <path>./driverlib/MSP430F5xx_6xx/</path>
         <kind>object</kind>
         <file>ram.obj</file>
         <name>ram.obj</name>
      </input_file>
      <input_file id="fl-19">
         <path>./driverlib/MSP430F5xx_6xx/</path>
         <kind>object</kind>
         <file>ref.obj</file>
         <name>ref.obj</name>
      </input_file>
      <input_file id="fl-1a">
         <path>./driverlib/MSP430F5xx_6xx/</path>
         <kind>object</kind>
         <file>rtc_a.obj</file>
         <name>rtc_a.obj</name>
      </input_file>
      <input_file id="fl-1b">
         <path>./driverlib/MSP430F5xx_6xx/</path>
         <kind>object</kind>
         <file>rtc_b.obj</file>
         <name>rtc_b.obj</name>
      </input_file>
      <input_file id="fl-1c">
         <path>./driverlib/MSP430F5xx_6xx/</path>
         <kind>object</kind>
         <file>rtc_c.obj</file>
         <name>rtc_c.obj</name>
      </input_file>
      <input_file id="fl-1d">
         <path>./driverlib/MSP430F5xx_6xx/</path>
         <kind>object</kind>
         <file>sd24_b.obj</file>
         <name>sd24_b.obj</name>
      </input_file>
      <input_file id="fl-1e">
         <path>./driverlib/MSP430F5xx_6xx/</path>
         <kind>object</kind>
         <file>sfr.obj</file>
         <name>sfr.obj</name>
      </input_file>
      <input_file id="fl-1f">
         <path>./driverlib/MSP430F5xx_6xx/</path>
         <kind>object</kind>
         <file>sysctl.obj</file>
         <name>sysctl.obj</name>
      </input_file>
      <input_file id="fl-20">
         <path>./driverlib/MSP430F5xx_6xx/</path>
         <kind>object</kind>
         <file>tec.obj</file>
         <name>tec.obj</name>
      </input_file>
      <input_file id="fl-21">
         <path>./driverlib/MSP430F5xx_6xx/</path>
         <kind>object</kind>
         <file>timer_a.obj</file>
         <name>timer_a.obj</name>
      </input_file>
      <input_file id="fl-22">
         <path>./driverlib/MSP430F5xx_6xx/</path>
         <kind>object</kind>
         <file>timer_b.obj</file>
         <name>timer_b.obj</name>
      </input_file>
      <input_file id="fl-23">
         <path>./driverlib/MSP430F5xx_6xx/</path>
         <kind>object</kind>
         <file>timer_d.obj</file>
         <name>timer_d.obj</name>
      </input_file>
      <input_file id="fl-24">
         <path>./driverlib/MSP430F5xx_6xx/</path>
         <kind>object</kind>
         <file>tlv.obj</file>
         <name>tlv.obj</name>
      </input_file>
      <input_file id="fl-25">
         <path>./driverlib/MSP430F5xx_6xx/</path>
         <kind>object</kind>
         <file>ucs.obj</file>
         <name>ucs.obj</name>
      </input_file>
      <input_file id="fl-26">
         <path>./driverlib/MSP430F5xx_6xx/</path>
         <kind>object</kind>
         <file>usci_a_spi.obj</file>
         <name>usci_a_spi.obj</name>
      </input_file>
      <input_file id="fl-27">
         <path>./driverlib/MSP430F5xx_6xx/</path>
         <kind>object</kind>
         <file>usci_a_uart.obj</file>
         <name>usci_a_uart.obj</name>
      </input_file>
      <input_file id="fl-28">
         <path>./driverlib/MSP430F5xx_6xx/</path>
         <kind>object</kind>
         <file>usci_b_i2c.obj</file>
         <name>usci_b_i2c.obj</name>
      </input_file>
      <input_file id="fl-29">
         <path>./driverlib/MSP430F5xx_6xx/</path>
         <kind>object</kind>
         <file>usci_b_spi.obj</file>
         <name>usci_b_spi.obj</name>
      </input_file>
      <input_file id="fl-2a">
         <path>./driverlib/MSP430F5xx_6xx/</path>
         <kind>object</kind>
         <file>wdt_a.obj</file>
         <name>wdt_a.obj</name>
      </input_file>
      <input_file id="fl-2b">
         <path>./components/timer/</path>
         <kind>object</kind>
         <file>timer.obj</file>
         <name>timer.obj</name>
      </input_file>
      <input_file id="fl-2c">
         <path>./components/targets/trxeb_msp430f5438a/</path>
         <kind>object</kind>
         <file>hal_spi_rf_trxeb.obj</file>
         <name>hal_spi_rf_trxeb.obj</name>
      </input_file>
      <input_file id="fl-2d">
         <path>./components/radio/</path>
         <kind>object</kind>
         <file>radio.obj</file>
         <name>radio.obj</name>
      </input_file>
      <input_file id="fl-2e">
         <path>./components/radio/</path>
         <kind>object</kind>
         <file>transmission.obj</file>
         <name>transmission.obj</name>
      </input_file>
      <input_file id="fl-2f">
         <path>./components/nvm/</path>
         <kind>object</kind>
         <file>flash_drv.obj</file>
         <name>flash_drv.obj</name>
      </input_file>
      <input_file id="fl-30">
         <path>./components/lcd/</path>
         <kind>object</kind>
         <file>lcd_dogm128_6.obj</file>
         <name>lcd_dogm128_6.obj</name>
      </input_file>
      <input_file id="fl-31">
         <path>./components/lcd/</path>
         <kind>object</kind>
         <file>lcd_dogm128_6_alphabet.obj</file>
         <name>lcd_dogm128_6_alphabet.obj</name>
      </input_file>
      <input_file id="fl-32">
         <path>./components/lcd/</path>
         <kind>object</kind>
         <file>lcd_trxeb.obj</file>
         <name>lcd_trxeb.obj</name>
      </input_file>
      <input_file id="fl-33">
         <path>./components/interrupt/</path>
         <kind>object</kind>
         <file>trx_rf_int.obj</file>
         <name>trx_rf_int.obj</name>
      </input_file>
      <input_file id="fl-34">
         <path>./components/hostcmd/</path>
         <kind>object</kind>
         <file>circ_buf.obj</file>
         <name>circ_buf.obj</name>
      </input_file>
      <input_file id="fl-35">
         <path>./components/hostcmd/</path>
         <kind>object</kind>
         <file>host_cmd.obj</file>
         <name>host_cmd.obj</name>
      </input_file>
      <input_file id="fl-36">
         <path>./components/hostcmd/</path>
         <kind>object</kind>
         <file>uart_drv.obj</file>
         <name>uart_drv.obj</name>
      </input_file>
      <input_file id="fl-37">
         <path>./components/devices/cc112x/</path>
         <kind>object</kind>
         <file>cc112x_spi.obj</file>
         <name>cc112x_spi.obj</name>
      </input_file>
      <input_file id="fl-38">
         <path>./components/common/</path>
         <kind>object</kind>
         <file>hal_digio2.obj</file>
         <name>hal_digio2.obj</name>
      </input_file>
      <input_file id="fl-39">
         <path>./components/common/</path>
         <kind>object</kind>
         <file>hal_int.obj</file>
         <name>hal_int.obj</name>
      </input_file>
      <input_file id="fl-3a">
         <path>./components/bsp/</path>
         <kind>object</kind>
         <file>bsp.obj</file>
         <name>bsp.obj</name>
      </input_file>
      <input_file id="fl-3b">
         <path>./components/bsp/</path>
         <kind>object</kind>
         <file>bsp_key.obj</file>
         <name>bsp_key.obj</name>
      </input_file>
      <input_file id="fl-3c">
         <path>./components/bsp/</path>
         <kind>object</kind>
         <file>bsp_led.obj</file>
         <name>bsp_led.obj</name>
      </input_file>
      <input_file id="fl-3d">
         <path>./components/aes/</path>
         <kind>object</kind>
         <file>ti_aes_128.obj</file>
         <name>ti_aes_128.obj</name>
      </input_file>
      <input_file id="fl-3e">
         <path>./apps/</path>
         <kind>object</kind>
         <file>sigfox_demo.obj</file>
         <name>sigfox_demo.obj</name>
      </input_file>
      <input_file id="fl-47">
         <path>../sigfox_library_api/</path>
         <kind>archive</kind>
         <file>libsigfox.lib</file>
         <name>sigfox_frame.obj</name>
      </input_file>
      <input_file id="fl-48">
         <path>../sigfox_library_api/</path>
         <kind>archive</kind>
         <file>libsigfox.lib</file>
         <name>sigfox_hmac.obj</name>
      </input_file>
      <input_file id="fl-49">
         <path>../sigfox_library_api/</path>
         <kind>archive</kind>
         <file>libsigfox.lib</file>
         <name>sigfox_scramb.obj</name>
      </input_file>
      <input_file id="fl-4a">
         <path>../sigfox_library_api/</path>
         <kind>archive</kind>
         <file>libsigfox.lib</file>
         <name>sigfox_Pn9.obj</name>
      </input_file>
      <input_file id="fl-4b">
         <path>../sigfox_library_api/</path>
         <kind>archive</kind>
         <file>libsigfox.lib</file>
         <name>sigfox_crc.obj</name>
      </input_file>
      <input_file id="fl-4c">
         <path>../sigfox_library_api/</path>
         <kind>archive</kind>
         <file>libsigfox.lib</file>
         <name>sigfox_decode.obj</name>
      </input_file>
      <input_file id="fl-4d">
         <path>../sigfox_library_api/</path>
         <kind>archive</kind>
         <file>libsigfox.lib</file>
         <name>sigfox_bch.obj</name>
      </input_file>
      <input_file id="fl-7c">
         <path>/Applications/ti/ccsv6/tools/compiler/ti-cgt-msp430_4.4.4/lib/</path>
         <kind>archive</kind>
         <file>rts430x_lc_rd_eabi.lib</file>
         <name>boot.obj</name>
      </input_file>
      <input_file id="fl-7d">
         <path>/Applications/ti/ccsv6/tools/compiler/ti-cgt-msp430_4.4.4/lib/</path>
         <kind>archive</kind>
         <file>rts430x_lc_rd_eabi.lib</file>
         <name>boot_special.obj</name>
      </input_file>
      <input_file id="fl-7e">
         <path>/Applications/ti/ccsv6/tools/compiler/ti-cgt-msp430_4.4.4/lib/</path>
         <kind>archive</kind>
         <file>rts430x_lc_rd_eabi.lib</file>
         <name>copy_decompress_none.obj</name>
      </input_file>
      <input_file id="fl-7f">
         <path>/Applications/ti/ccsv6/tools/compiler/ti-cgt-msp430_4.4.4/lib/</path>
         <kind>archive</kind>
         <file>rts430x_lc_rd_eabi.lib</file>
         <name>copy_decompress_rle.obj</name>
      </input_file>
      <input_file id="fl-80">
         <path>/Applications/ti/ccsv6/tools/compiler/ti-cgt-msp430_4.4.4/lib/</path>
         <kind>archive</kind>
         <file>rts430x_lc_rd_eabi.lib</file>
         <name>copy_zero_init.obj</name>
      </input_file>
      <input_file id="fl-81">
         <path>/Applications/ti/ccsv6/tools/compiler/ti-cgt-msp430_4.4.4/lib/</path>
         <kind>archive</kind>
         <file>rts430x_lc_rd_eabi.lib</file>
         <name>cvtdf.obj</name>
      </input_file>
      <input_file id="fl-82">
         <path>/Applications/ti/ccsv6/tools/compiler/ti-cgt-msp430_4.4.4/lib/</path>
         <kind>archive</kind>
         <file>rts430x_lc_rd_eabi.lib</file>
         <name>cvtfd.obj</name>
      </input_file>
      <input_file id="fl-83">
         <path>/Applications/ti/ccsv6/tools/compiler/ti-cgt-msp430_4.4.4/lib/</path>
         <kind>archive</kind>
         <file>rts430x_lc_rd_eabi.lib</file>
         <name>div16s.obj</name>
      </input_file>
      <input_file id="fl-84">
         <path>/Applications/ti/ccsv6/tools/compiler/ti-cgt-msp430_4.4.4/lib/</path>
         <kind>archive</kind>
         <file>rts430x_lc_rd_eabi.lib</file>
         <name>div16u.obj</name>
      </input_file>
      <input_file id="fl-85">
         <path>/Applications/ti/ccsv6/tools/compiler/ti-cgt-msp430_4.4.4/lib/</path>
         <kind>archive</kind>
         <file>rts430x_lc_rd_eabi.lib</file>
         <name>div32s.obj</name>
      </input_file>
      <input_file id="fl-86">
         <path>/Applications/ti/ccsv6/tools/compiler/ti-cgt-msp430_4.4.4/lib/</path>
         <kind>archive</kind>
         <file>rts430x_lc_rd_eabi.lib</file>
         <name>div32u.obj</name>
      </input_file>
      <input_file id="fl-87">
         <path>/Applications/ti/ccsv6/tools/compiler/ti-cgt-msp430_4.4.4/lib/</path>
         <kind>archive</kind>
         <file>rts430x_lc_rd_eabi.lib</file>
         <name>exit.obj</name>
      </input_file>
      <input_file id="fl-88">
         <path>/Applications/ti/ccsv6/tools/compiler/ti-cgt-msp430_4.4.4/lib/</path>
         <kind>archive</kind>
         <file>rts430x_lc_rd_eabi.lib</file>
         <name>exit_gvars.obj</name>
      </input_file>
      <input_file id="fl-89">
         <path>/Applications/ti/ccsv6/tools/compiler/ti-cgt-msp430_4.4.4/lib/</path>
         <kind>archive</kind>
         <file>rts430x_lc_rd_eabi.lib</file>
         <name>fixdul.obj</name>
      </input_file>
      <input_file id="fl-8a">
         <path>/Applications/ti/ccsv6/tools/compiler/ti-cgt-msp430_4.4.4/lib/</path>
         <kind>archive</kind>
         <file>rts430x_lc_rd_eabi.lib</file>
         <name>fltuld.obj</name>
      </input_file>
      <input_file id="fl-8b">
         <path>/Applications/ti/ccsv6/tools/compiler/ti-cgt-msp430_4.4.4/lib/</path>
         <kind>archive</kind>
         <file>rts430x_lc_rd_eabi.lib</file>
         <name>fs_cmp.obj</name>
      </input_file>
      <input_file id="fl-8c">
         <path>/Applications/ti/ccsv6/tools/compiler/ti-cgt-msp430_4.4.4/lib/</path>
         <kind>archive</kind>
         <file>rts430x_lc_rd_eabi.lib</file>
         <name>fs_mpy.obj</name>
      </input_file>
      <input_file id="fl-8d">
         <path>/Applications/ti/ccsv6/tools/compiler/ti-cgt-msp430_4.4.4/lib/</path>
         <kind>archive</kind>
         <file>rts430x_lc_rd_eabi.lib</file>
         <name>fs_neg.obj</name>
      </input_file>
      <input_file id="fl-8e">
         <path>/Applications/ti/ccsv6/tools/compiler/ti-cgt-msp430_4.4.4/lib/</path>
         <kind>archive</kind>
         <file>rts430x_lc_rd_eabi.lib</file>
         <name>fs_tol.obj</name>
      </input_file>
      <input_file id="fl-8f">
         <path>/Applications/ti/ccsv6/tools/compiler/ti-cgt-msp430_4.4.4/lib/</path>
         <kind>archive</kind>
         <file>rts430x_lc_rd_eabi.lib</file>
         <name>int41.obj</name>
      </input_file>
      <input_file id="fl-90">
         <path>/Applications/ti/ccsv6/tools/compiler/ti-cgt-msp430_4.4.4/lib/</path>
         <kind>archive</kind>
         <file>rts430x_lc_rd_eabi.lib</file>
         <name>int43.obj</name>
      </input_file>
      <input_file id="fl-91">
         <path>/Applications/ti/ccsv6/tools/compiler/ti-cgt-msp430_4.4.4/lib/</path>
         <kind>archive</kind>
         <file>rts430x_lc_rd_eabi.lib</file>
         <name>int44.obj</name>
      </input_file>
      <input_file id="fl-92">
         <path>/Applications/ti/ccsv6/tools/compiler/ti-cgt-msp430_4.4.4/lib/</path>
         <kind>archive</kind>
         <file>rts430x_lc_rd_eabi.lib</file>
         <name>int45.obj</name>
      </input_file>
      <input_file id="fl-93">
         <path>/Applications/ti/ccsv6/tools/compiler/ti-cgt-msp430_4.4.4/lib/</path>
         <kind>archive</kind>
         <file>rts430x_lc_rd_eabi.lib</file>
         <name>int48.obj</name>
      </input_file>
      <input_file id="fl-94">
         <path>/Applications/ti/ccsv6/tools/compiler/ti-cgt-msp430_4.4.4/lib/</path>
         <kind>archive</kind>
         <file>rts430x_lc_rd_eabi.lib</file>
         <name>int50.obj</name>
      </input_file>
      <input_file id="fl-95">
         <path>/Applications/ti/ccsv6/tools/compiler/ti-cgt-msp430_4.4.4/lib/</path>
         <kind>archive</kind>
         <file>rts430x_lc_rd_eabi.lib</file>
         <name>int51.obj</name>
      </input_file>
      <input_file id="fl-96">
         <path>/Applications/ti/ccsv6/tools/compiler/ti-cgt-msp430_4.4.4/lib/</path>
         <kind>archive</kind>
         <file>rts430x_lc_rd_eabi.lib</file>
         <name>int52.obj</name>
      </input_file>
      <input_file id="fl-97">
         <path>/Applications/ti/ccsv6/tools/compiler/ti-cgt-msp430_4.4.4/lib/</path>
         <kind>archive</kind>
         <file>rts430x_lc_rd_eabi.lib</file>
         <name>int54.obj</name>
      </input_file>
      <input_file id="fl-98">
         <path>/Applications/ti/ccsv6/tools/compiler/ti-cgt-msp430_4.4.4/lib/</path>
         <kind>archive</kind>
         <file>rts430x_lc_rd_eabi.lib</file>
         <name>int55.obj</name>
      </input_file>
      <input_file id="fl-99">
         <path>/Applications/ti/ccsv6/tools/compiler/ti-cgt-msp430_4.4.4/lib/</path>
         <kind>archive</kind>
         <file>rts430x_lc_rd_eabi.lib</file>
         <name>int56.obj</name>
      </input_file>
      <input_file id="fl-9a">
         <path>/Applications/ti/ccsv6/tools/compiler/ti-cgt-msp430_4.4.4/lib/</path>
         <kind>archive</kind>
         <file>rts430x_lc_rd_eabi.lib</file>
         <name>int57.obj</name>
      </input_file>
      <input_file id="fl-9b">
         <path>/Applications/ti/ccsv6/tools/compiler/ti-cgt-msp430_4.4.4/lib/</path>
         <kind>archive</kind>
         <file>rts430x_lc_rd_eabi.lib</file>
         <name>int58.obj</name>
      </input_file>
      <input_file id="fl-9c">
         <path>/Applications/ti/ccsv6/tools/compiler/ti-cgt-msp430_4.4.4/lib/</path>
         <kind>archive</kind>
         <file>rts430x_lc_rd_eabi.lib</file>
         <name>int59.obj</name>
      </input_file>
      <input_file id="fl-9d">
         <path>/Applications/ti/ccsv6/tools/compiler/ti-cgt-msp430_4.4.4/lib/</path>
         <kind>archive</kind>
         <file>rts430x_lc_rd_eabi.lib</file>
         <name>int60.obj</name>
      </input_file>
      <input_file id="fl-9e">
         <path>/Applications/ti/ccsv6/tools/compiler/ti-cgt-msp430_4.4.4/lib/</path>
         <kind>archive</kind>
         <file>rts430x_lc_rd_eabi.lib</file>
         <name>int61.obj</name>
      </input_file>
      <input_file id="fl-9f">
         <path>/Applications/ti/ccsv6/tools/compiler/ti-cgt-msp430_4.4.4/lib/</path>
         <kind>archive</kind>
         <file>rts430x_lc_rd_eabi.lib</file>
         <name>int62.obj</name>
      </input_file>
      <input_file id="fl-a0">
         <path>/Applications/ti/ccsv6/tools/compiler/ti-cgt-msp430_4.4.4/lib/</path>
         <kind>archive</kind>
         <file>rts430x_lc_rd_eabi.lib</file>
         <name>isr_trap.obj</name>
      </input_file>
      <input_file id="fl-a1">
         <path>/Applications/ti/ccsv6/tools/compiler/ti-cgt-msp430_4.4.4/lib/</path>
         <kind>archive</kind>
         <file>rts430x_lc_rd_eabi.lib</file>
         <name>lsl16.obj</name>
      </input_file>
      <input_file id="fl-a2">
         <path>/Applications/ti/ccsv6/tools/compiler/ti-cgt-msp430_4.4.4/lib/</path>
         <kind>archive</kind>
         <file>rts430x_lc_rd_eabi.lib</file>
         <name>lsl32.obj</name>
      </input_file>
      <input_file id="fl-a3">
         <path>/Applications/ti/ccsv6/tools/compiler/ti-cgt-msp430_4.4.4/lib/</path>
         <kind>archive</kind>
         <file>rts430x_lc_rd_eabi.lib</file>
         <name>lsr16.obj</name>
      </input_file>
      <input_file id="fl-a4">
         <path>/Applications/ti/ccsv6/tools/compiler/ti-cgt-msp430_4.4.4/lib/</path>
         <kind>archive</kind>
         <file>rts430x_lc_rd_eabi.lib</file>
         <name>lsr32.obj</name>
      </input_file>
      <input_file id="fl-a5">
         <path>/Applications/ti/ccsv6/tools/compiler/ti-cgt-msp430_4.4.4/lib/</path>
         <kind>archive</kind>
         <file>rts430x_lc_rd_eabi.lib</file>
         <name>ltoa.obj</name>
      </input_file>
      <input_file id="fl-a6">
         <path>/Applications/ti/ccsv6/tools/compiler/ti-cgt-msp430_4.4.4/lib/</path>
         <kind>archive</kind>
         <file>rts430x_lc_rd_eabi.lib</file>
         <name>memcpy.obj</name>
      </input_file>
      <input_file id="fl-a7">
         <path>/Applications/ti/ccsv6/tools/compiler/ti-cgt-msp430_4.4.4/lib/</path>
         <kind>archive</kind>
         <file>rts430x_lc_rd_eabi.lib</file>
         <name>memset.obj</name>
      </input_file>
      <input_file id="fl-a8">
         <path>/Applications/ti/ccsv6/tools/compiler/ti-cgt-msp430_4.4.4/lib/</path>
         <kind>archive</kind>
         <file>rts430x_lc_rd_eabi.lib</file>
         <name>mpu_init.obj</name>
      </input_file>
      <input_file id="fl-a9">
         <path>/Applications/ti/ccsv6/tools/compiler/ti-cgt-msp430_4.4.4/lib/</path>
         <kind>archive</kind>
         <file>rts430x_lc_rd_eabi.lib</file>
         <name>mpyd.obj</name>
      </input_file>
      <input_file id="fl-aa">
         <path>/Applications/ti/ccsv6/tools/compiler/ti-cgt-msp430_4.4.4/lib/</path>
         <kind>archive</kind>
         <file>rts430x_lc_rd_eabi.lib</file>
         <name>mult16.obj</name>
      </input_file>
      <input_file id="fl-ab">
         <path>/Applications/ti/ccsv6/tools/compiler/ti-cgt-msp430_4.4.4/lib/</path>
         <kind>archive</kind>
         <file>rts430x_lc_rd_eabi.lib</file>
         <name>mult1632_f5hw.obj</name>
      </input_file>
      <input_file id="fl-ac">
         <path>/Applications/ti/ccsv6/tools/compiler/ti-cgt-msp430_4.4.4/lib/</path>
         <kind>archive</kind>
         <file>rts430x_lc_rd_eabi.lib</file>
         <name>mult16_f5hw.obj</name>
      </input_file>
      <input_file id="fl-ad">
         <path>/Applications/ti/ccsv6/tools/compiler/ti-cgt-msp430_4.4.4/lib/</path>
         <kind>archive</kind>
         <file>rts430x_lc_rd_eabi.lib</file>
         <name>mult32.obj</name>
      </input_file>
      <input_file id="fl-ae">
         <path>/Applications/ti/ccsv6/tools/compiler/ti-cgt-msp430_4.4.4/lib/</path>
         <kind>archive</kind>
         <file>rts430x_lc_rd_eabi.lib</file>
         <name>mult3264_f5hw.obj</name>
      </input_file>
      <input_file id="fl-af">
         <path>/Applications/ti/ccsv6/tools/compiler/ti-cgt-msp430_4.4.4/lib/</path>
         <kind>archive</kind>
         <file>rts430x_lc_rd_eabi.lib</file>
         <name>mult32_f5hw.obj</name>
      </input_file>
      <input_file id="fl-b0">
         <path>/Applications/ti/ccsv6/tools/compiler/ti-cgt-msp430_4.4.4/lib/</path>
         <kind>archive</kind>
         <file>rts430x_lc_rd_eabi.lib</file>
         <name>mult64_f5hw.obj</name>
      </input_file>
      <input_file id="fl-b1">
         <path>/Applications/ti/ccsv6/tools/compiler/ti-cgt-msp430_4.4.4/lib/</path>
         <kind>archive</kind>
         <file>rts430x_lc_rd_eabi.lib</file>
         <name>pre_init.obj</name>
      </input_file>
      <input_file id="fl-b2">
         <path>/Applications/ti/ccsv6/tools/compiler/ti-cgt-msp430_4.4.4/lib/</path>
         <kind>archive</kind>
         <file>rts430x_lc_rd_eabi.lib</file>
         <name>_lock.obj</name>
      </input_file>
      <input_file id="fl-b3">
         <path>/Applications/ti/ccsv6/tools/compiler/ti-cgt-msp430_4.4.4/lib/</path>
         <kind>archive</kind>
         <file>rts430x_lc_rd_eabi.lib</file>
         <name>abs.obj</name>
      </input_file>
      <input_file id="fl-b4">
         <path>/Applications/ti/ccsv6/tools/compiler/ti-cgt-msp430_4.4.4/lib/</path>
         <kind>archive</kind>
         <file>rts430x_lc_rd_eabi.lib</file>
         <name>args_main.obj</name>
      </input_file>
      <input_file id="fl-b5">
         <path>/Applications/ti/ccsv6/tools/compiler/ti-cgt-msp430_4.4.4/lib/</path>
         <kind>archive</kind>
         <file>rts430x_lc_rd_eabi.lib</file>
         <name>asr32.obj</name>
      </input_file>
      <input_file id="fl-b6">
         <path>/Applications/ti/ccsv6/tools/compiler/ti-cgt-msp430_4.4.4/lib/</path>
         <kind>archive</kind>
         <file>rts430x_lc_rd_eabi.lib</file>
         <name>autoinit_wdt.obj</name>
      </input_file>
      <input_file id="fl-b7">
         <path>/Applications/ti/ccsv6/tools/compiler/ti-cgt-msp430_4.4.4/lib/</path>
         <kind>archive</kind>
         <file>rts430x_lc_rd_eabi.lib</file>
         <name>frcmpyd.obj</name>
      </input_file>
   </input_file_list>
   <object_component_list>
      <object_component id="oc-58b">
         <name>.common:packetSemaphore</name>
         <uninitialized>true</uninitialized>
         <run_address>0x2624</run_address>
         <size>0x1</size>
      </object_component>
      <object_component id="oc-194">
         <name>.common:SysState</name>
         <uninitialized>true</uninitialized>
         <run_address>0x261e</run_address>
         <size>0x2</size>
      </object_component>
      <object_component id="oc-27e">
         <name>.common:DynamicMemoryTable</name>
         <uninitialized>true</uninitialized>
         <run_address>0x251e</run_address>
         <size>0xa4</size>
      </object_component>
      <object_component id="oc-27f">
         <name>.common:Table_64bytes</name>
         <uninitialized>true</uninitialized>
         <run_address>0x25f4</run_address>
         <size>0x6</size>
      </object_component>
      <object_component id="oc-286">
         <name>.common:Table_32bytes</name>
         <uninitialized>true</uninitialized>
         <run_address>0x25ee</run_address>
         <size>0x6</size>
      </object_component>
      <object_component id="oc-287">
         <name>.common:Table_30bytes</name>
         <uninitialized>true</uninitialized>
         <run_address>0x25d2</run_address>
         <size>0xc</size>
      </object_component>
      <object_component id="oc-288">
         <name>.common:Table_8bytes</name>
         <uninitialized>true</uninitialized>
         <run_address>0x25fa</run_address>
         <size>0x6</size>
      </object_component>
      <object_component id="oc-3db">
         <name>.common:NonVRam</name>
         <uninitialized>true</uninitialized>
         <run_address>0x2600</run_address>
         <size>0x4</size>
      </object_component>
      <object_component id="oc-638">
         <name>.common:b_Diff</name>
         <uninitialized>true</uninitialized>
         <run_address>0x2623</run_address>
         <size>0x1</size>
      </object_component>
      <object_component id="oc-55f">
         <name>.common:bit_index_in_frame</name>
         <uninitialized>true</uninitialized>
         <run_address>0x2620</run_address>
         <size>0x2</size>
      </object_component>
      <object_component id="oc-16e">
         <name>.common:uart_tx_buf</name>
         <uninitialized>true</uninitialized>
         <run_address>0x25e6</run_address>
         <size>0x8</size>
      </object_component>
      <object_component id="oc-17d">
         <name>.common:uart_rx_buf</name>
         <uninitialized>true</uninitialized>
         <run_address>0x25de</run_address>
         <size>0x8</size>
      </object_component>
      <object_component id="oc-18e">
         <name>.common:rx_str_length</name>
         <uninitialized>true</uninitialized>
         <run_address>0x2626</run_address>
         <size>0x1</size>
      </object_component>
      <object_component id="oc-18d">
         <name>.common:rx_end_of_str</name>
         <uninitialized>true</uninitialized>
         <run_address>0x2625</run_address>
         <size>0x1</size>
      </object_component>
      <object_component id="oc-4dc">
         <name>.common:ui32BspMclkSpeed</name>
         <uninitialized>true</uninitialized>
         <run_address>0x2618</run_address>
         <size>0x4</size>
      </object_component>
      <object_component id="oc-3a8">
         <name>.common:ui8BspKeyMode</name>
         <uninitialized>true</uninitialized>
         <run_address>0x2627</run_address>
         <size>0x1</size>
      </object_component>
      <object_component id="oc-2bf">
         <name>.common:frame</name>
         <uninitialized>true</uninitialized>
         <run_address>0x260c</run_address>
         <size>0x4</size>
      </object_component>
      <object_component id="oc-2c2">
         <name>.common:sending_frame</name>
         <uninitialized>true</uninitialized>
         <run_address>0x2610</run_address>
         <size>0x4</size>
      </object_component>
      <object_component id="oc-2c6">
         <name>.common:TxFrequency</name>
         <uninitialized>true</uninitialized>
         <run_address>0x2608</run_address>
         <size>0x4</size>
      </object_component>
      <object_component id="oc-2c8">
         <name>.common:RxFrequency</name>
         <uninitialized>true</uninitialized>
         <run_address>0x2604</run_address>
         <size>0x4</size>
      </object_component>
      <object_component id="oc-2c9">
         <name>.common:TxRepeatNb</name>
         <uninitialized>true</uninitialized>
         <run_address>0x2622</run_address>
         <size>0x1</size>
      </object_component>
      <object_component id="oc-424">
         <name>.common:u32_Gfrequency</name>
         <uninitialized>true</uninitialized>
         <run_address>0x2614</run_address>
         <size>0x4</size>
      </object_component>
      <object_component id="oc-2c7">
         <name>.common:Std</name>
         <uninitialized>true</uninitialized>
         <run_address>0x261c</run_address>
         <size>0x2</size>
      </object_component>
      <object_component id="oc-5a6">
         <name>.common:AES_IO</name>
         <uninitialized>true</uninitialized>
         <run_address>0x25c2</run_address>
         <size>0x10</size>
      </object_component>
      <object_component id="oc-cf">
         <name>.stack</name>
         <uninitialized>true</uninitialized>
         <run_address>0x4360</run_address>
         <size>0x4</size>
         <input_file_ref idref="fl-7c"/>
      </object_component>
      <object_component id="oc-711">
         <name>.stack</name>
         <uninitialized>true</uninitialized>
         <run_address>0x4360</run_address>
         <size>0x0</size>
      </object_component>
      <object_component id="oc-205">
         <name>.text:parseHostCmd</name>
         <load_address>0x10000</load_address>
         <run_address>0x10000</run_address>
         <size>0x85e</size>
         <input_file_ref idref="fl-35"/>
      </object_component>
      <object_component id="oc-5de">
         <name>.text:aes_enc_dec</name>
         <load_address>0x1085e</load_address>
         <run_address>0x1085e</run_address>
         <size>0x3c0</size>
         <input_file_ref idref="fl-3d"/>
      </object_component>
      <object_component id="oc-674">
         <name>.text:__TI_frcmpyd</name>
         <load_address>0x10c1e</load_address>
         <run_address>0x10c1e</run_address>
         <size>0x2e4</size>
         <input_file_ref idref="fl-b7"/>
      </object_component>
      <object_component id="oc-612">
         <name>.text:__mspabi_mpyd</name>
         <load_address>0x10f02</load_address>
         <run_address>0x10f02</run_address>
         <size>0x282</size>
         <input_file_ref idref="fl-a9"/>
      </object_component>
      <object_component id="oc-30e">
         <name>.text:change_frequency</name>
         <load_address>0x11184</load_address>
         <run_address>0x11184</run_address>
         <size>0x204</size>
         <input_file_ref idref="fl-47"/>
      </object_component>
      <object_component id="oc-47e">
         <name>.text:DecodeFrame</name>
         <load_address>0x11388</load_address>
         <run_address>0x11388</run_address>
         <size>0x1f4</size>
         <input_file_ref idref="fl-4c"/>
      </object_component>
      <object_component id="oc-34b">
         <name>.text:SfxTxTestMode</name>
         <load_address>0x1157c</load_address>
         <run_address>0x1157c</run_address>
         <size>0x1d8</size>
         <input_file_ref idref="fl-47"/>
      </object_component>
      <object_component id="oc-2f4">
         <name>.text:MakeFrame</name>
         <load_address>0x11754</load_address>
         <run_address>0x11754</run_address>
         <size>0x1ba</size>
         <input_file_ref idref="fl-47"/>
      </object_component>
      <object_component id="oc-1e1">
         <name>.text:SfxSendFrame</name>
         <load_address>0x1190e</load_address>
         <run_address>0x1190e</run_address>
         <size>0x172</size>
         <input_file_ref idref="fl-47"/>
      </object_component>
      <object_component id="oc-332">
         <name>.text:OutOfBandFrame</name>
         <load_address>0x11a80</load_address>
         <run_address>0x11a80</run_address>
         <size>0x16a</size>
         <input_file_ref idref="fl-47"/>
      </object_component>
      <object_component id="oc-39a">
         <name>.text:SfxSendBit</name>
         <load_address>0x11bea</load_address>
         <run_address>0x11bea</run_address>
         <size>0x156</size>
         <input_file_ref idref="fl-47"/>
      </object_component>
      <object_component id="oc-1c9">
         <name>.text:SfxInit</name>
         <load_address>0x11d40</load_address>
         <run_address>0x11d40</run_address>
         <size>0x126</size>
         <input_file_ref idref="fl-47"/>
      </object_component>
      <object_component id="oc-4df">
         <name>.text:bspMcuGetSystemClockSettings</name>
         <load_address>0x11e66</load_address>
         <run_address>0x11e66</run_address>
         <size>0x10c</size>
         <input_file_ref idref="fl-3a"/>
      </object_component>
      <object_component id="oc-57c">
         <name>.text:RADIO_modulate</name>
         <load_address>0x11f72</load_address>
         <run_address>0x11f72</run_address>
         <size>0x100</size>
         <input_file_ref idref="fl-2d"/>
      </object_component>
      <object_component id="oc-32c">
         <name>.text:ReceiveLoop</name>
         <load_address>0x12072</load_address>
         <run_address>0x12072</run_address>
         <size>0xee</size>
         <input_file_ref idref="fl-47"/>
      </object_component>
      <object_component id="oc-351">
         <name>.text:SfxRxTestMode</name>
         <load_address>0x12160</load_address>
         <run_address>0x12160</run_address>
         <size>0xd8</size>
         <input_file_ref idref="fl-47"/>
      </object_component>
      <object_component id="oc-478">
         <name>.text:sfx_waitframe</name>
         <load_address>0x12238</load_address>
         <run_address>0x12238</run_address>
         <size>0xd4</size>
         <input_file_ref idref="fl-2"/>
      </object_component>
      <object_component id="oc-4a9">
         <name>.text:sfx_PrintRxTestResult</name>
         <load_address>0x1230c</load_address>
         <run_address>0x1230c</run_address>
         <size>0xbe</size>
         <input_file_ref idref="fl-2"/>
      </object_component>
      <object_component id="oc-137">
         <name>.text:main</name>
         <load_address>0x123ca</load_address>
         <run_address>0x123ca</run_address>
         <size>0xba</size>
         <input_file_ref idref="fl-3e"/>
      </object_component>
      <object_component id="oc-3e5">
         <name>.text:flash_write_wear_level</name>
         <load_address>0x12484</load_address>
         <run_address>0x12484</run_address>
         <size>0xb0</size>
         <input_file_ref idref="fl-2f"/>
      </object_component>
      <object_component id="oc-54a">
         <name>.text:RADIO_change_frequency</name>
         <load_address>0x12534</load_address>
         <run_address>0x12534</run_address>
         <size>0xa8</size>
         <input_file_ref idref="fl-2d"/>
      </object_component>
      <object_component id="oc-3bd">
         <name>.text:bspSysClockSpeedSet</name>
         <load_address>0x125dc</load_address>
         <run_address>0x125dc</run_address>
         <size>0xa4</size>
         <input_file_ref idref="fl-3a"/>
      </object_component>
      <object_component id="oc-308">
         <name>.text:ComputeScrambling</name>
         <load_address>0x12680</load_address>
         <run_address>0x12680</run_address>
         <size>0x9c</size>
         <input_file_ref idref="fl-49"/>
      </object_component>
      <object_component id="oc-404">
         <name>.text:RADIO_init_chip</name>
         <load_address>0x1271c</load_address>
         <run_address>0x1271c</run_address>
         <size>0x98</size>
         <input_file_ref idref="fl-2d"/>
      </object_component>
      <object_component id="oc-1c3">
         <name>.text:resetCF</name>
         <load_address>0x127b4</load_address>
         <run_address>0x127b4</run_address>
         <size>0x96</size>
         <input_file_ref idref="fl-3e"/>
      </object_component>
      <object_component id="oc-515">
         <name>.text:sfx_AES_128_cbc_encrypt</name>
         <load_address>0x1284a</load_address>
         <run_address>0x1284a</run_address>
         <size>0x92</size>
         <input_file_ref idref="fl-2"/>
      </object_component>
      <object_component id="oc-371">
         <name>.text:ltoa</name>
         <load_address>0x128dc</load_address>
         <run_address>0x128dc</run_address>
         <size>0x80</size>
         <input_file_ref idref="fl-a5"/>
      </object_component>
      <object_component id="oc-3f1">
         <name>.text:ComputeAES</name>
         <load_address>0x1295c</load_address>
         <run_address>0x1295c</run_address>
         <size>0x7c</size>
         <input_file_ref idref="fl-48"/>
      </object_component>
      <object_component id="oc-60c">
         <name>.text:__mspabi_fltuld</name>
         <load_address>0x129d8</load_address>
         <run_address>0x129d8</run_address>
         <size>0x76</size>
         <input_file_ref idref="fl-8a"/>
      </object_component>
      <object_component id="oc-628">
         <name>.text:trxReadWriteBurstSingle</name>
         <load_address>0x12a4e</load_address>
         <run_address>0x12a4e</run_address>
         <size>0x76</size>
         <input_file_ref idref="fl-2c"/>
      </object_component>
      <object_component id="oc-5c4">
         <name>.text:bspMcuSetVCoreUp</name>
         <load_address>0x12ac4</load_address>
         <run_address>0x12ac4</run_address>
         <size>0x6e</size>
         <input_file_ref idref="fl-3a"/>
      </object_component>
      <object_component id="oc-2a2">
         <name>.text:halUartInit</name>
         <load_address>0x12b32</load_address>
         <run_address>0x12b32</run_address>
         <size>0x6e</size>
         <input_file_ref idref="fl-36"/>
      </object_component>
      <object_component id="oc-432">
         <name>.text:RADIO_start_rf_carrier</name>
         <load_address>0x12ba0</load_address>
         <run_address>0x12ba0</run_address>
         <size>0x6c</size>
         <input_file_ref idref="fl-2d"/>
      </object_component>
      <object_component id="oc-11d">
         <name>.text:_auto_init_hold_wdt</name>
         <load_address>0x12c0c</load_address>
         <run_address>0x12c0c</run_address>
         <size>0x6c</size>
         <input_file_ref idref="fl-b6"/>
      </object_component>
      <object_component id="oc-5a0">
         <name>.text:decode_bch</name>
         <load_address>0x12c78</load_address>
         <run_address>0x12c78</run_address>
         <size>0x6a</size>
         <input_file_ref idref="fl-4d"/>
      </object_component>
      <object_component id="oc-3dc">
         <name>.text:flash_read_wear_level</name>
         <load_address>0x12ce2</load_address>
         <run_address>0x12ce2</run_address>
         <size>0x6a</size>
         <input_file_ref idref="fl-2f"/>
      </object_component>
      <object_component id="oc-e0">
         <name>.text:__TI_decompress_rle_core</name>
         <load_address>0x12d4c</load_address>
         <run_address>0x12d4c</run_address>
         <size>0x68</size>
         <input_file_ref idref="fl-7f"/>
      </object_component>
      <object_component id="oc-618">
         <name>.text:__mspabi_fixdul</name>
         <load_address>0x12db4</load_address>
         <run_address>0x12db4</run_address>
         <size>0x68</size>
         <input_file_ref idref="fl-89"/>
      </object_component>
      <object_component id="oc-46c">
         <name>.text:Switch_frequency</name>
         <load_address>0x12e1c</load_address>
         <run_address>0x12e1c</run_address>
         <size>0x60</size>
         <input_file_ref idref="fl-47"/>
      </object_component>
      <object_component id="oc-2b9">
         <name>.text:sfx_malloc</name>
         <load_address>0x12e7c</load_address>
         <run_address>0x12e7c</run_address>
         <size>0x60</size>
         <input_file_ref idref="fl-2"/>
      </object_component>
      <object_component id="oc-314">
         <name>.text:sfx_send</name>
         <load_address>0x12edc</load_address>
         <run_address>0x12edc</run_address>
         <size>0x60</size>
         <input_file_ref idref="fl-2"/>
      </object_component>
      <object_component id="oc-5f5">
         <name>.text:halDigio2IntConnect</name>
         <load_address>0x12f3c</load_address>
         <run_address>0x12f3c</run_address>
         <size>0x5e</size>
         <input_file_ref idref="fl-38"/>
      </object_component>
      <object_component id="oc-2d0">
         <name>.text:Next_Pn11</name>
         <load_address>0x12f9a</load_address>
         <run_address>0x12f9a</run_address>
         <size>0x5c</size>
         <input_file_ref idref="fl-4a"/>
      </object_component>
      <object_component id="oc-2d6">
         <name>.text:Next_Pn9</name>
         <load_address>0x12ff6</load_address>
         <run_address>0x12ff6</run_address>
         <size>0x5c</size>
         <input_file_ref idref="fl-4a"/>
      </object_component>
      <object_component id="oc-450">
         <name>.text:RADIO_stop_rf_carrier</name>
         <load_address>0x13052</load_address>
         <run_address>0x13052</run_address>
         <size>0x5a</size>
         <input_file_ref idref="fl-2d"/>
      </object_component>
      <object_component id="oc-43e">
         <name>.text:cc112xSpiReadReg</name>
         <load_address>0x130ac</load_address>
         <run_address>0x130ac</run_address>
         <size>0x5a</size>
         <input_file_ref idref="fl-37"/>
      </object_component>
      <object_component id="oc-52f">
         <name>.text:cc112xSpiWriteReg</name>
         <load_address>0x13106</load_address>
         <run_address>0x13106</run_address>
         <size>0x5a</size>
         <input_file_ref idref="fl-37"/>
      </object_component>
      <object_component id="oc-3fd">
         <name>.text:sfx_free</name>
         <load_address>0x13160</load_address>
         <run_address>0x13160</run_address>
         <size>0x5a</size>
         <input_file_ref idref="fl-2"/>
      </object_component>
      <object_component id="oc-35c">
         <name>.text:stringToData</name>
         <load_address>0x131ba</load_address>
         <run_address>0x131ba</run_address>
         <size>0x5a</size>
         <input_file_ref idref="fl-35"/>
      </object_component>
      <object_component id="oc-1bd">
         <name>.text:initMCU</name>
         <load_address>0x13214</load_address>
         <run_address>0x13214</run_address>
         <size>0x58</size>
         <input_file_ref idref="fl-3e"/>
      </object_component>
      <object_component id="oc-41c">
         <name>.text</name>
         <load_address>0x1326c</load_address>
         <run_address>0x1326c</run_address>
         <size>0x58</size>
         <input_file_ref idref="fl-86"/>
      </object_component>
      <object_component id="oc-320">
         <name>.text:sfx_delay</name>
         <load_address>0x132c4</load_address>
         <run_address>0x132c4</run_address>
         <size>0x56</size>
         <input_file_ref idref="fl-2"/>
      </object_component>
      <object_component id="oc-506">
         <name>.text:flash_erase_segment</name>
         <load_address>0x1331a</load_address>
         <run_address>0x1331a</run_address>
         <size>0x4a</size>
         <input_file_ref idref="fl-2f"/>
      </object_component>
      <object_component id="oc-5fb">
         <name>.text:halDigio2IntSetEdge</name>
         <load_address>0x13364</load_address>
         <run_address>0x13364</run_address>
         <size>0x4a</size>
         <input_file_ref idref="fl-38"/>
      </object_component>
      <object_component id="oc-56e">
         <name>.text:trx16BitRegAccess</name>
         <load_address>0x133ae</load_address>
         <run_address>0x133ae</run_address>
         <size>0x48</size>
         <input_file_ref idref="fl-2c"/>
      </object_component>
      <object_component id="oc-1b7">
         <name>.text:dynamic_memory_init</name>
         <load_address>0x133f6</load_address>
         <run_address>0x133f6</run_address>
         <size>0x46</size>
         <input_file_ref idref="fl-3e"/>
      </object_component>
      <object_component id="oc-20b">
         <name>.text:bspKeyPushed</name>
         <load_address>0x1343c</load_address>
         <run_address>0x1343c</run_address>
         <size>0x44</size>
         <input_file_ref idref="fl-3b"/>
      </object_component>
      <object_component id="oc-500">
         <name>.text:flash_write_data</name>
         <load_address>0x13480</load_address>
         <run_address>0x13480</run_address>
         <size>0x42</size>
         <input_file_ref idref="fl-2f"/>
      </object_component>
      <object_component id="oc-4b6">
         <name>.text:hexToByte</name>
         <load_address>0x134c2</load_address>
         <run_address>0x134c2</run_address>
         <size>0x40</size>
         <input_file_ref idref="fl-35"/>
      </object_component>
      <object_component id="oc-4c1">
         <name>.text</name>
         <load_address>0x13502</load_address>
         <run_address>0x13502</run_address>
         <size>0x40</size>
         <input_file_ref idref="fl-85"/>
      </object_component>
      <object_component id="oc-377">
         <name>.text:SfxClose</name>
         <load_address>0x13542</load_address>
         <run_address>0x13542</run_address>
         <size>0x3e</size>
         <input_file_ref idref="fl-47"/>
      </object_component>
      <object_component id="oc-697">
         <name>.text:l_asr_const</name>
         <load_address>0x13580</load_address>
         <run_address>0x13580</run_address>
         <size>0x3e</size>
         <input_file_ref idref="fl-b5"/>
      </object_component>
      <object_component id="oc-596">
         <name>.text:l_lsl_const</name>
         <load_address>0x135be</load_address>
         <run_address>0x135be</run_address>
         <size>0x3e</size>
         <input_file_ref idref="fl-a2"/>
      </object_component>
      <object_component id="oc-61e">
         <name>.text:l_lsr_const</name>
         <load_address>0x135fc</load_address>
         <run_address>0x135fc</run_address>
         <size>0x3e</size>
         <input_file_ref idref="fl-a4"/>
      </object_component>
      <object_component id="oc-29c">
         <name>.text:trxRfSpiInterfaceInit</name>
         <load_address>0x1363a</load_address>
         <run_address>0x1363a</run_address>
         <size>0x3e</size>
         <input_file_ref idref="fl-2c"/>
      </object_component>
      <object_component id="oc-568">
         <name>.text:trx8BitRegAccess</name>
         <load_address>0x13678</load_address>
         <run_address>0x13678</run_address>
         <size>0x3a</size>
         <input_file_ref idref="fl-2c"/>
      </object_component>
      <object_component id="oc-177">
         <name>.text:circBufGetData</name>
         <load_address>0x136b2</load_address>
         <run_address>0x136b2</run_address>
         <size>0x38</size>
         <input_file_ref idref="fl-34"/>
      </object_component>
      <object_component id="oc-17e">
         <name>.text:circBufPutData</name>
         <load_address>0x136ea</load_address>
         <run_address>0x136ea</run_address>
         <size>0x36</size>
         <input_file_ref idref="fl-34"/>
      </object_component>
      <object_component id="oc-3f7">
         <name>.text:crc16</name>
         <load_address>0x13720</load_address>
         <run_address>0x13720</run_address>
         <size>0x36</size>
         <input_file_ref idref="fl-4b"/>
      </object_component>
      <object_component id="oc-280">
         <name>.text:memory_block_init</name>
         <load_address>0x13756</load_address>
         <run_address>0x13756</run_address>
         <size>0x36</size>
         <input_file_ref idref="fl-3e"/>
      </object_component>
      <object_component id="oc-5a9">
         <name>.text:crc8</name>
         <load_address>0x1378c</load_address>
         <run_address>0x1378c</run_address>
         <size>0x32</size>
         <input_file_ref idref="fl-4b"/>
      </object_component>
      <object_component id="oc-5ca">
         <name>.text:bspMcuSetVCoreDown</name>
         <load_address>0x137be</load_address>
         <run_address>0x137be</run_address>
         <size>0x30</size>
         <input_file_ref idref="fl-3a"/>
      </object_component>
      <object_component id="oc-4eb">
         <name>.text:bspAssert</name>
         <load_address>0x137ee</load_address>
         <run_address>0x137ee</run_address>
         <size>0x2e</size>
         <input_file_ref idref="fl-3a"/>
      </object_component>
      <object_component id="oc-3b7">
         <name>.text:bspMcuStartXT1</name>
         <load_address>0x1381c</load_address>
         <run_address>0x1381c</run_address>
         <size>0x2e</size>
         <input_file_ref idref="fl-3a"/>
      </object_component>
      <object_component id="oc-363">
         <name>.text:byteToHex</name>
         <load_address>0x1384a</load_address>
         <run_address>0x1384a</run_address>
         <size>0x2e</size>
         <input_file_ref idref="fl-35"/>
      </object_component>
      <object_component id="oc-666">
         <name>.text:halDigio2IntClear</name>
         <load_address>0x13878</load_address>
         <run_address>0x13878</run_address>
         <size>0x2e</size>
         <input_file_ref idref="fl-38"/>
      </object_component>
      <object_component id="oc-394">
         <name>.text:dataToString</name>
         <load_address>0x138a6</load_address>
         <run_address>0x138a6</run_address>
         <size>0x2c</size>
         <input_file_ref idref="fl-35"/>
      </object_component>
      <object_component id="oc-357">
         <name>.text</name>
         <load_address>0x138d2</load_address>
         <run_address>0x138d2</run_address>
         <size>0x2c</size>
         <input_file_ref idref="fl-83"/>
      </object_component>
      <object_component id="oc-51f">
         <name>.text:free_memory_block</name>
         <load_address>0x138fe</load_address>
         <run_address>0x138fe</run_address>
         <size>0x2a</size>
         <input_file_ref idref="fl-2"/>
      </object_component>
      <object_component id="oc-603">
         <name>.text:halDigio2IntEnable</name>
         <load_address>0x13928</load_address>
         <run_address>0x13928</run_address>
         <size>0x2a</size>
         <input_file_ref idref="fl-38"/>
      </object_component>
      <object_component id="oc-1e7">
         <name>.text:GPIO_setAsOutputPin</name>
         <load_address>0x13952</load_address>
         <run_address>0x13952</run_address>
         <size>0x28</size>
         <input_file_ref idref="fl-11"/>
      </object_component>
      <object_component id="oc-2ca">
         <name>.text:sfx_get_nv_mem</name>
         <load_address>0x1397a</load_address>
         <run_address>0x1397a</run_address>
         <size>0x28</size>
         <input_file_ref idref="fl-2"/>
      </object_component>
      <object_component id="oc-290">
         <name>.text:bspKeyInit</name>
         <load_address>0x139a2</load_address>
         <run_address>0x139a2</run_address>
         <size>0x26</size>
         <input_file_ref idref="fl-3b"/>
      </object_component>
      <object_component id="oc-526">
         <name>.text:trxSpiCmdStrobe</name>
         <load_address>0x139c8</load_address>
         <run_address>0x139c8</run_address>
         <size>0x26</size>
         <input_file_ref idref="fl-2c"/>
      </object_component>
      <object_component id="oc-576">
         <name>.text:Read_Bit</name>
         <load_address>0x139ee</load_address>
         <run_address>0x139ee</run_address>
         <size>0x24</size>
         <input_file_ref idref="fl-2e"/>
      </object_component>
      <object_component id="oc-4e5">
         <name>.text:bspMcuSetVCore</name>
         <load_address>0x13a12</load_address>
         <run_address>0x13a12</run_address>
         <size>0x24</size>
         <input_file_ref idref="fl-3a"/>
      </object_component>
      <object_component id="oc-8d">
         <name>.text:decompress:ZI:__TI_zero_init</name>
         <load_address>0x13a36</load_address>
         <run_address>0x13a36</run_address>
         <size>0x24</size>
         <input_file_ref idref="fl-80"/>
      </object_component>
      <object_component id="oc-457">
         <name>.text:TIMER_downlink_timing_init</name>
         <load_address>0x13a5a</load_address>
         <run_address>0x13a5a</run_address>
         <size>0x22</size>
         <input_file_ref idref="fl-2b"/>
      </object_component>
      <object_component id="oc-444">
         <name>.text:TxProcess</name>
         <load_address>0x13a7c</load_address>
         <run_address>0x13a7c</run_address>
         <size>0x22</size>
         <input_file_ref idref="fl-2e"/>
      </object_component>
      <object_component id="oc-171">
         <name>.text:circBufRemainder</name>
         <load_address>0x13a9e</load_address>
         <run_address>0x13a9e</run_address>
         <size>0x22</size>
         <input_file_ref idref="fl-34"/>
      </object_component>
      <object_component id="oc-389">
         <name>.text</name>
         <load_address>0x13ac0</load_address>
         <run_address>0x13ac0</run_address>
         <size>0x22</size>
         <input_file_ref idref="fl-af"/>
      </object_component>
      <object_component id="oc-1ff">
         <name>.text:uartGetStr</name>
         <load_address>0x13ae2</load_address>
         <run_address>0x13ae2</run_address>
         <size>0x22</size>
         <input_file_ref idref="fl-36"/>
      </object_component>
      <object_component id="oc-296">
         <name>.text:bspLedInit</name>
         <load_address>0x13b04</load_address>
         <run_address>0x13b04</run_address>
         <size>0x20</size>
         <input_file_ref idref="fl-3c"/>
      </object_component>
      <object_component id="oc-2fa">
         <name>.text:sfx_init</name>
         <load_address>0x13b24</load_address>
         <run_address>0x13b24</run_address>
         <size>0x20</size>
         <input_file_ref idref="fl-2"/>
      </object_component>
      <object_component id="oc-53b">
         <name>.text:trxIsrConnect</name>
         <load_address>0x13b44</load_address>
         <run_address>0x13b44</run_address>
         <size>0x20</size>
         <input_file_ref idref="fl-33"/>
      </object_component>
      <object_component id="oc-38e">
         <name>.text:uartPutStr</name>
         <load_address>0x13b64</load_address>
         <run_address>0x13b64</run_address>
         <size>0x20</size>
         <input_file_ref idref="fl-36"/>
      </object_component>
      <object_component id="oc-28a">
         <name>.text:bspInit</name>
         <load_address>0x13b84</load_address>
         <run_address>0x13b84</run_address>
         <size>0x1e</size>
         <input_file_ref idref="fl-3a"/>
      </object_component>
      <object_component id="oc-2dc">
         <name>.text:sfx_set_nv_mem</name>
         <load_address>0x13ba2</load_address>
         <run_address>0x13ba2</run_address>
         <size>0x1c</size>
         <input_file_ref idref="fl-2"/>
      </object_component>
      <object_component id="oc-2a8">
         <name>.text:TIMER_bitrate_init</name>
         <load_address>0x13bbe</load_address>
         <run_address>0x13bbe</run_address>
         <size>0x1a</size>
         <input_file_ref idref="fl-2b"/>
      </object_component>
      <object_component id="oc-37d">
         <name>.text:RADIO_stop_unmodulated_cw</name>
         <load_address>0x13bd8</load_address>
         <run_address>0x13bd8</run_address>
         <size>0x18</size>
         <input_file_ref idref="fl-2d"/>
      </object_component>
      <object_component id="oc-1cf">
         <name>.text:bspLedClear</name>
         <load_address>0x13bf0</load_address>
         <run_address>0x13bf0</run_address>
         <size>0x18</size>
         <input_file_ref idref="fl-3c"/>
      </object_component>
      <object_component id="oc-1d5">
         <name>.text:bspLedSet</name>
         <load_address>0x13c08</load_address>
         <run_address>0x13c08</run_address>
         <size>0x18</size>
         <input_file_ref idref="fl-3c"/>
      </object_component>
      <object_component id="oc-4f8">
         <name>.text:flash_read_data</name>
         <load_address>0x13c20</load_address>
         <run_address>0x13c20</run_address>
         <size>0x18</size>
         <input_file_ref idref="fl-2f"/>
      </object_component>
      <object_component id="oc-238">
         <name>.text:halUartStartTx</name>
         <load_address>0x13c38</load_address>
         <run_address>0x13c38</run_address>
         <size>0x18</size>
         <input_file_ref idref="fl-36"/>
      </object_component>
      <object_component id="oc-342">
         <name>.text:memset</name>
         <load_address>0x13c50</load_address>
         <run_address>0x13c50</run_address>
         <size>0x16</size>
         <input_file_ref idref="fl-a7"/>
      </object_component>
      <object_component id="oc-4b0">
         <name>.text</name>
         <load_address>0x13c66</load_address>
         <run_address>0x13c66</run_address>
         <size>0x16</size>
         <input_file_ref idref="fl-84"/>
      </object_component>
      <object_component id="oc-300">
         <name>.text</name>
         <load_address>0x13c7c</load_address>
         <run_address>0x13c7c</run_address>
         <size>0x16</size>
         <input_file_ref idref="fl-ac"/>
      </object_component>
      <object_component id="oc-48b">
         <name>.text:sfx_get_voltage_temperature</name>
         <load_address>0x13c92</load_address>
         <run_address>0x13c92</run_address>
         <size>0x16</size>
         <input_file_ref idref="fl-2"/>
      </object_component>
      <object_component id="oc-5ee">
         <name>.text:trxClearIntFlag</name>
         <load_address>0x13ca8</load_address>
         <run_address>0x13ca8</run_address>
         <size>0x16</size>
         <input_file_ref idref="fl-33"/>
      </object_component>
      <object_component id="oc-541">
         <name>.text:trxEnableInt</name>
         <load_address>0x13cbe</load_address>
         <run_address>0x13cbe</run_address>
         <size>0x16</size>
         <input_file_ref idref="fl-33"/>
      </object_component>
      <object_component id="oc-d3">
         <name>.text:memcpy</name>
         <load_address>0x13cd4</load_address>
         <run_address>0x13cd4</run_address>
         <size>0x14</size>
         <input_file_ref idref="fl-a6"/>
      </object_component>
      <object_component id="oc-466">
         <name>.text:sfx_WaitForTimeoutRx</name>
         <load_address>0x13ce8</load_address>
         <run_address>0x13ce8</run_address>
         <size>0x14</size>
         <input_file_ref idref="fl-2"/>
      </object_component>
      <object_component id="oc-6b">
         <name>.text:decompress:none:__TI_decompress_none</name>
         <load_address>0x13cfc</load_address>
         <run_address>0x13cfc</run_address>
         <size>0x12</size>
         <input_file_ref idref="fl-7e"/>
      </object_component>
      <object_component id="oc-58c">
         <name>.text:cc112xSpiReadRxFifo</name>
         <load_address>0x13d0e</load_address>
         <run_address>0x13d0e</run_address>
         <size>0x10</size>
         <input_file_ref idref="fl-37"/>
      </object_component>
      <object_component id="oc-65b">
         <name>.text:galois_mul2</name>
         <load_address>0x13d1e</load_address>
         <run_address>0x13d1e</run_address>
         <size>0x10</size>
         <input_file_ref idref="fl-3d"/>
      </object_component>
      <object_component id="oc-59b">
         <name>.text:l_lsl</name>
         <load_address>0x13d2e</load_address>
         <run_address>0x13d2e</run_address>
         <size>0x10</size>
         <input_file_ref idref="fl-a2"/>
      </object_component>
      <object_component id="oc-36c">
         <name>.text:l_lsr</name>
         <load_address>0x13d3e</load_address>
         <run_address>0x13d3e</run_address>
         <size>0x10</size>
         <input_file_ref idref="fl-a4"/>
      </object_component>
      <object_component id="oc-438">
         <name>.text:TIMER_bitrate_start</name>
         <load_address>0x13d4e</load_address>
         <run_address>0x13d4e</run_address>
         <size>0xe</size>
         <input_file_ref idref="fl-2b"/>
      </object_component>
      <object_component id="oc-187">
         <name>.text:uartPutChar</name>
         <load_address>0x13d5c</load_address>
         <run_address>0x13d5c</run_address>
         <size>0xe</size>
         <input_file_ref idref="fl-36"/>
      </object_component>
      <object_component id="oc-44a">
         <name>.text:TIMER_bitrate_stop</name>
         <load_address>0x13d6a</load_address>
         <run_address>0x13d6a</run_address>
         <size>0xc</size>
         <input_file_ref idref="fl-2b"/>
      </object_component>
      <object_component id="oc-484">
         <name>.text:sfx_StopRxTimeout</name>
         <load_address>0x13d76</load_address>
         <run_address>0x13d76</run_address>
         <size>0xc</size>
         <input_file_ref idref="fl-2"/>
      </object_component>
      <object_component id="oc-383">
         <name>.text:RADIO_start_unmodulated_cw</name>
         <load_address>0x13d82</load_address>
         <run_address>0x13d82</run_address>
         <size>0xa</size>
         <input_file_ref idref="fl-2d"/>
      </object_component>
      <object_component id="oc-4c6">
         <name>.text:abs</name>
         <load_address>0x13d8c</load_address>
         <run_address>0x13d8c</run_address>
         <size>0xa</size>
         <input_file_ref idref="fl-b3"/>
      </object_component>
      <object_component id="oc-164">
         <name>.text</name>
         <load_address>0x13d96</load_address>
         <run_address>0x13d96</run_address>
         <size>0xa</size>
         <input_file_ref idref="fl-a1"/>
      </object_component>
      <object_component id="oc-632">
         <name>.text</name>
         <load_address>0x13da0</load_address>
         <run_address>0x13da0</run_address>
         <size>0xa</size>
         <input_file_ref idref="fl-a3"/>
      </object_component>
      <object_component id="oc-45f">
         <name>.text:RADIO_close_chip</name>
         <load_address>0x13daa</load_address>
         <run_address>0x13daa</run_address>
         <size>0x8</size>
         <input_file_ref idref="fl-2d"/>
      </object_component>
      <object_component id="oc-535">
         <name>.text:RADIO_rx_packet_interrupt_handler</name>
         <load_address>0x13db2</load_address>
         <run_address>0x13db2</run_address>
         <size>0x8</size>
         <input_file_ref idref="fl-2d"/>
      </object_component>
      <object_component id="oc-472">
         <name>.text:sfx_StartRxTimeout</name>
         <load_address>0x13dba</load_address>
         <run_address>0x13dba</run_address>
         <size>0x8</size>
         <input_file_ref idref="fl-2"/>
      </object_component>
      <object_component id="oc-31a">
         <name>.text:sfx_StartWaitingTimeout</name>
         <load_address>0x13dc2</load_address>
         <run_address>0x13dc2</run_address>
         <size>0x8</size>
         <input_file_ref idref="fl-2"/>
      </object_component>
      <object_component id="oc-425">
         <name>.text:sfx_change_frequency</name>
         <load_address>0x13dca</load_address>
         <run_address>0x13dca</run_address>
         <size>0x8</size>
         <input_file_ref idref="fl-2"/>
      </object_component>
      <object_component id="oc-326">
         <name>.text:sfx_close</name>
         <load_address>0x13dd2</load_address>
         <run_address>0x13dd2</run_address>
         <size>0x8</size>
         <input_file_ref idref="fl-2"/>
      </object_component>
      <object_component id="oc-491">
         <name>.text:sfx_getrssivalue</name>
         <load_address>0x13dda</load_address>
         <run_address>0x13dda</run_address>
         <size>0x8</size>
         <input_file_ref idref="fl-2"/>
      </object_component>
      <object_component id="oc-42c">
         <name>.text:TxInit</name>
         <load_address>0x13de2</load_address>
         <run_address>0x13de2</run_address>
         <size>0x6</size>
         <input_file_ref idref="fl-2e"/>
      </object_component>
      <object_component id="oc-71">
         <name>.text:decompress:rle24:__TI_decompress_rle24</name>
         <load_address>0x13de8</load_address>
         <run_address>0x13de8</run_address>
         <size>0x6</size>
         <input_file_ref idref="fl-7f"/>
      </object_component>
      <object_component id="oc-1ed">
         <name>.text:uartGetRxEndOfStr</name>
         <load_address>0x13dee</load_address>
         <run_address>0x13dee</run_address>
         <size>0x6</size>
         <input_file_ref idref="fl-36"/>
      </object_component>
      <object_component id="oc-1f9">
         <name>.text:uartGetRxStrLength</name>
         <load_address>0x13df4</load_address>
         <run_address>0x13df4</run_address>
         <size>0x6</size>
         <input_file_ref idref="fl-36"/>
      </object_component>
      <object_component id="oc-1f3">
         <name>.text:uartResetRxEndOfStr</name>
         <load_address>0x13dfa</load_address>
         <run_address>0x13dfa</run_address>
         <size>0x6</size>
         <input_file_ref idref="fl-36"/>
      </object_component>
      <object_component id="oc-117">
         <name>.text:_system_pre_init</name>
         <load_address>0x13e00</load_address>
         <run_address>0x13e00</run_address>
         <size>0x4</size>
         <input_file_ref idref="fl-b1"/>
      </object_component>
      <object_component id="oc-13f">
         <name>.text:abort</name>
         <load_address>0x13e04</load_address>
         <run_address>0x13e04</run_address>
         <size>0x4</size>
         <input_file_ref idref="fl-87"/>
      </object_component>
      <object_component id="oc-f8">
         <name>.text:_isr:USCI_A1_ISR</name>
         <load_address>0x4400</load_address>
         <run_address>0x4400</run_address>
         <size>0x84</size>
         <input_file_ref idref="fl-36"/>
      </object_component>
      <object_component id="oc-fe">
         <name>.text:_isr:port1_ISR</name>
         <load_address>0x4484</load_address>
         <run_address>0x4484</run_address>
         <size>0x4e</size>
         <input_file_ref idref="fl-38"/>
      </object_component>
      <object_component id="oc-f2">
         <name>.text:_isr:port2_ISR</name>
         <load_address>0x44d2</load_address>
         <run_address>0x44d2</run_address>
         <size>0x4e</size>
         <input_file_ref idref="fl-38"/>
      </object_component>
      <object_component id="oc-10a">
         <name>.text:_isr:TIMER0_A0_ISR</name>
         <load_address>0x4520</load_address>
         <run_address>0x4520</run_address>
         <size>0x20</size>
         <input_file_ref idref="fl-2b"/>
      </object_component>
      <object_component id="oc-ab">
         <name>.text:_isr:_c_int00_noargs_noexit</name>
         <load_address>0x4540</load_address>
         <run_address>0x4540</run_address>
         <size>0x1a</size>
         <input_file_ref idref="fl-7d"/>
      </object_component>
      <object_component id="oc-104">
         <name>.text:_isr:TIMER1_A0_ISR</name>
         <load_address>0x455a</load_address>
         <run_address>0x455a</run_address>
         <size>0x8</size>
         <input_file_ref idref="fl-2b"/>
      </object_component>
      <object_component id="oc-ed">
         <name>.text:_isr:__TI_ISR_TRAP</name>
         <load_address>0x4562</load_address>
         <run_address>0x4562</run_address>
         <size>0x6</size>
         <input_file_ref idref="fl-a0"/>
      </object_component>
      <object_component id="oc-70c">
         <name>.cinit..data.load</name>
         <load_address>0x4a56</load_address>
         <run_address>0x4a56</run_address>
         <size>0x3e</size>
      </object_component>
      <object_component id="oc-709">
         <name>__TI_handler_table</name>
         <load_address>0x4a94</load_address>
         <run_address>0x4a94</run_address>
         <size>0xc</size>
      </object_component>
      <object_component id="oc-710">
         <name>.cinit..TI.bound:flash_array.load</name>
         <load_address>0x4aa0</load_address>
         <run_address>0x4aa0</run_address>
         <size>0x6</size>
      </object_component>
      <object_component id="oc-70b">
         <name>.cinit..bss.load</name>
         <load_address>0x4aa6</load_address>
         <run_address>0x4aa6</run_address>
         <size>0x6</size>
      </object_component>
      <object_component id="oc-70d">
         <name>.cinit..infoA.load</name>
         <load_address>0x4aac</load_address>
         <run_address>0x4aac</run_address>
         <size>0x6</size>
      </object_component>
      <object_component id="oc-70e">
         <name>.cinit..infoB.load</name>
         <load_address>0x4ab2</load_address>
         <run_address>0x4ab2</run_address>
         <size>0x6</size>
      </object_component>
      <object_component id="oc-70f">
         <name>.cinit..infoC.load</name>
         <load_address>0x4ab8</load_address>
         <run_address>0x4ab8</run_address>
         <size>0x6</size>
      </object_component>
      <object_component id="oc-70a">
         <name>__TI_cinit_table</name>
         <load_address>0x4abe</load_address>
         <run_address>0x4abe</run_address>
         <size>0x30</size>
      </object_component>
      <object_component id="oc-661">
         <name>.const:.string:rsbox</name>
         <load_address>0x4568</load_address>
         <run_address>0x4568</run_address>
         <size>0x100</size>
         <input_file_ref idref="fl-3d"/>
      </object_component>
      <object_component id="oc-658">
         <name>.const:.string:sbox</name>
         <load_address>0x4668</load_address>
         <run_address>0x4668</run_address>
         <size>0x100</size>
         <input_file_ref idref="fl-3d"/>
      </object_component>
      <object_component id="oc-563">
         <name>.const:Table_Pa_600bps</name>
         <load_address>0x4768</load_address>
         <run_address>0x4768</run_address>
         <size>0xd4</size>
         <input_file_ref idref="fl-2d"/>
      </object_component>
      <object_component id="oc-52c">
         <name>.const:HighPerfModeRx</name>
         <load_address>0x483c</load_address>
         <run_address>0x483c</run_address>
         <size>0xa8</size>
         <input_file_ref idref="fl-2d"/>
      </object_component>
      <object_component id="oc-547">
         <name>.const:HighPerfModeTx</name>
         <load_address>0x48e4</load_address>
         <run_address>0x48e4</run_address>
         <size>0x6c</size>
         <input_file_ref idref="fl-2d"/>
      </object_component>
      <object_component id="oc-305">
         <name>.const:fsync_lut_tx</name>
         <load_address>0x4950</load_address>
         <run_address>0x4950</run_address>
         <size>0x54</size>
         <input_file_ref idref="fl-47"/>
      </object_component>
      <object_component id="oc-339">
         <name>.const:GPIO_PORT_TO_BASE</name>
         <load_address>0x49a4</load_address>
         <run_address>0x49a4</run_address>
         <size>0x1c</size>
         <input_file_ref idref="fl-11"/>
      </object_component>
      <object_component id="oc-362">
         <name>.const:.string</name>
         <load_address>0x49c0</load_address>
         <run_address>0x49c0</run_address>
         <size>0x12</size>
         <input_file_ref idref="fl-35"/>
      </object_component>
      <object_component id="oc-4a5">
         <name>.const:.string:TestModeTable</name>
         <load_address>0x49d2</load_address>
         <run_address>0x49d2</run_address>
         <size>0x10</size>
         <input_file_ref idref="fl-47"/>
      </object_component>
      <object_component id="oc-512">
         <name>.const:.string:iv</name>
         <load_address>0x49e2</load_address>
         <run_address>0x49e2</run_address>
         <size>0x10</size>
         <input_file_ref idref="fl-48"/>
      </object_component>
      <object_component id="oc-644">
         <name>.const:.string:log_alpha</name>
         <load_address>0x49f2</load_address>
         <run_address>0x49f2</run_address>
         <size>0x10</size>
         <input_file_ref idref="fl-4d"/>
      </object_component>
      <object_component id="oc-3ee">
         <name>.const:.string:lg_lut</name>
         <load_address>0x4a02</load_address>
         <run_address>0x4a02</run_address>
         <size>0xf</size>
         <input_file_ref idref="fl-47"/>
      </object_component>
      <object_component id="oc-641">
         <name>.const:.string:pow_alpha</name>
         <load_address>0x4a12</load_address>
         <run_address>0x4a12</run_address>
         <size>0xf</size>
         <input_file_ref idref="fl-4d"/>
      </object_component>
      <object_component id="oc-40e">
         <name>.const:lut_in_0_out</name>
         <load_address>0x4a22</load_address>
         <run_address>0x4a22</run_address>
         <size>0xc</size>
         <input_file_ref idref="fl-49"/>
      </object_component>
      <object_component id="oc-414">
         <name>.const:lut_in_1_out</name>
         <load_address>0x4a2e</load_address>
         <run_address>0x4a2e</run_address>
         <size>0xc</size>
         <input_file_ref idref="fl-49"/>
      </object_component>
      <object_component id="oc-655">
         <name>.const:.string:Rcon</name>
         <load_address>0x4a3a</load_address>
         <run_address>0x4a3a</run_address>
         <size>0xa</size>
         <input_file_ref idref="fl-3d"/>
      </object_component>
      <object_component id="oc-5b7">
         <name>.const:.string</name>
         <load_address>0x4a44</load_address>
         <run_address>0x4a44</run_address>
         <size>0xa</size>
         <input_file_ref idref="fl-2"/>
      </object_component>
      <object_component id="oc-411">
         <name>.const:.string:lut_in_0</name>
         <load_address>0x4a4e</load_address>
         <run_address>0x4a4e</run_address>
         <size>0x4</size>
         <input_file_ref idref="fl-49"/>
      </object_component>
      <object_component id="oc-417">
         <name>.const:.string:lut_in_1</name>
         <load_address>0x4a52</load_address>
         <run_address>0x4a52</run_address>
         <size>0x4</size>
         <input_file_ref idref="fl-49"/>
      </object_component>
      <object_component id="oc-369">
         <name>.infoA</name>
         <uninitialized>true</uninitialized>
         <run_address>0x1980</run_address>
         <size>0x14</size>
         <input_file_ref idref="fl-3e"/>
      </object_component>
      <object_component id="oc-2b2">
         <name>.infoB</name>
         <uninitialized>true</uninitialized>
         <run_address>0x1900</run_address>
         <size>0x4</size>
         <input_file_ref idref="fl-3e"/>
      </object_component>
      <object_component id="oc-2af">
         <name>.infoC</name>
         <uninitialized>true</uninitialized>
         <run_address>0x1880</run_address>
[...]
         <name>TxFrequency</name>
         <value>0x1880</value>
         <object_component_ref idref="oc-2af"/>
      </symbol>
      <symbol id="sm-93b">
         <name>RxFrequency</name>
         <value>0x1900</value>
         <object_component_ref idref="oc-2b2"/>
      </symbol>
      <symbol id="sm-93c">
         <name>standard</name>
         <value>0x24da</value>
         <object_component_ref idref="oc-2c3"/>
      </symbol>
      <symbol id="sm-93d">
         <name>key</name>
         <value>0x1984</value>
         <object_component_ref idref="oc-369"/>
      </symbol>
      <symbol id="sm-93e">
         <name>main</name>
         <value>0x123ca</value>
         <object_component_ref idref="oc-137"/>
      </symbol>
      <symbol id="sm-93f">
         <name>message</name>
         <value>0x24f4</value>
         <object_component_ref idref="oc-1de"/>
      </symbol>
      <symbol id="sm-940">
         <name>TxCF</name>
         <value>0x24e4</value>
         <object_component_ref idref="oc-2c3"/>
      </symbol>
      <symbol id="sm-941">
         <name>Standard</name>
         <value>0x24f0</value>
         <object_component_ref idref="oc-2c3"/>
      </symbol>
      <symbol id="sm-942">
         <name>id</name>
         <value>0x1980</value>
         <object_component_ref idref="oc-369"/>
      </symbol>
      <symbol id="sm-943">
         <name>ReceivedPayload</name>
         <value>0x2500</value>
         <object_component_ref idref="oc-1db"/>
      </symbol>
      <symbol id="sm-944">
         <name>key_ptr</name>
         <value>0x24dc</value>
         <object_component_ref idref="oc-2c3"/>
      </symbol>
      <symbol id="sm-945">
         <name>resetCF</name>
         <value>0x127b4</value>
         <object_component_ref idref="oc-1c3"/>
      </symbol>
      <symbol id="sm-946">
         <name>TxRepeat</name>
         <value>0x24ec</value>
         <object_component_ref idref="oc-2c3"/>
      </symbol>
      <symbol id="sm-947">
         <name>RxCF</name>
         <value>0x24e8</value>
         <object_component_ref idref="oc-2c3"/>
      </symbol>
      <symbol id="sm-a5a">
         <name>SfxClose</name>
         <value>0x13542</value>
         <object_component_ref idref="oc-377"/>
      </symbol>
      <symbol id="sm-a5b">
         <name>SfxSendBit</name>
         <value>0x11bea</value>
         <object_component_ref idref="oc-39a"/>
      </symbol>
      <symbol id="sm-a5c">
         <name>SfxSendFrame</name>
         <value>0x1190e</value>
         <object_component_ref idref="oc-1e1"/>
      </symbol>
      <symbol id="sm-a5d">
         <name>SfxInit</name>
         <value>0x11d40</value>
         <object_component_ref idref="oc-1c9"/>
      </symbol>
      <symbol id="sm-a5e">
         <name>SfxRxTestMode</name>
         <value>0x12160</value>
         <object_component_ref idref="oc-351"/>
      </symbol>
      <symbol id="sm-a5f">
         <name>SfxTxTestMode</name>
         <value>0x1157c</value>
         <object_component_ref idref="oc-34b"/>
      </symbol>
      <symbol id="sm-a7d">
         <name>ComputeAES</name>
         <value>0x1295c</value>
         <object_component_ref idref="oc-3f1"/>
      </symbol>
      <symbol id="sm-aa9">
         <name>ComputeScrambling</name>
         <value>0x12680</value>
         <object_component_ref idref="oc-308"/>
      </symbol>
      <symbol id="sm-acf">
         <name>Next_Pn9</name>
         <value>0x12ff6</value>
         <object_component_ref idref="oc-2d6"/>
      </symbol>
      <symbol id="sm-ad0">
         <name>Next_Pn11</name>
         <value>0x12f9a</value>
         <object_component_ref idref="oc-2d0"/>
      </symbol>
      <symbol id="sm-aef">
         <name>crc8</name>
         <value>0x1378c</value>
         <object_component_ref idref="oc-5a9"/>
      </symbol>
      <symbol id="sm-af0">
         <name>crc16</name>
         <value>0x13720</value>
         <object_component_ref idref="oc-3f7"/>
      </symbol>
      <symbol id="sm-b0e">
         <name>DecodeFrame</name>
         <value>0x11388</value>
         <object_component_ref idref="oc-47e"/>
      </symbol>
      <symbol id="sm-b2b">
         <name>log_alpha</name>
         <value>0x49f2</value>
         <object_component_ref idref="oc-644"/>
      </symbol>
      <symbol id="sm-b2c">
         <name>decode_bch</name>
         <value>0x12c78</value>
         <object_component_ref idref="oc-5a0"/>
      </symbol>
      <symbol id="sm-b2d">
         <name>pow_alpha</name>
         <value>0x4a12</value>
         <object_component_ref idref="oc-641"/>
      </symbol>
      <symbol id="sm-b36">
         <name>_stack</name>
         <value>0x4360</value>
         <object_component_ref idref="oc-cf"/>
      </symbol>
      <symbol id="sm-b37">
         <name>_reset_vector</name>
         <value>0xfffe</value>
         <object_component_ref idref="oc-d2"/>
      </symbol>
      <symbol id="sm-b42">
         <name>_c_int00_noargs_noexit</name>
         <value>0x4540</value>
         <object_component_ref idref="oc-ab"/>
      </symbol>
      <symbol id="sm-b58">
         <name>__TI_decompress_none</name>
         <value>0x13cfc</value>
         <object_component_ref idref="oc-6b"/>
      </symbol>
      <symbol id="sm-b7a">
         <name>__TI_decompress_rle24</name>
         <value>0x13de8</value>
         <object_component_ref idref="oc-71"/>
      </symbol>
      <symbol id="sm-b8d">
         <name>__TI_zero_init</name>
         <value>0x13a36</value>
         <object_component_ref idref="oc-8d"/>
      </symbol>
      <symbol id="sm-b9b">
         <name>__mspabi_remi</name>
         <value>0x138d2</value>
         <object_component_ref idref="oc-357"/>
      </symbol>
      <symbol id="sm-b9c">
         <name>__mspabi_divi</name>
         <value>0x138d2</value>
         <object_component_ref idref="oc-357"/>
      </symbol>
      <symbol id="sm-ba6">
         <name>__mspabi_remu</name>
         <value>0x13c66</value>
         <object_component_ref idref="oc-4b0"/>
      </symbol>
      <symbol id="sm-ba7">
         <name>__mspabi_divu</name>
         <value>0x13c66</value>
         <object_component_ref idref="oc-4b0"/>
      </symbol>
      <symbol id="sm-bb4">
         <name>__mspabi_remli</name>
         <value>0x13502</value>
         <object_component_ref idref="oc-4c1"/>
      </symbol>
      <symbol id="sm-bb5">
         <name>__mspabi_divli</name>
         <value>0x13502</value>
         <object_component_ref idref="oc-4c1"/>
      </symbol>
      <symbol id="sm-bc4">
         <name>__mspabi_remul</name>
         <value>0x1326c</value>
         <object_component_ref idref="oc-41c"/>
      </symbol>
      <symbol id="sm-bc5">
         <name>__mspabi_divul</name>
         <value>0x1326c</value>
         <object_component_ref idref="oc-41c"/>
      </symbol>
      <symbol id="sm-bd0">
         <name>C$$EXIT</name>
         <value>0x13e04</value>
         <object_component_ref idref="oc-13f"/>
      </symbol>
      <symbol id="sm-bd1">
         <name>abort</name>
         <value>0x13e04</value>
         <object_component_ref idref="oc-13f"/>
      </symbol>
      <symbol id="sm-be7">
         <name>__mspabi_fixdul</name>
         <value>0x12db4</value>
         <object_component_ref idref="oc-618"/>
      </symbol>
      <symbol id="sm-bfc">
         <name>__mspabi_fltuld</name>
         <value>0x129d8</value>
         <object_component_ref idref="oc-60c"/>
      </symbol>
      <symbol id="sm-c1f">
         <name>__TI_int41</name>
         <value>0xffd2</value>
         <object_component_ref idref="oc-77"/>
      </symbol>
      <symbol id="sm-c22">
         <name>__TI_int43</name>
         <value>0xffd6</value>
         <object_component_ref idref="oc-79"/>
      </symbol>
      <symbol id="sm-c25">
         <name>__TI_int44</name>
         <value>0xffd8</value>
         <object_component_ref idref="oc-7a"/>
      </symbol>
      <symbol id="sm-c28">
         <name>__TI_int45</name>
         <value>0xffda</value>
         <object_component_ref idref="oc-7b"/>
      </symbol>
      <symbol id="sm-c2b">
         <name>__TI_int48</name>
         <value>0xffe0</value>
         <object_component_ref idref="oc-7e"/>
      </symbol>
      <symbol id="sm-c2e">
         <name>__TI_int50</name>
         <value>0xffe4</value>
         <object_component_ref idref="oc-80"/>
      </symbol>
      <symbol id="sm-c31">
         <name>__TI_int51</name>
         <value>0xffe6</value>
         <object_component_ref idref="oc-81"/>
      </symbol>
      <symbol id="sm-c34">
         <name>__TI_int52</name>
         <value>0xffe8</value>
         <object_component_ref idref="oc-82"/>
      </symbol>
      <symbol id="sm-c37">
         <name>__TI_int54</name>
         <value>0xffec</value>
         <object_component_ref idref="oc-84"/>
      </symbol>
      <symbol id="sm-c3a">
         <name>__TI_int55</name>
         <value>0xffee</value>
         <object_component_ref idref="oc-85"/>
      </symbol>
      <symbol id="sm-c3d">
         <name>__TI_int56</name>
         <value>0xfff0</value>
         <object_component_ref idref="oc-86"/>
      </symbol>
      <symbol id="sm-c40">
         <name>__TI_int57</name>
         <value>0xfff2</value>
         <object_component_ref idref="oc-87"/>
      </symbol>
      <symbol id="sm-c43">
         <name>__TI_int58</name>
         <value>0xfff4</value>
         <object_component_ref idref="oc-88"/>
      </symbol>
      <symbol id="sm-c46">
         <name>__TI_int59</name>
         <value>0xfff6</value>
         <object_component_ref idref="oc-89"/>
      </symbol>
      <symbol id="sm-c49">
         <name>__TI_int60</name>
         <value>0xfff8</value>
         <object_component_ref idref="oc-8a"/>
      </symbol>
      <symbol id="sm-c4c">
         <name>__TI_int61</name>
         <value>0xfffa</value>
         <object_component_ref idref="oc-8b"/>
      </symbol>
      <symbol id="sm-c4f">
         <name>__TI_int62</name>
         <value>0xfffc</value>
         <object_component_ref idref="oc-8c"/>
      </symbol>
      <symbol id="sm-c57">
         <name>__TI_ISR_TRAP</name>
         <value>0x4562</value>
         <object_component_ref idref="oc-ed"/>
      </symbol>
      <symbol id="sm-c60">
         <name>__mspabi_slli</name>
         <value>0x13d96</value>
         <object_component_ref idref="oc-164"/>
      </symbol>
      <symbol id="sm-c70">
         <name>__mspabi_slll_9</name>
         <value>0x135d6</value>
         <object_component_ref idref="oc-596"/>
      </symbol>
      <symbol id="sm-c71">
         <name>__mspabi_slll_8</name>
         <value>0x135da</value>
         <object_component_ref idref="oc-596"/>
      </symbol>
      <symbol id="sm-c72">
         <name>__mspabi_slll_7</name>
         <value>0x135de</value>
         <object_component_ref idref="oc-596"/>
      </symbol>
      <symbol id="sm-c73">
         <name>__mspabi_slll_6</name>
         <value>0x135e2</value>
         <object_component_ref idref="oc-596"/>
      </symbol>
      <symbol id="sm-c74">
         <name>__mspabi_slll_5</name>
         <value>0x135e6</value>
         <object_component_ref idref="oc-596"/>
      </symbol>
      <symbol id="sm-c75">
         <name>__mspabi_slll_4</name>
         <value>0x135ea</value>
         <object_component_ref idref="oc-596"/>
      </symbol>
      <symbol id="sm-c76">
         <name>__mspabi_slll_3</name>
         <value>0x135ee</value>
         <object_component_ref idref="oc-596"/>
      </symbol>
      <symbol id="sm-c77">
         <name>__mspabi_slll_2</name>
         <value>0x135f2</value>
         <object_component_ref idref="oc-596"/>
      </symbol>
      <symbol id="sm-c78">
         <name>__mspabi_slll_1</name>
         <value>0x135f6</value>
         <object_component_ref idref="oc-596"/>
      </symbol>
      <symbol id="sm-c79">
         <name>__mspabi_slll</name>
         <value>0x13d2e</value>
         <object_component_ref idref="oc-59b"/>
      </symbol>
      <symbol id="sm-c7a">
         <name>__mspabi_slll_15</name>
         <value>0x135be</value>
         <object_component_ref idref="oc-596"/>
      </symbol>
      <symbol id="sm-c7b">
         <name>__mspabi_slll_14</name>
         <value>0x135c2</value>
         <object_component_ref idref="oc-596"/>
      </symbol>
      <symbol id="sm-c7c">
         <name>__mspabi_slll_13</name>
         <value>0x135c6</value>
         <object_component_ref idref="oc-596"/>
      </symbol>
      <symbol id="sm-c7d">
         <name>__mspabi_slll_12</name>
         <value>0x135ca</value>
         <object_component_ref idref="oc-596"/>
      </symbol>
      <symbol id="sm-c7e">
         <name>__mspabi_slll_11</name>
         <value>0x135ce</value>
         <object_component_ref idref="oc-596"/>
      </symbol>
      <symbol id="sm-c7f">
         <name>__mspabi_slll_10</name>
         <value>0x135d2</value>
         <object_component_ref idref="oc-596"/>
      </symbol>
      <symbol id="sm-c88">
         <name>__mspabi_srli</name>
         <value>0x13da0</value>
         <object_component_ref idref="oc-632"/>
      </symbol>
      <symbol id="sm-c98">
         <name>__mspabi_srll_8</name>
         <value>0x13618</value>
         <object_component_ref idref="oc-61e"/>
      </symbol>
      <symbol id="sm-c99">
         <name>__mspabi_srll_9</name>
         <value>0x13614</value>
         <object_component_ref idref="oc-61e"/>
      </symbol>
      <symbol id="sm-c9a">
         <name>__mspabi_srll_6</name>
         <value>0x13620</value>
         <object_component_ref idref="oc-61e"/>
      </symbol>
      <symbol id="sm-c9b">
         <name>__mspabi_srll_7</name>
         <value>0x1361c</value>
         <object_component_ref idref="oc-61e"/>
      </symbol>
      <symbol id="sm-c9c">
         <name>__mspabi_srll_4</name>
         <value>0x13628</value>
         <object_component_ref idref="oc-61e"/>
      </symbol>
      <symbol id="sm-c9d">
         <name>__mspabi_srll_5</name>
         <value>0x13624</value>
         <object_component_ref idref="oc-61e"/>
      </symbol>
      <symbol id="sm-c9e">
         <name>__mspabi_srll_2</name>
         <value>0x13630</value>
         <object_component_ref idref="oc-61e"/>
      </symbol>
      <symbol id="sm-c9f">
         <name>__mspabi_srll_3</name>
         <value>0x1362c</value>
         <object_component_ref idref="oc-61e"/>
      </symbol>
      <symbol id="sm-ca0">
         <name>__mspabi_srll_1</name>
         <value>0x13634</value>
         <object_component_ref idref="oc-61e"/>
      </symbol>
      <symbol id="sm-ca1">
         <name>__mspabi_srll_15</name>
         <value>0x135fc</value>
         <object_component_ref idref="oc-61e"/>
      </symbol>
      <symbol id="sm-ca2">
         <name>__mspabi_srll_14</name>
         <value>0x13600</value>
         <object_component_ref idref="oc-61e"/>
      </symbol>
      <symbol id="sm-ca3">
         <name>__mspabi_srll_13</name>
         <value>0x13604</value>
         <object_component_ref idref="oc-61e"/>
      </symbol>
      <symbol id="sm-ca4">
         <name>__mspabi_srll_12</name>
         <value>0x13608</value>
         <object_component_ref idref="oc-61e"/>
      </symbol>
      <symbol id="sm-ca5">
         <name>__mspabi_srll_11</name>
         <value>0x1360c</value>
         <object_component_ref idref="oc-61e"/>
      </symbol>
      <symbol id="sm-ca6">
         <name>__mspabi_srll_10</name>
         <value>0x13610</value>
         <object_component_ref idref="oc-61e"/>
      </symbol>
      <symbol id="sm-ca7">
         <name>__mspabi_srll</name>
         <value>0x13d3e</value>
         <object_component_ref idref="oc-36c"/>
      </symbol>
      <symbol id="sm-cbb">
         <name>ltoa</name>
         <value>0x128dc</value>
         <object_component_ref idref="oc-371"/>
      </symbol>
      <symbol id="sm-cc9">
         <name>memcpy</name>
         <value>0x13cd4</value>
         <object_component_ref idref="oc-d3"/>
      </symbol>
      <symbol id="sm-cd7">
         <name>memset</name>
         <value>0x13c50</value>
         <object_component_ref idref="oc-342"/>
      </symbol>
      <symbol id="sm-cf8">
         <name>__mspabi_mpyd</name>
         <value>0x10f02</value>
         <object_component_ref idref="oc-612"/>
      </symbol>
      <symbol id="sm-d0e">
         <name>__mspabi_mpyi_f5hw</name>
         <value>0x13c7c</value>
         <object_component_ref idref="oc-300"/>
      </symbol>
      <symbol id="sm-d30">
         <name>__mspabi_mpyl_f5hw</name>
         <value>0x13ac0</value>
         <object_component_ref idref="oc-389"/>
      </symbol>
      <symbol id="sm-d46">
         <name>_system_pre_init</name>
         <value>0x13e00</value>
         <object_component_ref idref="oc-117"/>
      </symbol>
      <symbol id="sm-d51">
         <name>abs</name>
         <value>0x13d8c</value>
         <object_component_ref idref="oc-4c6"/>
      </symbol>
      <symbol id="sm-d5b">
         <name>__mspabi_sral_15</name>
         <value>0x13580</value>
         <object_component_ref idref="oc-697"/>
      </symbol>
      <symbol id="sm-d5c">
         <name>__mspabi_sral_14</name>
         <value>0x13584</value>
         <object_component_ref idref="oc-697"/>
      </symbol>
      <symbol id="sm-d5d">
         <name>__mspabi_sral_13</name>
         <value>0x13588</value>
         <object_component_ref idref="oc-697"/>
      </symbol>
      <symbol id="sm-d5e">
         <name>__mspabi_sral_12</name>
         <value>0x1358c</value>
         <object_component_ref idref="oc-697"/>
      </symbol>
      <symbol id="sm-d5f">
         <name>__mspabi_sral_11</name>
         <value>0x13590</value>
         <object_component_ref idref="oc-697"/>
      </symbol>
      <symbol id="sm-d60">
         <name>__mspabi_sral_10</name>
         <value>0x13594</value>
         <object_component_ref idref="oc-697"/>
      </symbol>
      <symbol id="sm-d61">
         <name>__mspabi_sral_8</name>
         <value>0x1359c</value>
         <object_component_ref idref="oc-697"/>
      </symbol>
      <symbol id="sm-d62">
         <name>__mspabi_sral_9</name>
         <value>0x13598</value>
         <object_component_ref idref="oc-697"/>
      </symbol>
      <symbol id="sm-d63">
         <name>__mspabi_sral_6</name>
         <value>0x135a4</value>
         <object_component_ref idref="oc-697"/>
      </symbol>
      <symbol id="sm-d64">
         <name>__mspabi_sral_7</name>
         <value>0x135a0</value>
         <object_component_ref idref="oc-697"/>
      </symbol>
      <symbol id="sm-d65">
         <name>__mspabi_sral_4</name>
         <value>0x135ac</value>
         <object_component_ref idref="oc-697"/>
      </symbol>
      <symbol id="sm-d66">
         <name>__mspabi_sral_5</name>
         <value>0x135a8</value>
         <object_component_ref idref="oc-697"/>
      </symbol>
      <symbol id="sm-d67">
         <name>__mspabi_sral_2</name>
         <value>0x135b4</value>
         <object_component_ref idref="oc-697"/>
      </symbol>
      <symbol id="sm-d68">
         <name>__mspabi_sral_3</name>
         <value>0x135b0</value>
         <object_component_ref idref="oc-697"/>
      </symbol>
      <symbol id="sm-d69">
         <name>__mspabi_sral_1</name>
         <value>0x135b8</value>
         <object_component_ref idref="oc-697"/>
      </symbol>
      <symbol id="sm-d85">
         <name>_auto_init_hold_wdt</name>
         <value>0x12c0c</value>
         <object_component_ref idref="oc-11d"/>
      </symbol>
      <symbol id="sm-d96">
         <name>__TI_frcmpyd</name>
         <value>0x10c1e</value>
         <object_component_ref idref="oc-674"/>
      </symbol>
      <symbol id="sm-d98">
         <name>__TI_INITARRAY_Base</name>
         <value>0x0</value>
      </symbol>
      <symbol id="sm-d99">
         <name>__TI_INITARRAY_Limit</name>
         <value>0x0</value>
      </symbol>
   </symbol_table>
   <title>Link successful</title>
</link_info>
