<?xml version="1.0"?>
<link_info>
   <banner>MSP430 Linker PC v4.4.5</banner>
   <copyright>Copyright (c) 2003-2015 Texas Instruments Incorporated</copyright>
   <link_time>0x5600ca0f</link_time>
   <link_errors>0x0</link_errors>
   <output_file>Ti_SigFox_SDK_Demo_v1_3_2.out</output_file>
   <entry_point>
      <name>_c_int00_noargs</name>
      <address>0x4540</address>
   </entry_point>
   <input_file_list>
      <input_file id="fl-2">
         <path>.\manufacturer_api\</path>
         <kind>object</kind>
         <file>manufacturer_api.obj</file>
         <name>manufacturer_api.obj</name>
      </input_file>
      <input_file id="fl-3">
         <path>.\components\timer\</path>
         <kind>object</kind>
         <file>timer.obj</file>
         <name>timer.obj</name>
      </input_file>
      <input_file id="fl-4">
         <path>.\components\targets\trxeb_msp430f5438a\</path>
         <kind>object</kind>
         <file>hal_spi_rf_trxeb.obj</file>
         <name>hal_spi_rf_trxeb.obj</name>
      </input_file>
      <input_file id="fl-5">
         <path>.\components\radio\</path>
         <kind>object</kind>
         <file>radio.obj</file>
         <name>radio.obj</name>
      </input_file>
      <input_file id="fl-6">
         <path>.\components\radio\</path>
         <kind>object</kind>
         <file>transmission.obj</file>
         <name>transmission.obj</name>
      </input_file>
      <input_file id="fl-7">
         <path>.\components\nvm\</path>
         <kind>object</kind>
         <file>flash_drv.obj</file>
         <name>flash_drv.obj</name>
      </input_file>
      <input_file id="fl-8">
         <path>.\components\lcd\</path>
         <kind>object</kind>
         <file>lcd_dogm128_6.obj</file>
         <name>lcd_dogm128_6.obj</name>
      </input_file>
      <input_file id="fl-9">
         <path>.\components\lcd\</path>
         <kind>object</kind>
         <file>lcd_dogm128_6_alphabet.obj</file>
         <name>lcd_dogm128_6_alphabet.obj</name>
      </input_file>
      <input_file id="fl-a">
         <path>.\components\lcd\</path>
         <kind>object</kind>
         <file>lcd_trxeb.obj</file>
         <name>lcd_trxeb.obj</name>
      </input_file>
      <input_file id="fl-b">
         <path>.\components\interrupt\</path>
         <kind>object</kind>
         <file>trx_rf_int.obj</file>
         <name>trx_rf_int.obj</name>
      </input_file>
      <input_file id="fl-c">
         <path>.\components\hostcmd\</path>
         <kind>object</kind>
         <file>circ_buf.obj</file>
         <name>circ_buf.obj</name>
      </input_file>
      <input_file id="fl-d">
         <path>.\components\hostcmd\</path>
         <kind>object</kind>
         <file>host_cmd.obj</file>
         <name>host_cmd.obj</name>
      </input_file>
      <input_file id="fl-e">
         <path>.\components\hostcmd\</path>
         <kind>object</kind>
         <file>uart_drv.obj</file>
         <name>uart_drv.obj</name>
      </input_file>
      <input_file id="fl-f">
         <path>.\components\devices\cc112x\</path>
         <kind>object</kind>
         <file>cc112x_spi.obj</file>
         <name>cc112x_spi.obj</name>
      </input_file>
      <input_file id="fl-10">
         <path>.\components\common\</path>
         <kind>object</kind>
         <file>hal_digio2.obj</file>
         <name>hal_digio2.obj</name>
      </input_file>
      <input_file id="fl-11">
         <path>.\components\common\</path>
         <kind>object</kind>
         <file>hal_int.obj</file>
         <name>hal_int.obj</name>
      </input_file>
      <input_file id="fl-12">
         <path>.\components\bsp\</path>
         <kind>object</kind>
         <file>bsp.obj</file>
         <name>bsp.obj</name>
      </input_file>
      <input_file id="fl-13">
         <path>.\components\bsp\</path>
         <kind>object</kind>
         <file>bsp_key.obj</file>
         <name>bsp_key.obj</name>
      </input_file>
      <input_file id="fl-14">
         <path>.\components\bsp\</path>
         <kind>object</kind>
         <file>bsp_led.obj</file>
         <name>bsp_led.obj</name>
      </input_file>
      <input_file id="fl-15">
         <path>.\components\aes\</path>
         <kind>object</kind>
         <file>ti_aes_128.obj</file>
         <name>ti_aes_128.obj</name>
      </input_file>
      <input_file id="fl-16">
         <path>.\apps\</path>
         <kind>object</kind>
         <file>sigfox_demo.obj</file>
         <name>sigfox_demo.obj</name>
      </input_file>
      <input_file id="fl-1f">
         <path>..\sigfox_library_api\</path>
         <kind>archive</kind>
         <file>libsigfox.lib</file>
         <name>sigfox_frame.obj</name>
      </input_file>
      <input_file id="fl-20">
         <path>..\sigfox_library_api\</path>
         <kind>archive</kind>
         <file>libsigfox.lib</file>
         <name>sigfox_hmac.obj</name>
      </input_file>
      <input_file id="fl-21">
         <path>..\sigfox_library_api\</path>
         <kind>archive</kind>
         <file>libsigfox.lib</file>
         <name>sigfox_scramb.obj</name>
      </input_file>
      <input_file id="fl-22">
         <path>..\sigfox_library_api\</path>
         <kind>archive</kind>
         <file>libsigfox.lib</file>
         <name>sigfox_Pn9.obj</name>
      </input_file>
      <input_file id="fl-23">
         <path>..\sigfox_library_api\</path>
         <kind>archive</kind>
         <file>libsigfox.lib</file>
         <name>sigfox_crc.obj</name>
      </input_file>
      <input_file id="fl-24">
         <path>..\sigfox_library_api\</path>
         <kind>archive</kind>
         <file>libsigfox.lib</file>
         <name>sigfox_decode.obj</name>
      </input_file>
      <input_file id="fl-25">
         <path>..\sigfox_library_api\</path>
         <kind>archive</kind>
         <file>libsigfox.lib</file>
         <name>sigfox_bch.obj</name>
      </input_file>
      <input_file id="fl-54">
         <path>C:\TI\ccsv6\tools\compiler\ti-cgt-msp430_4.4.5\lib\</path>
         <kind>archive</kind>
         <file>rts430x_lc_rd_eabi.lib</file>
         <name>assert.obj</name>
      </input_file>
      <input_file id="fl-55">
         <path>C:\TI\ccsv6\tools\compiler\ti-cgt-msp430_4.4.5\lib\</path>
         <kind>archive</kind>
         <file>rts430x_lc_rd_eabi.lib</file>
         <name>boot.obj</name>
      </input_file>
      <input_file id="fl-56">
         <path>C:\TI\ccsv6\tools\compiler\ti-cgt-msp430_4.4.5\lib\</path>
         <kind>archive</kind>
         <file>rts430x_lc_rd_eabi.lib</file>
         <name>boot_special.obj</name>
      </input_file>
      <input_file id="fl-57">
         <path>C:\TI\ccsv6\tools\compiler\ti-cgt-msp430_4.4.5\lib\</path>
         <kind>archive</kind>
         <file>rts430x_lc_rd_eabi.lib</file>
         <name>copy_decompress_none.obj</name>
      </input_file>
      <input_file id="fl-58">
         <path>C:\TI\ccsv6\tools\compiler\ti-cgt-msp430_4.4.5\lib\</path>
         <kind>archive</kind>
         <file>rts430x_lc_rd_eabi.lib</file>
         <name>copy_decompress_rle.obj</name>
      </input_file>
      <input_file id="fl-59">
         <path>C:\TI\ccsv6\tools\compiler\ti-cgt-msp430_4.4.5\lib\</path>
         <kind>archive</kind>
         <file>rts430x_lc_rd_eabi.lib</file>
         <name>copy_zero_init.obj</name>
      </input_file>
      <input_file id="fl-5a">
         <path>C:\TI\ccsv6\tools\compiler\ti-cgt-msp430_4.4.5\lib\</path>
         <kind>archive</kind>
         <file>rts430x_lc_rd_eabi.lib</file>
         <name>cvtdf.obj</name>
      </input_file>
      <input_file id="fl-5b">
         <path>C:\TI\ccsv6\tools\compiler\ti-cgt-msp430_4.4.5\lib\</path>
         <kind>archive</kind>
         <file>rts430x_lc_rd_eabi.lib</file>
         <name>cvtfd.obj</name>
      </input_file>
      <input_file id="fl-5c">
         <path>C:\TI\ccsv6\tools\compiler\ti-cgt-msp430_4.4.5\lib\</path>
         <kind>archive</kind>
         <file>rts430x_lc_rd_eabi.lib</file>
         <name>defs.obj</name>
      </input_file>
      <input_file id="fl-5d">
         <path>C:\TI\ccsv6\tools\compiler\ti-cgt-msp430_4.4.5\lib\</path>
         <kind>archive</kind>
         <file>rts430x_lc_rd_eabi.lib</file>
         <name>div16s.obj</name>
      </input_file>
      <input_file id="fl-5e">
         <path>C:\TI\ccsv6\tools\compiler\ti-cgt-msp430_4.4.5\lib\</path>
         <kind>archive</kind>
         <file>rts430x_lc_rd_eabi.lib</file>
         <name>div16u.obj</name>
      </input_file>
      <input_file id="fl-5f">
         <path>C:\TI\ccsv6\tools\compiler\ti-cgt-msp430_4.4.5\lib\</path>
         <kind>archive</kind>
         <file>rts430x_lc_rd_eabi.lib</file>
         <name>div32s.obj</name>
      </input_file>
      <input_file id="fl-60">
         <path>C:\TI\ccsv6\tools\compiler\ti-cgt-msp430_4.4.5\lib\</path>
         <kind>archive</kind>
         <file>rts430x_lc_rd_eabi.lib</file>
         <name>div32u.obj</name>
      </input_file>
      <input_file id="fl-61">
         <path>C:\TI\ccsv6\tools\compiler\ti-cgt-msp430_4.4.5\lib\</path>
         <kind>archive</kind>
         <file>rts430x_lc_rd_eabi.lib</file>
         <name>exit.obj</name>
      </input_file>
      <input_file id="fl-62">
         <path>C:\TI\ccsv6\tools\compiler\ti-cgt-msp430_4.4.5\lib\</path>
         <kind>archive</kind>
         <file>rts430x_lc_rd_eabi.lib</file>
         <name>exit_gvars.obj</name>
      </input_file>
      <input_file id="fl-63">
         <path>C:\TI\ccsv6\tools\compiler\ti-cgt-msp430_4.4.5\lib\</path>
         <kind>archive</kind>
         <file>rts430x_lc_rd_eabi.lib</file>
         <name>fflush.obj</name>
      </input_file>
      <input_file id="fl-64">
         <path>C:\TI\ccsv6\tools\compiler\ti-cgt-msp430_4.4.5\lib\</path>
         <kind>archive</kind>
         <file>rts430x_lc_rd_eabi.lib</file>
         <name>fixdul.obj</name>
      </input_file>
      <input_file id="fl-65">
         <path>C:\TI\ccsv6\tools\compiler\ti-cgt-msp430_4.4.5\lib\</path>
         <kind>archive</kind>
         <file>rts430x_lc_rd_eabi.lib</file>
         <name>fltuld.obj</name>
      </input_file>
      <input_file id="fl-66">
         <path>C:\TI\ccsv6\tools\compiler\ti-cgt-msp430_4.4.5\lib\</path>
         <kind>archive</kind>
         <file>rts430x_lc_rd_eabi.lib</file>
         <name>fputs.obj</name>
      </input_file>
      <input_file id="fl-67">
         <path>C:\TI\ccsv6\tools\compiler\ti-cgt-msp430_4.4.5\lib\</path>
         <kind>archive</kind>
         <file>rts430x_lc_rd_eabi.lib</file>
         <name>fs_cmp.obj</name>
      </input_file>
      <input_file id="fl-68">
         <path>C:\TI\ccsv6\tools\compiler\ti-cgt-msp430_4.4.5\lib\</path>
         <kind>archive</kind>
         <file>rts430x_lc_rd_eabi.lib</file>
         <name>fs_mpy.obj</name>
      </input_file>
      <input_file id="fl-69">
         <path>C:\TI\ccsv6\tools\compiler\ti-cgt-msp430_4.4.5\lib\</path>
         <kind>archive</kind>
         <file>rts430x_lc_rd_eabi.lib</file>
         <name>fs_neg.obj</name>
      </input_file>
      <input_file id="fl-6a">
         <path>C:\TI\ccsv6\tools\compiler\ti-cgt-msp430_4.4.5\lib\</path>
         <kind>archive</kind>
         <file>rts430x_lc_rd_eabi.lib</file>
         <name>fs_tol.obj</name>
      </input_file>
      <input_file id="fl-6b">
         <path>C:\TI\ccsv6\tools\compiler\ti-cgt-msp430_4.4.5\lib\</path>
         <kind>archive</kind>
         <file>rts430x_lc_rd_eabi.lib</file>
         <name>int41.obj</name>
      </input_file>
      <input_file id="fl-6c">
         <path>C:\TI\ccsv6\tools\compiler\ti-cgt-msp430_4.4.5\lib\</path>
         <kind>archive</kind>
         <file>rts430x_lc_rd_eabi.lib</file>
         <name>int43.obj</name>
      </input_file>
      <input_file id="fl-6d">
         <path>C:\TI\ccsv6\tools\compiler\ti-cgt-msp430_4.4.5\lib\</path>
         <kind>archive</kind>
         <file>rts430x_lc_rd_eabi.lib</file>
         <name>int44.obj</name>
      </input_file>
      <input_file id="fl-6e">
         <path>C:\TI\ccsv6\tools\compiler\ti-cgt-msp430_4.4.5\lib\</path>
         <kind>archive</kind>
         <file>rts430x_lc_rd_eabi.lib</file>
         <name>int45.obj</name>
      </input_file>
      <input_file id="fl-6f">
         <path>C:\TI\ccsv6\tools\compiler\ti-cgt-msp430_4.4.5\lib\</path>
         <kind>archive</kind>
         <file>rts430x_lc_rd_eabi.lib</file>
         <name>int48.obj</name>
      </input_file>
      <input_file id="fl-70">
         <path>C:\TI\ccsv6\tools\compiler\ti-cgt-msp430_4.4.5\lib\</path>
         <kind>archive</kind>
         <file>rts430x_lc_rd_eabi.lib</file>
         <name>int50.obj</name>
      </input_file>
      <input_file id="fl-71">
         <path>C:\TI\ccsv6\tools\compiler\ti-cgt-msp430_4.4.5\lib\</path>
         <kind>archive</kind>
         <file>rts430x_lc_rd_eabi.lib</file>
         <name>int51.obj</name>
      </input_file>
      <input_file id="fl-72">
         <path>C:\TI\ccsv6\tools\compiler\ti-cgt-msp430_4.4.5\lib\</path>
         <kind>archive</kind>
         <file>rts430x_lc_rd_eabi.lib</file>
         <name>int52.obj</name>
      </input_file>
      <input_file id="fl-73">
         <path>C:\TI\ccsv6\tools\compiler\ti-cgt-msp430_4.4.5\lib\</path>
         <kind>archive</kind>
         <file>rts430x_lc_rd_eabi.lib</file>
         <name>int54.obj</name>
      </input_file>
      <input_file id="fl-74">
         <path>C:\TI\ccsv6\tools\compiler\ti-cgt-msp430_4.4.5\lib\</path>
         <kind>archive</kind>
         <file>rts430x_lc_rd_eabi.lib</file>
         <name>int55.obj</name>
      </input_file>
      <input_file id="fl-75">
         <path>C:\TI\ccsv6\tools\compiler\ti-cgt-msp430_4.4.5\lib\</path>
         <kind>archive</kind>
         <file>rts430x_lc_rd_eabi.lib</file>
         <name>int56.obj</name>
      </input_file>
      <input_file id="fl-76">
         <path>C:\TI\ccsv6\tools\compiler\ti-cgt-msp430_4.4.5\lib\</path>
         <kind>archive</kind>
         <file>rts430x_lc_rd_eabi.lib</file>
         <name>int57.obj</name>
      </input_file>
      <input_file id="fl-77">
         <path>C:\TI\ccsv6\tools\compiler\ti-cgt-msp430_4.4.5\lib\</path>
         <kind>archive</kind>
         <file>rts430x_lc_rd_eabi.lib</file>
         <name>int58.obj</name>
      </input_file>
      <input_file id="fl-78">
         <path>C:\TI\ccsv6\tools\compiler\ti-cgt-msp430_4.4.5\lib\</path>
         <kind>archive</kind>
         <file>rts430x_lc_rd_eabi.lib</file>
         <name>int59.obj</name>
      </input_file>
      <input_file id="fl-79">
         <path>C:\TI\ccsv6\tools\compiler\ti-cgt-msp430_4.4.5\lib\</path>
         <kind>archive</kind>
         <file>rts430x_lc_rd_eabi.lib</file>
         <name>int60.obj</name>
      </input_file>
      <input_file id="fl-7a">
         <path>C:\TI\ccsv6\tools\compiler\ti-cgt-msp430_4.4.5\lib\</path>
         <kind>archive</kind>
         <file>rts430x_lc_rd_eabi.lib</file>
         <name>int61.obj</name>
      </input_file>
      <input_file id="fl-7b">
         <path>C:\TI\ccsv6\tools\compiler\ti-cgt-msp430_4.4.5\lib\</path>
         <kind>archive</kind>
         <file>rts430x_lc_rd_eabi.lib</file>
         <name>int62.obj</name>
      </input_file>
      <input_file id="fl-7c">
         <path>C:\TI\ccsv6\tools\compiler\ti-cgt-msp430_4.4.5\lib\</path>
         <kind>archive</kind>
         <file>rts430x_lc_rd_eabi.lib</file>
         <name>isr_trap.obj</name>
      </input_file>
      <input_file id="fl-7d">
         <path>C:\TI\ccsv6\tools\compiler\ti-cgt-msp430_4.4.5\lib\</path>
         <kind>archive</kind>
         <file>rts430x_lc_rd_eabi.lib</file>
         <name>lowlev.obj</name>
      </input_file>
      <input_file id="fl-7e">
         <path>C:\TI\ccsv6\tools\compiler\ti-cgt-msp430_4.4.5\lib\</path>
         <kind>archive</kind>
         <file>rts430x_lc_rd_eabi.lib</file>
         <name>lsl16.obj</name>
      </input_file>
      <input_file id="fl-7f">
         <path>C:\TI\ccsv6\tools\compiler\ti-cgt-msp430_4.4.5\lib\</path>
         <kind>archive</kind>
         <file>rts430x_lc_rd_eabi.lib</file>
         <name>lsl32.obj</name>
      </input_file>
      <input_file id="fl-80">
         <path>C:\TI\ccsv6\tools\compiler\ti-cgt-msp430_4.4.5\lib\</path>
         <kind>archive</kind>
         <file>rts430x_lc_rd_eabi.lib</file>
         <name>lsr16.obj</name>
      </input_file>
      <input_file id="fl-81">
         <path>C:\TI\ccsv6\tools\compiler\ti-cgt-msp430_4.4.5\lib\</path>
         <kind>archive</kind>
         <file>rts430x_lc_rd_eabi.lib</file>
         <name>lsr32.obj</name>
      </input_file>
      <input_file id="fl-82">
         <path>C:\TI\ccsv6\tools\compiler\ti-cgt-msp430_4.4.5\lib\</path>
         <kind>archive</kind>
         <file>rts430x_lc_rd_eabi.lib</file>
         <name>ltoa.obj</name>
      </input_file>
      <input_file id="fl-83">
         <path>C:\TI\ccsv6\tools\compiler\ti-cgt-msp430_4.4.5\lib\</path>
         <kind>archive</kind>
         <file>rts430x_lc_rd_eabi.lib</file>
         <name>memchr.obj</name>
      </input_file>
      <input_file id="fl-84">
         <path>C:\TI\ccsv6\tools\compiler\ti-cgt-msp430_4.4.5\lib\</path>
         <kind>archive</kind>
         <file>rts430x_lc_rd_eabi.lib</file>
         <name>memcpy.obj</name>
      </input_file>
      <input_file id="fl-85">
         <path>C:\TI\ccsv6\tools\compiler\ti-cgt-msp430_4.4.5\lib\</path>
         <kind>archive</kind>
         <file>rts430x_lc_rd_eabi.lib</file>
         <name>memset.obj</name>
      </input_file>
      <input_file id="fl-86">
         <path>C:\TI\ccsv6\tools\compiler\ti-cgt-msp430_4.4.5\lib\</path>
         <kind>archive</kind>
         <file>rts430x_lc_rd_eabi.lib</file>
         <name>mpu_init.obj</name>
      </input_file>
      <input_file id="fl-87">
         <path>C:\TI\ccsv6\tools\compiler\ti-cgt-msp430_4.4.5\lib\</path>
         <kind>archive</kind>
         <file>rts430x_lc_rd_eabi.lib</file>
         <name>mpyd.obj</name>
      </input_file>
      <input_file id="fl-88">
         <path>C:\TI\ccsv6\tools\compiler\ti-cgt-msp430_4.4.5\lib\</path>
         <kind>archive</kind>
         <file>rts430x_lc_rd_eabi.lib</file>
         <name>mult16.obj</name>
      </input_file>
      <input_file id="fl-89">
         <path>C:\TI\ccsv6\tools\compiler\ti-cgt-msp430_4.4.5\lib\</path>
         <kind>archive</kind>
         <file>rts430x_lc_rd_eabi.lib</file>
         <name>mult1632_f5hw.obj</name>
      </input_file>
      <input_file id="fl-8a">
         <path>C:\TI\ccsv6\tools\compiler\ti-cgt-msp430_4.4.5\lib\</path>
         <kind>archive</kind>
         <file>rts430x_lc_rd_eabi.lib</file>
         <name>mult16_f5hw.obj</name>
      </input_file>
      <input_file id="fl-8b">
         <path>C:\TI\ccsv6\tools\compiler\ti-cgt-msp430_4.4.5\lib\</path>
         <kind>archive</kind>
         <file>rts430x_lc_rd_eabi.lib</file>
         <name>mult32.obj</name>
      </input_file>
      <input_file id="fl-8c">
         <path>C:\TI\ccsv6\tools\compiler\ti-cgt-msp430_4.4.5\lib\</path>
         <kind>archive</kind>
         <file>rts430x_lc_rd_eabi.lib</file>
         <name>mult3264_f5hw.obj</name>
      </input_file>
      <input_file id="fl-8d">
         <path>C:\TI\ccsv6\tools\compiler\ti-cgt-msp430_4.4.5\lib\</path>
         <kind>archive</kind>
         <file>rts430x_lc_rd_eabi.lib</file>
         <name>mult32_f5hw.obj</name>
      </input_file>
      <input_file id="fl-8e">
         <path>C:\TI\ccsv6\tools\compiler\ti-cgt-msp430_4.4.5\lib\</path>
         <kind>archive</kind>
         <file>rts430x_lc_rd_eabi.lib</file>
         <name>mult64_f5hw.obj</name>
      </input_file>
      <input_file id="fl-8f">
         <path>C:\TI\ccsv6\tools\compiler\ti-cgt-msp430_4.4.5\lib\</path>
         <kind>archive</kind>
         <file>rts430x_lc_rd_eabi.lib</file>
         <name>pre_init.obj</name>
      </input_file>
      <input_file id="fl-90">
         <path>C:\TI\ccsv6\tools\compiler\ti-cgt-msp430_4.4.5\lib\</path>
         <kind>archive</kind>
         <file>rts430x_lc_rd_eabi.lib</file>
         <name>strchr.obj</name>
      </input_file>
      <input_file id="fl-91">
         <path>C:\TI\ccsv6\tools\compiler\ti-cgt-msp430_4.4.5\lib\</path>
         <kind>archive</kind>
         <file>rts430x_lc_rd_eabi.lib</file>
         <name>strcmp.obj</name>
      </input_file>
      <input_file id="fl-92">
         <path>C:\TI\ccsv6\tools\compiler\ti-cgt-msp430_4.4.5\lib\</path>
         <kind>archive</kind>
         <file>rts430x_lc_rd_eabi.lib</file>
         <name>strlen.obj</name>
      </input_file>
      <input_file id="fl-93">
         <path>C:\TI\ccsv6\tools\compiler\ti-cgt-msp430_4.4.5\lib\</path>
         <kind>archive</kind>
         <file>rts430x_lc_rd_eabi.lib</file>
         <name>strncpy.obj</name>
      </input_file>
      <input_file id="fl-94">
         <path>C:\TI\ccsv6\tools\compiler\ti-cgt-msp430_4.4.5\lib\</path>
         <kind>archive</kind>
         <file>rts430x_lc_rd_eabi.lib</file>
         <name>trgdrv.obj</name>
      </input_file>
      <input_file id="fl-95">
         <path>C:\TI\ccsv6\tools\compiler\ti-cgt-msp430_4.4.5\lib\</path>
         <kind>archive</kind>
         <file>rts430x_lc_rd_eabi.lib</file>
         <name>trgmsg.obj</name>
      </input_file>
      <input_file id="fl-96">
         <path>C:\TI\ccsv6\tools\compiler\ti-cgt-msp430_4.4.5\lib\</path>
         <kind>archive</kind>
         <file>rts430x_lc_rd_eabi.lib</file>
         <name>_io_perm.obj</name>
      </input_file>
      <input_file id="fl-97">
         <path>C:\TI\ccsv6\tools\compiler\ti-cgt-msp430_4.4.5\lib\</path>
         <kind>archive</kind>
         <file>rts430x_lc_rd_eabi.lib</file>
         <name>_lock.obj</name>
      </input_file>
      <input_file id="fl-98">
         <path>C:\TI\ccsv6\tools\compiler\ti-cgt-msp430_4.4.5\lib\</path>
         <kind>archive</kind>
         <file>rts430x_lc_rd_eabi.lib</file>
         <name>abs.obj</name>
      </input_file>
      <input_file id="fl-99">
         <path>C:\TI\ccsv6\tools\compiler\ti-cgt-msp430_4.4.5\lib\</path>
         <kind>archive</kind>
         <file>rts430x_lc_rd_eabi.lib</file>
         <name>args_main.obj</name>
      </input_file>
      <input_file id="fl-9a">
         <path>C:\TI\ccsv6\tools\compiler\ti-cgt-msp430_4.4.5\lib\</path>
         <kind>archive</kind>
         <file>rts430x_lc_rd_eabi.lib</file>
         <name>asr32.obj</name>
      </input_file>
      <input_file id="fl-9b">
         <path>C:\TI\ccsv6\tools\compiler\ti-cgt-msp430_4.4.5\lib\</path>
         <kind>archive</kind>
         <file>rts430x_lc_rd_eabi.lib</file>
         <name>autoinit_wdt.obj</name>
      </input_file>
      <input_file id="fl-9c">
         <path>C:\TI\ccsv6\tools\compiler\ti-cgt-msp430_4.4.5\lib\</path>
         <kind>archive</kind>
         <file>rts430x_lc_rd_eabi.lib</file>
         <name>frcmpyd.obj</name>
      </input_file>
      <input_file id="fl-9d">
         <path>C:\TI\ccsv6\tools\compiler\ti-cgt-msp430_4.4.5\lib\</path>
         <kind>archive</kind>
         <file>rts430x_lc_rd_eabi.lib</file>
         <name>fseek.obj</name>
      </input_file>
      <input_file id="fl-9e">
         <path>C:\TI\ccsv6\tools\compiler\ti-cgt-msp430_4.4.5\lib\</path>
         <kind>archive</kind>
         <file>rts430x_lc_rd_eabi.lib</file>
         <name>setvbuf.obj</name>
      </input_file>
      <input_file id="fl-9f">
         <path>C:\TI\ccsv6\tools\compiler\ti-cgt-msp430_4.4.5\lib\</path>
         <kind>archive</kind>
         <file>rts430x_lc_rd_eabi.lib</file>
         <name>strcpy.obj</name>
      </input_file>
      <input_file id="fl-a0">
         <path>C:\TI\ccsv6\tools\compiler\ti-cgt-msp430_4.4.5\lib\</path>
         <kind>archive</kind>
         <file>rts430x_lc_rd_eabi.lib</file>
         <name>fopen.obj</name>
      </input_file>
      <input_file id="fl-a1">
         <path>C:\TI\ccsv6\tools\compiler\ti-cgt-msp430_4.4.5\lib\</path>
         <kind>archive</kind>
         <file>rts430x_lc_rd_eabi.lib</file>
         <name>memory.obj</name>
      </input_file>
      <input_file id="fl-a2">
         <path>C:\TI\ccsv6\tools\compiler\ti-cgt-msp430_4.4.5\lib\</path>
         <kind>archive</kind>
         <file>rts430x_lc_rd_eabi.lib</file>
         <name>fclose.obj</name>
      </input_file>
      <input_file id="fl-a3">
         <path>C:\TI\ccsv6\tools\compiler\ti-cgt-msp430_4.4.5\lib\</path>
         <kind>archive</kind>
         <file>rts430x_lc_rd_eabi.lib</file>
         <name>remove.obj</name>
      </input_file>
   </input_file_list>
   <object_component_list>
      <object_component id="oc-5f7">
         <name>.common:packetSemaphore</name>
         <uninitialized>true</uninitialized>
         <run_address>0x2866</run_address>
         <size>0x1</size>
      </object_component>
      <object_component id="oc-19b">
         <name>.common:SysState</name>
         <uninitialized>true</uninitialized>
         <run_address>0x285e</run_address>
         <size>0x2</size>
      </object_component>
      <object_component id="oc-28d">
         <name>.common:DynamicMemoryTable</name>
         <uninitialized>true</uninitialized>
         <run_address>0x26ae</run_address>
         <size>0xa4</size>
      </object_component>
      <object_component id="oc-28e">
         <name>.common:Table_64bytes</name>
         <uninitialized>true</uninitialized>
         <run_address>0x282c</run_address>
         <size>0x6</size>
      </object_component>
      <object_component id="oc-295">
         <name>.common:Table_32bytes</name>
         <uninitialized>true</uninitialized>
         <run_address>0x2826</run_address>
         <size>0x6</size>
      </object_component>
      <object_component id="oc-296">
         <name>.common:Table_30bytes</name>
         <uninitialized>true</uninitialized>
         <run_address>0x2802</run_address>
         <size>0xc</size>
      </object_component>
      <object_component id="oc-297">
         <name>.common:Table_8bytes</name>
         <uninitialized>true</uninitialized>
         <run_address>0x2832</run_address>
         <size>0x6</size>
      </object_component>
      <object_component id="oc-3fb">
         <name>.common:NonVRam</name>
         <uninitialized>true</uninitialized>
         <run_address>0x2838</run_address>
         <size>0x4</size>
      </object_component>
      <object_component id="oc-6e1">
         <name>.common:b_Diff</name>
         <uninitialized>true</uninitialized>
         <run_address>0x2865</run_address>
         <size>0x1</size>
      </object_component>
      <object_component id="oc-5cb">
         <name>.common:bit_index_in_frame</name>
         <uninitialized>true</uninitialized>
         <run_address>0x2860</run_address>
         <size>0x2</size>
      </object_component>
      <object_component id="oc-175">
         <name>.common:uart_tx_buf</name>
         <uninitialized>true</uninitialized>
         <run_address>0x281e</run_address>
         <size>0x8</size>
      </object_component>
      <object_component id="oc-184">
         <name>.common:uart_rx_buf</name>
         <uninitialized>true</uninitialized>
         <run_address>0x2816</run_address>
         <size>0x8</size>
      </object_component>
      <object_component id="oc-195">
         <name>.common:rx_str_length</name>
         <uninitialized>true</uninitialized>
         <run_address>0x2868</run_address>
         <size>0x1</size>
      </object_component>
      <object_component id="oc-194">
         <name>.common:rx_end_of_str</name>
         <uninitialized>true</uninitialized>
         <run_address>0x2867</run_address>
         <size>0x1</size>
      </object_component>
      <object_component id="oc-528">
         <name>.common:ui32BspMclkSpeed</name>
         <uninitialized>true</uninitialized>
         <run_address>0x2858</run_address>
         <size>0x4</size>
      </object_component>
      <object_component id="oc-3c3">
         <name>.common:ui8BspKeyMode</name>
         <uninitialized>true</uninitialized>
         <run_address>0x2869</run_address>
         <size>0x1</size>
      </object_component>
      <object_component id="oc-2ce">
         <name>.common:frame</name>
         <uninitialized>true</uninitialized>
         <run_address>0x2844</run_address>
         <size>0x4</size>
      </object_component>
      <object_component id="oc-2d1">
         <name>.common:sending_frame</name>
         <uninitialized>true</uninitialized>
         <run_address>0x2848</run_address>
         <size>0x4</size>
      </object_component>
      <object_component id="oc-2d5">
         <name>.common:TxFrequency</name>
         <uninitialized>true</uninitialized>
         <run_address>0x2840</run_address>
         <size>0x4</size>
      </object_component>
      <object_component id="oc-2d7">
         <name>.common:RxFrequency</name>
         <uninitialized>true</uninitialized>
         <run_address>0x283c</run_address>
         <size>0x4</size>
      </object_component>
      <object_component id="oc-2d8">
         <name>.common:TxRepeatNb</name>
         <uninitialized>true</uninitialized>
         <run_address>0x2864</run_address>
         <size>0x1</size>
      </object_component>
      <object_component id="oc-474">
         <name>.common:u32_Gfrequency</name>
         <uninitialized>true</uninitialized>
         <run_address>0x2854</run_address>
         <size>0x4</size>
      </object_component>
      <object_component id="oc-2d6">
         <name>.common:Std</name>
         <uninitialized>true</uninitialized>
         <run_address>0x285c</run_address>
         <size>0x2</size>
      </object_component>
      <object_component id="oc-612">
         <name>.common:AES_IO</name>
         <uninitialized>true</uninitialized>
         <run_address>0x27f2</run_address>
         <size>0x10</size>
      </object_component>
      <object_component id="oc-783">
         <name>.common:__TI_tmpnams</name>
         <uninitialized>true</uninitialized>
         <run_address>0x2752</run_address>
         <size>0xa0</size>
      </object_component>
      <object_component id="oc-78c">
         <name>.common:parmbuf</name>
         <uninitialized>true</uninitialized>
         <run_address>0x280e</run_address>
         <size>0x8</size>
      </object_component>
      <object_component id="oc-701">
         <name>.common:sys_free</name>
         <uninitialized>true</uninitialized>
         <run_address>0x2850</run_address>
         <size>0x4</size>
      </object_component>
      <object_component id="oc-77b">
         <name>.common:sys_base</name>
         <uninitialized>true</uninitialized>
         <run_address>0x284c</run_address>
         <size>0x4</size>
      </object_component>
      <object_component id="oc-77a">
         <name>.common:memsize</name>
         <uninitialized>true</uninitialized>
         <run_address>0x2862</run_address>
         <size>0x2</size>
      </object_component>
      <object_component id="oc-d3">
         <name>.sysmem</name>
         <uninitialized>true</uninitialized>
         <run_address>0x298c</run_address>
         <size>0x6</size>
         <input_file_ref idref="fl-a1"/>
      </object_component>
      <object_component id="oc-870">
         <name>.sysmem</name>
         <uninitialized>true</uninitialized>
         <run_address>0x298c</run_address>
         <size>0x0</size>
      </object_component>
      <object_component id="oc-cf">
         <name>.stack</name>
         <uninitialized>true</uninitialized>
         <run_address>0x4360</run_address>
         <size>0x4</size>
         <input_file_ref idref="fl-55"/>
      </object_component>
      <object_component id="oc-86f">
         <name>.stack</name>
         <uninitialized>true</uninitialized>
         <run_address>0x4360</run_address>
         <size>0x0</size>
      </object_component>
      <object_component id="oc-20d">
         <name>.text:parseHostCmd</name>
         <load_address>0x10000</load_address>
         <run_address>0x10000</run_address>
         <size>0x85e</size>
         <input_file_ref idref="fl-d"/>
      </object_component>
      <object_component id="oc-687">
         <name>.text:aes_enc_dec</name>
         <load_address>0x1085e</load_address>
         <run_address>0x1085e</run_address>
         <size>0x3c0</size>
         <input_file_ref idref="fl-15"/>
      </object_component>
      <object_component id="oc-761">
         <name>.text:__TI_frcmpyd</name>
         <load_address>0x10c1e</load_address>
         <run_address>0x10c1e</run_address>
         <size>0x2e4</size>
         <input_file_ref idref="fl-9c"/>
      </object_component>
      <object_component id="oc-6bb">
         <name>.text:__mspabi_mpyd</name>
         <load_address>0x10f02</load_address>
         <run_address>0x10f02</run_address>
         <size>0x282</size>
         <input_file_ref idref="fl-87"/>
      </object_component>
      <object_component id="oc-32e">
         <name>.text:change_frequency</name>
         <load_address>0x11184</load_address>
         <run_address>0x11184</run_address>
         <size>0x204</size>
         <input_file_ref idref="fl-1f"/>
      </object_component>
      <object_component id="oc-4ce">
         <name>.text:DecodeFrame</name>
         <load_address>0x11388</load_address>
         <run_address>0x11388</run_address>
         <size>0x1f4</size>
         <input_file_ref idref="fl-24"/>
      </object_component>
      <object_component id="oc-366">
         <name>.text:SfxTxTestMode</name>
         <load_address>0x1157c</load_address>
         <run_address>0x1157c</run_address>
         <size>0x1d8</size>
         <input_file_ref idref="fl-1f"/>
      </object_component>
      <object_component id="oc-314">
         <name>.text:MakeFrame</name>
         <load_address>0x11754</load_address>
         <run_address>0x11754</run_address>
         <size>0x1ba</size>
         <input_file_ref idref="fl-1f"/>
      </object_component>
      <object_component id="oc-1ef">
         <name>.text:SfxSendFrame</name>
         <load_address>0x1190e</load_address>
         <run_address>0x1190e</run_address>
         <size>0x172</size>
         <input_file_ref idref="fl-1f"/>
      </object_component>
      <object_component id="oc-352">
         <name>.text:OutOfBandFrame</name>
         <load_address>0x11a80</load_address>
         <run_address>0x11a80</run_address>
         <size>0x16a</size>
         <input_file_ref idref="fl-1f"/>
      </object_component>
      <object_component id="oc-3b5">
         <name>.text:SfxSendBit</name>
         <load_address>0x11bea</load_address>
         <run_address>0x11bea</run_address>
         <size>0x156</size>
         <input_file_ref idref="fl-1f"/>
      </object_component>
      <object_component id="oc-1d0">
         <name>.text:SfxInit</name>
         <load_address>0x11d40</load_address>
         <run_address>0x11d40</run_address>
         <size>0x126</size>
         <input_file_ref idref="fl-1f"/>
      </object_component>
      <object_component id="oc-52b">
         <name>.text:bspMcuGetSystemClockSettings</name>
         <load_address>0x11e66</load_address>
         <run_address>0x11e66</run_address>
         <size>0x10c</size>
         <input_file_ref idref="fl-12"/>
      </object_component>
      <object_component id="oc-5e8">
         <name>.text:RADIO_modulate</name>
         <load_address>0x11f72</load_address>
         <run_address>0x11f72</run_address>
         <size>0x100</size>
         <input_file_ref idref="fl-5"/>
      </object_component>
      <object_component id="oc-2fa">
         <name>.text:fputs</name>
         <load_address>0x12072</load_address>
         <run_address>0x12072</run_address>
         <size>0xf0</size>
         <input_file_ref idref="fl-66"/>
      </object_component>
      <object_component id="oc-34c">
         <name>.text:ReceiveLoop</name>
         <load_address>0x12162</load_address>
         <run_address>0x12162</run_address>
         <size>0xee</size>
         <input_file_ref idref="fl-1f"/>
      </object_component>
      <object_component id="oc-561">
         <name>.text:setvbuf</name>
         <load_address>0x12250</load_address>
         <run_address>0x12250</run_address>
         <size>0xe0</size>
         <input_file_ref idref="fl-9e"/>
      </object_component>
      <object_component id="oc-36c">
         <name>.text:SfxRxTestMode</name>
         <load_address>0x12330</load_address>
         <run_address>0x12330</run_address>
         <size>0xd8</size>
         <input_file_ref idref="fl-1f"/>
      </object_component>
      <object_component id="oc-4c8">
         <name>.text:sfx_waitframe</name>
         <load_address>0x12408</load_address>
         <run_address>0x12408</run_address>
         <size>0xd4</size>
         <input_file_ref idref="fl-2"/>
      </object_component>
      <object_component id="oc-13a">
         <name>.text:main</name>
         <load_address>0x124dc</load_address>
         <run_address>0x124dc</run_address>
         <size>0xc4</size>
         <input_file_ref idref="fl-16"/>
      </object_component>
      <object_component id="oc-4f5">
         <name>.text:sfx_PrintRxTestResult</name>
         <load_address>0x125a0</load_address>
         <run_address>0x125a0</run_address>
         <size>0xbe</size>
         <input_file_ref idref="fl-2"/>
      </object_component>
      <object_component id="oc-654">
         <name>.text:malloc</name>
         <load_address>0x1265e</load_address>
         <run_address>0x1265e</run_address>
         <size>0xba</size>
         <input_file_ref idref="fl-a1"/>
      </object_component>
      <object_component id="oc-405">
         <name>.text:flash_write_wear_level</name>
         <load_address>0x12718</load_address>
         <run_address>0x12718</run_address>
         <size>0xb0</size>
         <input_file_ref idref="fl-7"/>
      </object_component>
      <object_component id="oc-5b6">
         <name>.text:RADIO_change_frequency</name>
         <load_address>0x127c8</load_address>
         <run_address>0x127c8</run_address>
         <size>0xa8</size>
         <input_file_ref idref="fl-5"/>
      </object_component>
      <object_component id="oc-3dd">
         <name>.text:bspSysClockSpeedSet</name>
         <load_address>0x12870</load_address>
         <run_address>0x12870</run_address>
         <size>0xa4</size>
         <input_file_ref idref="fl-12"/>
      </object_component>
      <object_component id="oc-72e">
         <name>.text:HOSTlseek</name>
         <load_address>0x12914</load_address>
         <run_address>0x12914</run_address>
         <size>0x9e</size>
         <input_file_ref idref="fl-94"/>
      </object_component>
      <object_component id="oc-328">
         <name>.text:ComputeScrambling</name>
         <load_address>0x129b2</load_address>
         <run_address>0x129b2</run_address>
         <size>0x9c</size>
         <input_file_ref idref="fl-21"/>
      </object_component>
      <object_component id="oc-454">
         <name>.text:RADIO_init_chip</name>
         <load_address>0x12a4e</load_address>
         <run_address>0x12a4e</run_address>
         <size>0x98</size>
         <input_file_ref idref="fl-5"/>
      </object_component>
      <object_component id="oc-581">
         <name>.text:sfx_AES_128_cbc_encrypt</name>
         <load_address>0x12ae6</load_address>
         <run_address>0x12ae6</run_address>
         <size>0x92</size>
         <input_file_ref idref="fl-2"/>
      </object_component>
      <object_component id="oc-64e">
         <name>.text:free</name>
         <load_address>0x12b78</load_address>
         <run_address>0x12b78</run_address>
         <size>0x8e</size>
         <input_file_ref idref="fl-a1"/>
      </object_component>
      <object_component id="oc-38c">
         <name>.text:ltoa</name>
         <load_address>0x12c06</load_address>
         <run_address>0x12c06</run_address>
         <size>0x80</size>
         <input_file_ref idref="fl-82"/>
      </object_component>
      <object_component id="oc-410">
         <name>.text:__TI_wrt_ok</name>
         <load_address>0x12c86</load_address>
         <run_address>0x12c86</run_address>
         <size>0x7e</size>
         <input_file_ref idref="fl-96"/>
      </object_component>
      <object_component id="oc-441">
         <name>.text:ComputeAES</name>
         <load_address>0x12d04</load_address>
         <run_address>0x12d04</run_address>
         <size>0x7c</size>
         <input_file_ref idref="fl-20"/>
      </object_component>
      <object_component id="oc-6b5">
         <name>.text:__mspabi_fltuld</name>
         <load_address>0x12d80</load_address>
         <run_address>0x12d80</run_address>
         <size>0x76</size>
         <input_file_ref idref="fl-65"/>
      </object_component>
      <object_component id="oc-1ca">
         <name>.text:resetCF</name>
         <load_address>0x12df6</load_address>
         <run_address>0x12df6</run_address>
         <size>0x76</size>
         <input_file_ref idref="fl-16"/>
      </object_component>
      <object_component id="oc-6d1">
         <name>.text:trxReadWriteBurstSingle</name>
         <load_address>0x12e6c</load_address>
         <run_address>0x12e6c</run_address>
         <size>0x76</size>
         <input_file_ref idref="fl-4"/>
      </object_component>
      <object_component id="oc-73a">
         <name>.text:HOSTrename</name>
         <load_address>0x12ee2</load_address>
         <run_address>0x12ee2</run_address>
         <size>0x74</size>
         <input_file_ref idref="fl-94"/>
      </object_component>
      <object_component id="oc-70d">
         <name>.text:__TI_closefile</name>
         <load_address>0x12f56</load_address>
         <run_address>0x12f56</run_address>
         <size>0x70</size>
         <input_file_ref idref="fl-a2"/>
      </object_component>
      <object_component id="oc-716">
         <name>.text:HOSTopen</name>
         <load_address>0x12fc6</load_address>
         <run_address>0x12fc6</run_address>
         <size>0x6e</size>
         <input_file_ref idref="fl-94"/>
      </object_component>
      <object_component id="oc-630">
         <name>.text:bspMcuSetVCoreUp</name>
         <load_address>0x13034</load_address>
         <run_address>0x13034</run_address>
         <size>0x6e</size>
         <input_file_ref idref="fl-12"/>
      </object_component>
      <object_component id="oc-2b1">
         <name>.text:halUartInit</name>
         <load_address>0x130a2</load_address>
         <run_address>0x130a2</run_address>
         <size>0x6e</size>
         <input_file_ref idref="fl-e"/>
      </object_component>
      <object_component id="oc-482">
         <name>.text:RADIO_start_rf_carrier</name>
         <load_address>0x13110</load_address>
         <run_address>0x13110</run_address>
         <size>0x6c</size>
         <input_file_ref idref="fl-5"/>
      </object_component>
      <object_component id="oc-120">
         <name>.text:_auto_init_hold_wdt</name>
         <load_address>0x1317c</load_address>
         <run_address>0x1317c</run_address>
         <size>0x6c</size>
         <input_file_ref idref="fl-9b"/>
      </object_component>
      <object_component id="oc-728">
         <name>.text:HOSTwrite</name>
         <load_address>0x131e8</load_address>
         <run_address>0x131e8</run_address>
         <size>0x6a</size>
         <input_file_ref idref="fl-94"/>
      </object_component>
      <object_component id="oc-60c">
         <name>.text:decode_bch</name>
         <load_address>0x13252</load_address>
         <run_address>0x13252</run_address>
         <size>0x6a</size>
         <input_file_ref idref="fl-25"/>
      </object_component>
      <object_component id="oc-3fc">
         <name>.text:flash_read_wear_level</name>
         <load_address>0x132bc</load_address>
         <run_address>0x132bc</run_address>
         <size>0x6a</size>
         <input_file_ref idref="fl-7"/>
      </object_component>
      <object_component id="oc-55b">
         <name>.text:fseek</name>
         <load_address>0x13326</load_address>
         <run_address>0x13326</run_address>
         <size>0x6a</size>
         <input_file_ref idref="fl-9d"/>
      </object_component>
      <object_component id="oc-722">
         <name>.text:HOSTread</name>
         <load_address>0x13390</load_address>
         <run_address>0x13390</run_address>
         <size>0x68</size>
         <input_file_ref idref="fl-94"/>
      </object_component>
      <object_component id="oc-e3">
         <name>.text:__TI_decompress_rle_core</name>
         <load_address>0x133f8</load_address>
         <run_address>0x133f8</run_address>
         <size>0x68</size>
         <input_file_ref idref="fl-58"/>
      </object_component>
      <object_component id="oc-6c1">
         <name>.text:__mspabi_fixdul</name>
         <load_address>0x13460</load_address>
         <run_address>0x13460</run_address>
         <size>0x68</size>
         <input_file_ref idref="fl-64"/>
      </object_component>
      <object_component id="oc-422">
         <name>.text:__TI_doflush</name>
         <load_address>0x134c8</load_address>
         <run_address>0x134c8</run_address>
         <size>0x64</size>
         <input_file_ref idref="fl-63"/>
      </object_component>
      <object_component id="oc-4bc">
         <name>.text:Switch_frequency</name>
         <load_address>0x1352c</load_address>
         <run_address>0x1352c</run_address>
         <size>0x60</size>
         <input_file_ref idref="fl-1f"/>
      </object_component>
      <object_component id="oc-2c8">
         <name>.text:sfx_malloc</name>
         <load_address>0x1358c</load_address>
         <run_address>0x1358c</run_address>
         <size>0x60</size>
         <input_file_ref idref="fl-2"/>
      </object_component>
      <object_component id="oc-334">
         <name>.text:sfx_send</name>
         <load_address>0x135ec</load_address>
         <run_address>0x135ec</run_address>
         <size>0x60</size>
         <input_file_ref idref="fl-2"/>
      </object_component>
      <object_component id="oc-69e">
         <name>.text:halDigio2IntConnect</name>
         <load_address>0x1364c</load_address>
         <run_address>0x1364c</run_address>
         <size>0x5e</size>
         <input_file_ref idref="fl-10"/>
      </object_component>
      <object_component id="oc-2df">
         <name>.text:Next_Pn11</name>
         <load_address>0x136aa</load_address>
         <run_address>0x136aa</run_address>
         <size>0x5c</size>
         <input_file_ref idref="fl-22"/>
      </object_component>
      <object_component id="oc-2e5">
         <name>.text:Next_Pn9</name>
         <load_address>0x13706</load_address>
         <run_address>0x13706</run_address>
         <size>0x5c</size>
         <input_file_ref idref="fl-22"/>
      </object_component>
      <object_component id="oc-4a0">
         <name>.text:RADIO_stop_rf_carrier</name>
         <load_address>0x13762</load_address>
         <run_address>0x13762</run_address>
         <size>0x5a</size>
         <input_file_ref idref="fl-5"/>
      </object_component>
      <object_component id="oc-48e">
         <name>.text:cc112xSpiReadReg</name>
         <load_address>0x137bc</load_address>
         <run_address>0x137bc</run_address>
         <size>0x5a</size>
         <input_file_ref idref="fl-f"/>
      </object_component>
      <object_component id="oc-59b">
         <name>.text:cc112xSpiWriteReg</name>
         <load_address>0x13816</load_address>
         <run_address>0x13816</run_address>
         <size>0x5a</size>
         <input_file_ref idref="fl-f"/>
      </object_component>
      <object_component id="oc-77d">
         <name>.text:close</name>
         <load_address>0x13870</load_address>
         <run_address>0x13870</run_address>
         <size>0x5a</size>
         <input_file_ref idref="fl-7d"/>
      </object_component>
      <object_component id="oc-7be">
         <name>.text:getdevice</name>
         <load_address>0x138ca</load_address>
         <run_address>0x138ca</run_address>
         <size>0x5a</size>
         <input_file_ref idref="fl-7d"/>
      </object_component>
      <object_component id="oc-44d">
         <name>.text:sfx_free</name>
         <load_address>0x13924</load_address>
         <run_address>0x13924</run_address>
         <size>0x5a</size>
         <input_file_ref idref="fl-2"/>
      </object_component>
      <object_component id="oc-377">
         <name>.text:stringToData</name>
         <load_address>0x1397e</load_address>
         <run_address>0x1397e</run_address>
         <size>0x5a</size>
         <input_file_ref idref="fl-d"/>
      </object_component>
      <object_component id="oc-300">
         <name>.text:fflush</name>
         <load_address>0x139d8</load_address>
         <run_address>0x139d8</run_address>
         <size>0x58</size>
         <input_file_ref idref="fl-63"/>
      </object_component>
      <object_component id="oc-1c4">
         <name>.text:initMCU</name>
         <load_address>0x13a30</load_address>
         <run_address>0x13a30</run_address>
         <size>0x58</size>
         <input_file_ref idref="fl-16"/>
      </object_component>
      <object_component id="oc-46c">
         <name>.text</name>
         <load_address>0x13a88</load_address>
         <run_address>0x13a88</run_address>
         <size>0x58</size>
         <input_file_ref idref="fl-60"/>
      </object_component>
      <object_component id="oc-340">
         <name>.text:sfx_delay</name>
         <load_address>0x13ae0</load_address>
         <run_address>0x13ae0</run_address>
         <size>0x56</size>
         <input_file_ref idref="fl-2"/>
      </object_component>
      <object_component id="oc-71c">
         <name>.text:HOSTclose</name>
         <load_address>0x13b36</load_address>
         <run_address>0x13b36</run_address>
         <size>0x4c</size>
         <input_file_ref idref="fl-94"/>
      </object_component>
      <object_component id="oc-552">
         <name>.text:flash_erase_segment</name>
         <load_address>0x13b82</load_address>
         <run_address>0x13b82</run_address>
         <size>0x4a</size>
         <input_file_ref idref="fl-7"/>
      </object_component>
      <object_component id="oc-6a4">
         <name>.text:halDigio2IntSetEdge</name>
         <load_address>0x13bcc</load_address>
         <run_address>0x13bcc</run_address>
         <size>0x4a</size>
         <input_file_ref idref="fl-10"/>
      </object_component>
      <object_component id="oc-5da">
         <name>.text:trx16BitRegAccess</name>
         <load_address>0x13c16</load_address>
         <run_address>0x13c16</run_address>
         <size>0x48</size>
         <input_file_ref idref="fl-4"/>
      </object_component>
      <object_component id="oc-734">
         <name>.text:HOSTunlink</name>
         <load_address>0x13c5e</load_address>
         <run_address>0x13c5e</run_address>
         <size>0x46</size>
         <input_file_ref idref="fl-94"/>
      </object_component>
      <object_component id="oc-1be">
         <name>.text:dynamic_memory_init</name>
         <load_address>0x13ca4</load_address>
         <run_address>0x13ca4</run_address>
         <size>0x46</size>
         <input_file_ref idref="fl-16"/>
      </object_component>
      <object_component id="oc-213">
         <name>.text:bspKeyPushed</name>
         <load_address>0x13cea</load_address>
         <run_address>0x13cea</run_address>
         <size>0x44</size>
         <input_file_ref idref="fl-13"/>
      </object_component>
      <object_component id="oc-54c">
         <name>.text:flash_write_data</name>
         <load_address>0x13d2e</load_address>
         <run_address>0x13d2e</run_address>
         <size>0x42</size>
         <input_file_ref idref="fl-7"/>
      </object_component>
      <object_component id="oc-706">
         <name>.text:minit</name>
         <load_address>0x13d70</load_address>
         <run_address>0x13d70</run_address>
         <size>0x42</size>
         <input_file_ref idref="fl-a1"/>
      </object_component>
      <object_component id="oc-502">
         <name>.text:hexToByte</name>
         <load_address>0x13db2</load_address>
         <run_address>0x13db2</run_address>
         <size>0x40</size>
         <input_file_ref idref="fl-d"/>
      </object_component>
      <object_component id="oc-50d">
         <name>.text</name>
         <load_address>0x13df2</load_address>
         <run_address>0x13df2</run_address>
         <size>0x40</size>
         <input_file_ref idref="fl-5f"/>
      </object_component>
      <object_component id="oc-392">
         <name>.text:SfxClose</name>
         <load_address>0x13e32</load_address>
         <run_address>0x13e32</run_address>
         <size>0x3e</size>
         <input_file_ref idref="fl-1f"/>
      </object_component>
      <object_component id="oc-7b4">
         <name>.text:l_asr_const</name>
         <load_address>0x13e70</load_address>
         <run_address>0x13e70</run_address>
         <size>0x3e</size>
         <input_file_ref idref="fl-9a"/>
      </object_component>
      <object_component id="oc-602">
         <name>.text:l_lsl_const</name>
         <load_address>0x13eae</load_address>
         <run_address>0x13eae</run_address>
         <size>0x3e</size>
         <input_file_ref idref="fl-7f"/>
      </object_component>
      <object_component id="oc-6c7">
         <name>.text:l_lsr_const</name>
         <load_address>0x13eec</load_address>
         <run_address>0x13eec</run_address>
         <size>0x3e</size>
         <input_file_ref idref="fl-81"/>
      </object_component>
      <object_component id="oc-646">
         <name>.text:lseek</name>
         <load_address>0x13f2a</load_address>
         <run_address>0x13f2a</run_address>
         <size>0x3e</size>
         <input_file_ref idref="fl-7d"/>
      </object_component>
      <object_component id="oc-2ab">
         <name>.text:trxRfSpiInterfaceInit</name>
         <load_address>0x13f68</load_address>
         <run_address>0x13f68</run_address>
         <size>0x3e</size>
         <input_file_ref idref="fl-4"/>
      </object_component>
      <object_component id="oc-428">
         <name>.text:write</name>
         <load_address>0x13fa6</load_address>
         <run_address>0x13fa6</run_address>
         <size>0x3c</size>
         <input_file_ref idref="fl-7d"/>
      </object_component>
      <object_component id="oc-5d4">
         <name>.text:trx8BitRegAccess</name>
         <load_address>0x13fe2</load_address>
         <run_address>0x13fe2</run_address>
         <size>0x3a</size>
         <input_file_ref idref="fl-4"/>
      </object_component>
      <object_component id="oc-17e">
         <name>.text:circBufGetData</name>
         <load_address>0x1401c</load_address>
         <run_address>0x1401c</run_address>
         <size>0x38</size>
         <input_file_ref idref="fl-c"/>
      </object_component>
      <object_component id="oc-65a">
         <name>.text:__TI_cleanup</name>
         <load_address>0x14054</load_address>
         <run_address>0x14054</run_address>
         <size>0x36</size>
         <input_file_ref idref="fl-a0"/>
      </object_component>
      <object_component id="oc-78f">
         <name>.text:__TI_writemsg</name>
         <load_address>0x1408a</load_address>
         <run_address>0x1408a</run_address>
         <size>0x36</size>
         <input_file_ref idref="fl-95"/>
      </object_component>
      <object_component id="oc-185">
         <name>.text:circBufPutData</name>
         <load_address>0x140c0</load_address>
         <run_address>0x140c0</run_address>
         <size>0x36</size>
         <input_file_ref idref="fl-c"/>
      </object_component>
      <object_component id="oc-447">
         <name>.text:crc16</name>
         <load_address>0x140f6</load_address>
         <run_address>0x140f6</run_address>
         <size>0x36</size>
         <input_file_ref idref="fl-23"/>
      </object_component>
      <object_component id="oc-28f">
         <name>.text:memory_block_init</name>
         <load_address>0x1412c</load_address>
         <run_address>0x1412c</run_address>
         <size>0x36</size>
         <input_file_ref idref="fl-16"/>
      </object_component>
      <object_component id="oc-795">
         <name>.text:__TI_readmsg</name>
         <load_address>0x14162</load_address>
         <run_address>0x14162</run_address>
         <size>0x32</size>
         <input_file_ref idref="fl-95"/>
      </object_component>
      <object_component id="oc-615">
         <name>.text:crc8</name>
         <load_address>0x14194</load_address>
         <run_address>0x14194</run_address>
         <size>0x32</size>
         <input_file_ref idref="fl-23"/>
      </object_component>
      <object_component id="oc-7da">
         <name>.text:strncpy</name>
         <load_address>0x141c6</load_address>
         <run_address>0x141c6</run_address>
         <size>0x32</size>
         <input_file_ref idref="fl-93"/>
      </object_component>
      <object_component id="oc-636">
         <name>.text:bspMcuSetVCoreDown</name>
         <load_address>0x141f8</load_address>
         <run_address>0x141f8</run_address>
         <size>0x30</size>
         <input_file_ref idref="fl-12"/>
      </object_component>
      <object_component id="oc-784">
         <name>.text:unlink</name>
         <load_address>0x14228</load_address>
         <run_address>0x14228</run_address>
         <size>0x30</size>
         <input_file_ref idref="fl-7d"/>
      </object_component>
      <object_component id="oc-537">
         <name>.text:bspAssert</name>
         <load_address>0x14258</load_address>
         <run_address>0x14258</run_address>
         <size>0x2e</size>
         <input_file_ref idref="fl-12"/>
      </object_component>
      <object_component id="oc-3d7">
         <name>.text:bspMcuStartXT1</name>
         <load_address>0x14286</load_address>
         <run_address>0x14286</run_address>
         <size>0x2e</size>
         <input_file_ref idref="fl-12"/>
      </object_component>
      <object_component id="oc-37e">
         <name>.text:byteToHex</name>
         <load_address>0x142b4</load_address>
         <run_address>0x142b4</run_address>
         <size>0x2e</size>
         <input_file_ref idref="fl-d"/>
      </object_component>
      <object_component id="oc-12c">
         <name>.text:exit</name>
         <load_address>0x142e2</load_address>
         <run_address>0x142e2</run_address>
         <size>0x2e</size>
         <input_file_ref idref="fl-61"/>
      </object_component>
      <object_component id="oc-7e0">
         <name>.text:finddevice</name>
         <load_address>0x14310</load_address>
         <run_address>0x14310</run_address>
         <size>0x2e</size>
         <input_file_ref idref="fl-7d"/>
      </object_component>
      <object_component id="oc-753">
         <name>.text:halDigio2IntClear</name>
         <load_address>0x1433e</load_address>
         <run_address>0x1433e</run_address>
         <size>0x2e</size>
         <input_file_ref idref="fl-10"/>
      </object_component>
      <object_component id="oc-3af">
         <name>.text:dataToString</name>
         <load_address>0x1436c</load_address>
         <run_address>0x1436c</run_address>
         <size>0x2c</size>
         <input_file_ref idref="fl-d"/>
      </object_component>
      <object_component id="oc-372">
         <name>.text</name>
         <load_address>0x14398</load_address>
         <run_address>0x14398</run_address>
         <size>0x2c</size>
         <input_file_ref idref="fl-5d"/>
      </object_component>
      <object_component id="oc-58b">
         <name>.text:free_memory_block</name>
         <load_address>0x143c4</load_address>
         <run_address>0x143c4</run_address>
         <size>0x2a</size>
         <input_file_ref idref="fl-2"/>
      </object_component>
      <object_component id="oc-6ac">
         <name>.text:halDigio2IntEnable</name>
         <load_address>0x143ee</load_address>
         <run_address>0x143ee</run_address>
         <size>0x2a</size>
         <input_file_ref idref="fl-10"/>
      </object_component>
      <object_component id="oc-2d9">
         <name>.text:sfx_get_nv_mem</name>
         <load_address>0x14418</load_address>
         <run_address>0x14418</run_address>
         <size>0x28</size>
         <input_file_ref idref="fl-2"/>
      </object_component>
      <object_component id="oc-29f">
         <name>.text:bspKeyInit</name>
         <load_address>0x14440</load_address>
         <run_address>0x14440</run_address>
         <size>0x26</size>
         <input_file_ref idref="fl-13"/>
      </object_component>
      <object_component id="oc-592">
         <name>.text:trxSpiCmdStrobe</name>
         <load_address>0x14466</load_address>
         <run_address>0x14466</run_address>
         <size>0x26</size>
         <input_file_ref idref="fl-4"/>
      </object_component>
      <object_component id="oc-5e2">
         <name>.text:Read_Bit</name>
         <load_address>0x1448c</load_address>
         <run_address>0x1448c</run_address>
         <size>0x24</size>
         <input_file_ref idref="fl-6"/>
      </object_component>
      <object_component id="oc-531">
         <name>.text:bspMcuSetVCore</name>
         <load_address>0x144b0</load_address>
         <run_address>0x144b0</run_address>
         <size>0x24</size>
         <input_file_ref idref="fl-12"/>
      </object_component>
      <object_component id="oc-8d">
         <name>.text:decompress:ZI:__TI_zero_init</name>
         <load_address>0x144d4</load_address>
         <run_address>0x144d4</run_address>
         <size>0x24</size>
         <input_file_ref idref="fl-59"/>
      </object_component>
      <object_component id="oc-4a7">
         <name>.text:TIMER_downlink_timing_init</name>
         <load_address>0x144f8</load_address>
         <run_address>0x144f8</run_address>
         <size>0x22</size>
         <input_file_ref idref="fl-3"/>
      </object_component>
      <object_component id="oc-494">
         <name>.text:TxProcess</name>
         <load_address>0x1451a</load_address>
         <run_address>0x1451a</run_address>
         <size>0x22</size>
         <input_file_ref idref="fl-6"/>
      </object_component>
      <object_component id="oc-178">
         <name>.text:circBufRemainder</name>
         <load_address>0x1453c</load_address>
         <run_address>0x1453c</run_address>
         <size>0x22</size>
         <input_file_ref idref="fl-c"/>
      </object_component>
      <object_component id="oc-3a4">
         <name>.text</name>
         <load_address>0x1455e</load_address>
         <run_address>0x1455e</run_address>
         <size>0x22</size>
         <input_file_ref idref="fl-8d"/>
      </object_component>
      <object_component id="oc-207">
         <name>.text:uartGetStr</name>
         <load_address>0x14580</load_address>
         <run_address>0x14580</run_address>
         <size>0x22</size>
         <input_file_ref idref="fl-e"/>
      </object_component>
      <object_component id="oc-2a5">
         <name>.text:bspLedInit</name>
         <load_address>0x145a2</load_address>
         <run_address>0x145a2</run_address>
         <size>0x20</size>
         <input_file_ref idref="fl-14"/>
      </object_component>
      <object_component id="oc-31a">
         <name>.text:sfx_init</name>
         <load_address>0x145c2</load_address>
         <run_address>0x145c2</run_address>
         <size>0x20</size>
         <input_file_ref idref="fl-2"/>
      </object_component>
      <object_component id="oc-5a7">
         <name>.text:trxIsrConnect</name>
         <load_address>0x145e2</load_address>
         <run_address>0x145e2</run_address>
         <size>0x20</size>
         <input_file_ref idref="fl-b"/>
      </object_component>
      <object_component id="oc-3a9">
         <name>.text:uartPutStr</name>
         <load_address>0x14602</load_address>
         <run_address>0x14602</run_address>
         <size>0x20</size>
         <input_file_ref idref="fl-e"/>
      </object_component>
      <object_component id="oc-299">
         <name>.text:bspInit</name>
         <load_address>0x14622</load_address>
         <run_address>0x14622</run_address>
         <size>0x1e</size>
         <input_file_ref idref="fl-12"/>
      </object_component>
      <object_component id="oc-2eb">
         <name>.text:sfx_set_nv_mem</name>
         <load_address>0x14640</load_address>
         <run_address>0x14640</run_address>
         <size>0x1c</size>
         <input_file_ref idref="fl-2"/>
      </object_component>
      <object_component id="oc-7d4">
         <name>.text:strchr</name>
         <load_address>0x1465c</load_address>
         <run_address>0x1465c</run_address>
         <size>0x1c</size>
         <input_file_ref idref="fl-90"/>
      </object_component>
      <object_component id="oc-7f1">
         <name>.text:strcmp</name>
         <load_address>0x14678</load_address>
         <run_address>0x14678</run_address>
         <size>0x1c</size>
         <input_file_ref idref="fl-91"/>
      </object_component>
      <object_component id="oc-2b7">
         <name>.text:TIMER_bitrate_init</name>
         <load_address>0x14694</load_address>
         <run_address>0x14694</run_address>
         <size>0x1a</size>
         <input_file_ref idref="fl-3"/>
      </object_component>
      <object_component id="oc-1d7">
         <name>.text:_abort_msg</name>
         <load_address>0x146ae</load_address>
         <run_address>0x146ae</run_address>
         <size>0x1a</size>
         <input_file_ref idref="fl-54"/>
      </object_component>
      <object_component id="oc-398">
         <name>.text:RADIO_stop_unmodulated_cw</name>
         <load_address>0x146c8</load_address>
         <run_address>0x146c8</run_address>
         <size>0x18</size>
         <input_file_ref idref="fl-5"/>
      </object_component>
      <object_component id="oc-1dd">
         <name>.text:bspLedClear</name>
         <load_address>0x146e0</load_address>
         <run_address>0x146e0</run_address>
         <size>0x18</size>
         <input_file_ref idref="fl-14"/>
      </object_component>
      <object_component id="oc-1e3">
         <name>.text:bspLedSet</name>
         <load_address>0x146f8</load_address>
         <run_address>0x146f8</run_address>
         <size>0x18</size>
         <input_file_ref idref="fl-14"/>
      </object_component>
      <object_component id="oc-544">
         <name>.text:flash_read_data</name>
         <load_address>0x14710</load_address>
         <run_address>0x14710</run_address>
         <size>0x18</size>
         <input_file_ref idref="fl-7"/>
      </object_component>
      <object_component id="oc-247">
         <name>.text:halUartStartTx</name>
         <load_address>0x14728</load_address>
         <run_address>0x14728</run_address>
         <size>0x18</size>
         <input_file_ref idref="fl-e"/>
      </object_component>
      <object_component id="oc-41c">
         <name>.text:memchr</name>
         <load_address>0x14740</load_address>
         <run_address>0x14740</run_address>
         <size>0x16</size>
         <input_file_ref idref="fl-83"/>
      </object_component>
      <object_component id="oc-35d">
         <name>.text:memset</name>
         <load_address>0x14756</load_address>
         <run_address>0x14756</run_address>
         <size>0x16</size>
         <input_file_ref idref="fl-85"/>
      </object_component>
      <object_component id="oc-4fc">
         <name>.text</name>
         <load_address>0x1476c</load_address>
         <run_address>0x1476c</run_address>
         <size>0x16</size>
         <input_file_ref idref="fl-5e"/>
      </object_component>
      <object_component id="oc-320">
         <name>.text</name>
         <load_address>0x14782</load_address>
         <run_address>0x14782</run_address>
         <size>0x16</size>
         <input_file_ref idref="fl-8a"/>
      </object_component>
      <object_component id="oc-4db">
         <name>.text:sfx_get_voltage_temperature</name>
         <load_address>0x14798</load_address>
         <run_address>0x14798</run_address>
         <size>0x16</size>
         <input_file_ref idref="fl-2"/>
      </object_component>
      <object_component id="oc-697">
         <name>.text:trxClearIntFlag</name>
         <load_address>0x147ae</load_address>
         <run_address>0x147ae</run_address>
         <size>0x16</size>
         <input_file_ref idref="fl-b"/>
      </object_component>
      <object_component id="oc-5ad">
         <name>.text:trxEnableInt</name>
         <load_address>0x147c4</load_address>
         <run_address>0x147c4</run_address>
         <size>0x16</size>
         <input_file_ref idref="fl-b"/>
      </object_component>
      <object_component id="oc-d6">
         <name>.text:memcpy</name>
         <load_address>0x147da</load_address>
         <run_address>0x147da</run_address>
         <size>0x14</size>
         <input_file_ref idref="fl-84"/>
      </object_component>
      <object_component id="oc-4b6">
         <name>.text:sfx_WaitForTimeoutRx</name>
         <load_address>0x147ee</load_address>
         <run_address>0x147ee</run_address>
         <size>0x14</size>
         <input_file_ref idref="fl-2"/>
      </object_component>
      <object_component id="oc-6b">
         <name>.text:decompress:none:__TI_decompress_none</name>
         <load_address>0x14802</load_address>
         <run_address>0x14802</run_address>
         <size>0x12</size>
         <input_file_ref idref="fl-57"/>
      </object_component>
      <object_component id="oc-7a1">
         <name>.text:strcpy</name>
         <load_address>0x14814</load_address>
         <run_address>0x14814</run_address>
         <size>0x12</size>
         <input_file_ref idref="fl-9f"/>
      </object_component>
      <object_component id="oc-5f8">
         <name>.text:cc112xSpiReadRxFifo</name>
         <load_address>0x14826</load_address>
         <run_address>0x14826</run_address>
         <size>0x10</size>
         <input_file_ref idref="fl-f"/>
      </object_component>
      <object_component id="oc-748">
         <name>.text:galois_mul2</name>
         <load_address>0x14836</load_address>
         <run_address>0x14836</run_address>
         <size>0x10</size>
         <input_file_ref idref="fl-15"/>
      </object_component>
      <object_component id="oc-607">
         <name>.text:l_lsl</name>
         <load_address>0x14846</load_address>
         <run_address>0x14846</run_address>
         <size>0x10</size>
         <input_file_ref idref="fl-7f"/>
      </object_component>
      <object_component id="oc-387">
         <name>.text:l_lsr</name>
         <load_address>0x14856</load_address>
         <run_address>0x14856</run_address>
         <size>0x10</size>
         <input_file_ref idref="fl-81"/>
      </object_component>
      <object_component id="oc-488">
         <name>.text:TIMER_bitrate_start</name>
         <load_address>0x14866</load_address>
         <run_address>0x14866</run_address>
         <size>0xe</size>
         <input_file_ref idref="fl-3"/>
      </object_component>
      <object_component id="oc-416">
         <name>.text:strlen</name>
         <load_address>0x14874</load_address>
         <run_address>0x14874</run_address>
         <size>0xe</size>
         <input_file_ref idref="fl-92"/>
      </object_component>
      <object_component id="oc-18e">
         <name>.text:uartPutChar</name>
         <load_address>0x14882</load_address>
         <run_address>0x14882</run_address>
         <size>0xe</size>
         <input_file_ref idref="fl-e"/>
      </object_component>
      <object_component id="oc-49a">
         <name>.text:TIMER_bitrate_stop</name>
         <load_address>0x14890</load_address>
         <run_address>0x14890</run_address>
         <size>0xc</size>
         <input_file_ref idref="fl-3"/>
      </object_component>
      <object_component id="oc-4d4">
         <name>.text:sfx_StopRxTimeout</name>
         <load_address>0x1489c</load_address>
         <run_address>0x1489c</run_address>
         <size>0xc</size>
         <input_file_ref idref="fl-2"/>
      </object_component>
      <object_component id="oc-39e">
         <name>.text:RADIO_start_unmodulated_cw</name>
         <load_address>0x148a8</load_address>
         <run_address>0x148a8</run_address>
         <size>0xa</size>
         <input_file_ref idref="fl-5"/>
      </object_component>
      <object_component id="oc-512">
         <name>.text:abs</name>
         <load_address>0x148b2</load_address>
         <run_address>0x148b2</run_address>
         <size>0xa</size>
         <input_file_ref idref="fl-98"/>
      </object_component>
      <object_component id="oc-16b">
         <name>.text</name>
         <load_address>0x148bc</load_address>
         <run_address>0x148bc</run_address>
         <size>0xa</size>
         <input_file_ref idref="fl-7e"/>
      </object_component>
      <object_component id="oc-6db">
         <name>.text</name>
         <load_address>0x148c6</load_address>
         <run_address>0x148c6</run_address>
         <size>0xa</size>
         <input_file_ref idref="fl-80"/>
      </object_component>
      <object_component id="oc-4af">
         <name>.text:RADIO_close_chip</name>
         <load_address>0x148d0</load_address>
         <run_address>0x148d0</run_address>
         <size>0x8</size>
         <input_file_ref idref="fl-5"/>
      </object_component>
      <object_component id="oc-5a1">
         <name>.text:RADIO_rx_packet_interrupt_handler</name>
         <load_address>0x148d8</load_address>
         <run_address>0x148d8</run_address>
         <size>0x8</size>
         <input_file_ref idref="fl-5"/>
      </object_component>
      <object_component id="oc-4c2">
         <name>.text:sfx_StartRxTimeout</name>
         <load_address>0x148e0</load_address>
         <run_address>0x148e0</run_address>
         <size>0x8</size>
         <input_file_ref idref="fl-2"/>
      </object_component>
      <object_component id="oc-33a">
         <name>.text:sfx_StartWaitingTimeout</name>
         <load_address>0x148e8</load_address>
         <run_address>0x148e8</run_address>
         <size>0x8</size>
         <input_file_ref idref="fl-2"/>
      </object_component>
      <object_component id="oc-475">
         <name>.text:sfx_change_frequency</name>
         <load_address>0x148f0</load_address>
         <run_address>0x148f0</run_address>
         <size>0x8</size>
         <input_file_ref idref="fl-2"/>
      </object_component>
      <object_component id="oc-346">
         <name>.text:sfx_close</name>
         <load_address>0x148f8</load_address>
         <run_address>0x148f8</run_address>
         <size>0x8</size>
         <input_file_ref idref="fl-2"/>
      </object_component>
      <object_component id="oc-4e1">
         <name>.text:sfx_getrssivalue</name>
         <load_address>0x14900</load_address>
         <run_address>0x14900</run_address>
         <size>0x8</size>
         <input_file_ref idref="fl-2"/>
      </object_component>
      <object_component id="oc-47c">
         <name>.text:TxInit</name>
         <load_address>0x14908</load_address>
         <run_address>0x14908</run_address>
         <size>0x6</size>
         <input_file_ref idref="fl-6"/>
      </object_component>
      <object_component id="oc-71">
         <name>.text:decompress:rle24:__TI_decompress_rle24</name>
         <load_address>0x1490e</load_address>
         <run_address>0x1490e</run_address>
         <size>0x6</size>
         <input_file_ref idref="fl-58"/>
      </object_component>
      <object_component id="oc-1f5">
         <name>.text:uartGetRxEndOfStr</name>
         <load_address>0x14914</load_address>
         <run_address>0x14914</run_address>
         <size>0x6</size>
         <input_file_ref idref="fl-e"/>
      </object_component>
      <object_component id="oc-201">
         <name>.text:uartGetRxStrLength</name>
         <load_address>0x1491a</load_address>
         <run_address>0x1491a</run_address>
         <size>0x6</size>
         <input_file_ref idref="fl-e"/>
      </object_component>
      <object_component id="oc-1fb">
         <name>.text:uartResetRxEndOfStr</name>
         <load_address>0x14920</load_address>
         <run_address>0x14920</run_address>
         <size>0x6</size>
         <input_file_ref idref="fl-e"/>
      </object_component>
      <object_component id="oc-11a">
         <name>.text:_system_pre_init</name>
         <load_address>0x14926</load_address>
         <run_address>0x14926</run_address>
         <size>0x4</size>
         <input_file_ref idref="fl-8f"/>
      </object_component>
      <object_component id="oc-142">
         <name>.text:abort</name>
         <load_address>0x1492a</load_address>
         <run_address>0x1492a</run_address>
         <size>0x4</size>
         <input_file_ref idref="fl-61"/>
      </object_component>
      <object_component id="oc-27b">
         <name>.text:_nop</name>
         <load_address>0x1492e</load_address>
         <run_address>0x1492e</run_address>
         <size>0x2</size>
         <input_file_ref idref="fl-97"/>
      </object_component>
      <object_component id="oc-fb">
         <name>.text:_isr:USCI_A1_ISR</name>
         <load_address>0x4400</load_address>
         <run_address>0x4400</run_address>
         <size>0x84</size>
         <input_file_ref idref="fl-e"/>
      </object_component>
      <object_component id="oc-101">
         <name>.text:_isr:port1_ISR</name>
         <load_address>0x4484</load_address>
         <run_address>0x4484</run_address>
         <size>0x4e</size>
         <input_file_ref idref="fl-10"/>
      </object_component>
      <object_component id="oc-f5">
         <name>.text:_isr:port2_ISR</name>
         <load_address>0x44d2</load_address>
         <run_address>0x44d2</run_address>
         <size>0x4e</size>
         <input_file_ref idref="fl-10"/>
[...]
         <value>0x13a88</value>
         <object_component_ref idref="oc-46c"/>
      </symbol>
      <symbol id="sm-bc5">
         <name>C$$EXIT</name>
         <value>0x1492a</value>
         <object_component_ref idref="oc-142"/>
      </symbol>
      <symbol id="sm-bc6">
         <name>abort</name>
         <value>0x1492a</value>
         <object_component_ref idref="oc-142"/>
      </symbol>
      <symbol id="sm-bc7">
         <name>exit</name>
         <value>0x142e2</value>
         <object_component_ref idref="oc-12c"/>
      </symbol>
      <symbol id="sm-bd6">
         <name>__TI_dtors_ptr</name>
         <value>0x2696</value>
         <object_component_ref idref="oc-1b2"/>
      </symbol>
      <symbol id="sm-bd7">
         <name>__TI_cleanup_ptr</name>
         <value>0x2692</value>
         <object_component_ref idref="oc-1b5"/>
      </symbol>
      <symbol id="sm-bf3">
         <name>__TI_doflush</name>
         <value>0x134c8</value>
         <object_component_ref idref="oc-422"/>
      </symbol>
      <symbol id="sm-bf4">
         <name>fflush</name>
         <value>0x139d8</value>
         <object_component_ref idref="oc-300"/>
      </symbol>
      <symbol id="sm-c09">
         <name>__mspabi_fixdul</name>
         <value>0x13460</value>
         <object_component_ref idref="oc-6c1"/>
      </symbol>
      <symbol id="sm-c1e">
         <name>__mspabi_fltuld</name>
         <value>0x12d80</value>
         <object_component_ref idref="oc-6b5"/>
      </symbol>
      <symbol id="sm-c3b">
         <name>fputs</name>
         <value>0x12072</value>
         <object_component_ref idref="oc-2fa"/>
      </symbol>
      <symbol id="sm-c5e">
         <name>__TI_int41</name>
         <value>0xffd2</value>
         <object_component_ref idref="oc-77"/>
      </symbol>
      <symbol id="sm-c61">
         <name>__TI_int43</name>
         <value>0xffd6</value>
         <object_component_ref idref="oc-79"/>
      </symbol>
      <symbol id="sm-c64">
         <name>__TI_int44</name>
         <value>0xffd8</value>
         <object_component_ref idref="oc-7a"/>
      </symbol>
      <symbol id="sm-c67">
         <name>__TI_int45</name>
         <value>0xffda</value>
         <object_component_ref idref="oc-7b"/>
      </symbol>
      <symbol id="sm-c6a">
         <name>__TI_int48</name>
         <value>0xffe0</value>
         <object_component_ref idref="oc-7e"/>
      </symbol>
      <symbol id="sm-c6d">
         <name>__TI_int50</name>
         <value>0xffe4</value>
         <object_component_ref idref="oc-80"/>
      </symbol>
      <symbol id="sm-c70">
         <name>__TI_int51</name>
         <value>0xffe6</value>
         <object_component_ref idref="oc-81"/>
      </symbol>
      <symbol id="sm-c73">
         <name>__TI_int52</name>
         <value>0xffe8</value>
         <object_component_ref idref="oc-82"/>
      </symbol>
      <symbol id="sm-c76">
         <name>__TI_int54</name>
         <value>0xffec</value>
         <object_component_ref idref="oc-84"/>
      </symbol>
      <symbol id="sm-c79">
         <name>__TI_int55</name>
         <value>0xffee</value>
         <object_component_ref idref="oc-85"/>
      </symbol>
      <symbol id="sm-c7c">
         <name>__TI_int56</name>
         <value>0xfff0</value>
         <object_component_ref idref="oc-86"/>
      </symbol>
      <symbol id="sm-c7f">
         <name>__TI_int57</name>
         <value>0xfff2</value>
         <object_component_ref idref="oc-87"/>
      </symbol>
      <symbol id="sm-c82">
         <name>__TI_int58</name>
         <value>0xfff4</value>
         <object_component_ref idref="oc-88"/>
      </symbol>
      <symbol id="sm-c85">
         <name>__TI_int59</name>
         <value>0xfff6</value>
         <object_component_ref idref="oc-89"/>
      </symbol>
      <symbol id="sm-c88">
         <name>__TI_int60</name>
         <value>0xfff8</value>
         <object_component_ref idref="oc-8a"/>
      </symbol>
      <symbol id="sm-c8b">
         <name>__TI_int61</name>
         <value>0xfffa</value>
         <object_component_ref idref="oc-8b"/>
      </symbol>
      <symbol id="sm-c8e">
         <name>__TI_int62</name>
         <value>0xfffc</value>
         <object_component_ref idref="oc-8c"/>
      </symbol>
      <symbol id="sm-c96">
         <name>__TI_ISR_TRAP</name>
         <value>0x4564</value>
         <object_component_ref idref="oc-f0"/>
      </symbol>
      <symbol id="sm-cf3">
         <name>lseek</name>
         <value>0x13f2a</value>
         <object_component_ref idref="oc-646"/>
      </symbol>
      <symbol id="sm-cf4">
         <name>write</name>
         <value>0x13fa6</value>
         <object_component_ref idref="oc-428"/>
      </symbol>
      <symbol id="sm-cf5">
         <name>close</name>
         <value>0x13870</value>
         <object_component_ref idref="oc-77d"/>
      </symbol>
      <symbol id="sm-cf6">
         <name>unlink</name>
         <value>0x14228</value>
         <object_component_ref idref="oc-784"/>
      </symbol>
      <symbol id="sm-cff">
         <name>__mspabi_slli</name>
         <value>0x148bc</value>
         <object_component_ref idref="oc-16b"/>
      </symbol>
      <symbol id="sm-d0f">
         <name>__mspabi_slll_9</name>
         <value>0x13ec6</value>
         <object_component_ref idref="oc-602"/>
      </symbol>
      <symbol id="sm-d10">
         <name>__mspabi_slll_8</name>
         <value>0x13eca</value>
         <object_component_ref idref="oc-602"/>
      </symbol>
      <symbol id="sm-d11">
         <name>__mspabi_slll_7</name>
         <value>0x13ece</value>
         <object_component_ref idref="oc-602"/>
      </symbol>
      <symbol id="sm-d12">
         <name>__mspabi_slll_6</name>
         <value>0x13ed2</value>
         <object_component_ref idref="oc-602"/>
      </symbol>
      <symbol id="sm-d13">
         <name>__mspabi_slll_5</name>
         <value>0x13ed6</value>
         <object_component_ref idref="oc-602"/>
      </symbol>
      <symbol id="sm-d14">
         <name>__mspabi_slll_4</name>
         <value>0x13eda</value>
         <object_component_ref idref="oc-602"/>
      </symbol>
      <symbol id="sm-d15">
         <name>__mspabi_slll_3</name>
         <value>0x13ede</value>
         <object_component_ref idref="oc-602"/>
      </symbol>
      <symbol id="sm-d16">
         <name>__mspabi_slll_2</name>
         <value>0x13ee2</value>
         <object_component_ref idref="oc-602"/>
      </symbol>
      <symbol id="sm-d17">
         <name>__mspabi_slll_1</name>
         <value>0x13ee6</value>
         <object_component_ref idref="oc-602"/>
      </symbol>
      <symbol id="sm-d18">
         <name>__mspabi_slll</name>
         <value>0x14846</value>
         <object_component_ref idref="oc-607"/>
      </symbol>
      <symbol id="sm-d19">
         <name>__mspabi_slll_15</name>
         <value>0x13eae</value>
         <object_component_ref idref="oc-602"/>
      </symbol>
      <symbol id="sm-d1a">
         <name>__mspabi_slll_14</name>
         <value>0x13eb2</value>
         <object_component_ref idref="oc-602"/>
      </symbol>
      <symbol id="sm-d1b">
         <name>__mspabi_slll_13</name>
         <value>0x13eb6</value>
         <object_component_ref idref="oc-602"/>
      </symbol>
      <symbol id="sm-d1c">
         <name>__mspabi_slll_12</name>
         <value>0x13eba</value>
         <object_component_ref idref="oc-602"/>
      </symbol>
      <symbol id="sm-d1d">
         <name>__mspabi_slll_11</name>
         <value>0x13ebe</value>
         <object_component_ref idref="oc-602"/>
      </symbol>
      <symbol id="sm-d1e">
         <name>__mspabi_slll_10</name>
         <value>0x13ec2</value>
         <object_component_ref idref="oc-602"/>
      </symbol>
      <symbol id="sm-d27">
         <name>__mspabi_srli</name>
         <value>0x148c6</value>
         <object_component_ref idref="oc-6db"/>
      </symbol>
      <symbol id="sm-d37">
         <name>__mspabi_srll_8</name>
         <value>0x13f08</value>
         <object_component_ref idref="oc-6c7"/>
      </symbol>
      <symbol id="sm-d38">
         <name>__mspabi_srll_9</name>
         <value>0x13f04</value>
         <object_component_ref idref="oc-6c7"/>
      </symbol>
      <symbol id="sm-d39">
         <name>__mspabi_srll_6</name>
         <value>0x13f10</value>
         <object_component_ref idref="oc-6c7"/>
      </symbol>
      <symbol id="sm-d3a">
         <name>__mspabi_srll_7</name>
         <value>0x13f0c</value>
         <object_component_ref idref="oc-6c7"/>
      </symbol>
      <symbol id="sm-d3b">
         <name>__mspabi_srll_4</name>
         <value>0x13f18</value>
         <object_component_ref idref="oc-6c7"/>
      </symbol>
      <symbol id="sm-d3c">
         <name>__mspabi_srll_5</name>
         <value>0x13f14</value>
         <object_component_ref idref="oc-6c7"/>
      </symbol>
      <symbol id="sm-d3d">
         <name>__mspabi_srll_2</name>
         <value>0x13f20</value>
         <object_component_ref idref="oc-6c7"/>
      </symbol>
      <symbol id="sm-d3e">
         <name>__mspabi_srll_3</name>
         <value>0x13f1c</value>
         <object_component_ref idref="oc-6c7"/>
      </symbol>
      <symbol id="sm-d3f">
         <name>__mspabi_srll_1</name>
         <value>0x13f24</value>
         <object_component_ref idref="oc-6c7"/>
      </symbol>
      <symbol id="sm-d40">
         <name>__mspabi_srll_15</name>
         <value>0x13eec</value>
         <object_component_ref idref="oc-6c7"/>
      </symbol>
      <symbol id="sm-d41">
         <name>__mspabi_srll_14</name>
         <value>0x13ef0</value>
         <object_component_ref idref="oc-6c7"/>
      </symbol>
      <symbol id="sm-d42">
         <name>__mspabi_srll_13</name>
         <value>0x13ef4</value>
         <object_component_ref idref="oc-6c7"/>
      </symbol>
      <symbol id="sm-d43">
         <name>__mspabi_srll_12</name>
         <value>0x13ef8</value>
         <object_component_ref idref="oc-6c7"/>
      </symbol>
      <symbol id="sm-d44">
         <name>__mspabi_srll_11</name>
         <value>0x13efc</value>
         <object_component_ref idref="oc-6c7"/>
      </symbol>
      <symbol id="sm-d45">
         <name>__mspabi_srll_10</name>
         <value>0x13f00</value>
         <object_component_ref idref="oc-6c7"/>
      </symbol>
      <symbol id="sm-d46">
         <name>__mspabi_srll</name>
         <value>0x14856</value>
         <object_component_ref idref="oc-387"/>
      </symbol>
      <symbol id="sm-d55">
         <name>ltoa</name>
         <value>0x12c06</value>
         <object_component_ref idref="oc-38c"/>
      </symbol>
      <symbol id="sm-d64">
         <name>memchr</name>
         <value>0x14740</value>
         <object_component_ref idref="oc-41c"/>
      </symbol>
      <symbol id="sm-d72">
         <name>memcpy</name>
         <value>0x147da</value>
         <object_component_ref idref="oc-d6"/>
      </symbol>
      <symbol id="sm-d80">
         <name>memset</name>
         <value>0x14756</value>
         <object_component_ref idref="oc-35d"/>
      </symbol>
      <symbol id="sm-da1">
         <name>__mspabi_mpyd</name>
         <value>0x10f02</value>
         <object_component_ref idref="oc-6bb"/>
      </symbol>
      <symbol id="sm-db7">
         <name>__mspabi_mpyi_f5hw</name>
         <value>0x14782</value>
         <object_component_ref idref="oc-320"/>
      </symbol>
      <symbol id="sm-dd9">
         <name>__mspabi_mpyl_f5hw</name>
         <value>0x1455e</value>
         <object_component_ref idref="oc-3a4"/>
      </symbol>
      <symbol id="sm-def">
         <name>_system_pre_init</name>
         <value>0x14926</value>
         <object_component_ref idref="oc-11a"/>
      </symbol>
      <symbol id="sm-dfe">
         <name>strchr</name>
         <value>0x1465c</value>
         <object_component_ref idref="oc-7d4"/>
      </symbol>
      <symbol id="sm-e0c">
         <name>strcmp</name>
         <value>0x14678</value>
         <object_component_ref idref="oc-7f1"/>
      </symbol>
      <symbol id="sm-e19">
         <name>strlen</name>
         <value>0x14874</value>
         <object_component_ref idref="oc-416"/>
      </symbol>
      <symbol id="sm-e29">
         <name>strncpy</name>
         <value>0x141c6</value>
         <object_component_ref idref="oc-7da"/>
      </symbol>
      <symbol id="sm-e64">
         <name>HOSTrename</name>
         <value>0x12ee2</value>
         <object_component_ref idref="oc-73a"/>
      </symbol>
      <symbol id="sm-e65">
         <name>HOSTclose</name>
         <value>0x13b36</value>
         <object_component_ref idref="oc-71c"/>
      </symbol>
      <symbol id="sm-e66">
         <name>HOSTunlink</name>
         <value>0x13c5e</value>
         <object_component_ref idref="oc-734"/>
      </symbol>
      <symbol id="sm-e67">
         <name>HOSTlseek</name>
         <value>0x12914</value>
         <object_component_ref idref="oc-72e"/>
      </symbol>
      <symbol id="sm-e68">
         <name>HOSTopen</name>
         <value>0x12fc6</value>
         <object_component_ref idref="oc-716"/>
      </symbol>
      <symbol id="sm-e69">
         <name>HOSTwrite</name>
         <value>0x131e8</value>
         <object_component_ref idref="oc-728"/>
      </symbol>
      <symbol id="sm-e6a">
         <name>HOSTread</name>
         <value>0x13390</value>
         <object_component_ref idref="oc-722"/>
      </symbol>
      <symbol id="sm-e88">
         <name>__TI_readmsg</name>
         <value>0x14162</value>
         <object_component_ref idref="oc-795"/>
      </symbol>
      <symbol id="sm-e89">
         <name>C$$IO$$</name>
         <value>0x140bc</value>
         <object_component_ref idref="oc-78f"/>
      </symbol>
      <symbol id="sm-e8a">
         <name>_CIOBUF_</name>
         <value>0x286a</value>
         <object_component_ref idref="oc-7c9"/>
      </symbol>
      <symbol id="sm-e8b">
         <name>__TI_writemsg</name>
         <value>0x1408a</value>
         <object_component_ref idref="oc-78f"/>
      </symbol>
      <symbol id="sm-ea3">
         <name>__TI_wrt_ok</name>
         <value>0x12c86</value>
         <object_component_ref idref="oc-410"/>
      </symbol>
      <symbol id="sm-eb9">
         <name>_nop</name>
         <value>0x1492e</value>
         <object_component_ref idref="oc-27b"/>
      </symbol>
      <symbol id="sm-eba">
         <name>_lock</name>
         <value>0x269a</value>
         <object_component_ref idref="oc-1af"/>
      </symbol>
      <symbol id="sm-ebb">
         <name>_unlock</name>
         <value>0x269e</value>
         <object_component_ref idref="oc-1b8"/>
      </symbol>
      <symbol id="sm-ec5">
         <name>abs</name>
         <value>0x148b2</value>
         <object_component_ref idref="oc-512"/>
      </symbol>
      <symbol id="sm-ecf">
         <name>__mspabi_sral_15</name>
         <value>0x13e70</value>
         <object_component_ref idref="oc-7b4"/>
      </symbol>
      <symbol id="sm-ed0">
         <name>__mspabi_sral_14</name>
         <value>0x13e74</value>
         <object_component_ref idref="oc-7b4"/>
      </symbol>
      <symbol id="sm-ed1">
         <name>__mspabi_sral_13</name>
         <value>0x13e78</value>
         <object_component_ref idref="oc-7b4"/>
      </symbol>
      <symbol id="sm-ed2">
         <name>__mspabi_sral_12</name>
         <value>0x13e7c</value>
         <object_component_ref idref="oc-7b4"/>
      </symbol>
      <symbol id="sm-ed3">
         <name>__mspabi_sral_11</name>
         <value>0x13e80</value>
         <object_component_ref idref="oc-7b4"/>
      </symbol>
      <symbol id="sm-ed4">
         <name>__mspabi_sral_10</name>
         <value>0x13e84</value>
         <object_component_ref idref="oc-7b4"/>
      </symbol>
      <symbol id="sm-ed5">
         <name>__mspabi_sral_8</name>
         <value>0x13e8c</value>
         <object_component_ref idref="oc-7b4"/>
      </symbol>
      <symbol id="sm-ed6">
         <name>__mspabi_sral_9</name>
         <value>0x13e88</value>
         <object_component_ref idref="oc-7b4"/>
      </symbol>
      <symbol id="sm-ed7">
         <name>__mspabi_sral_6</name>
         <value>0x13e94</value>
         <object_component_ref idref="oc-7b4"/>
      </symbol>
      <symbol id="sm-ed8">
         <name>__mspabi_sral_7</name>
         <value>0x13e90</value>
         <object_component_ref idref="oc-7b4"/>
      </symbol>
      <symbol id="sm-ed9">
         <name>__mspabi_sral_4</name>
         <value>0x13e9c</value>
         <object_component_ref idref="oc-7b4"/>
      </symbol>
      <symbol id="sm-eda">
         <name>__mspabi_sral_5</name>
         <value>0x13e98</value>
         <object_component_ref idref="oc-7b4"/>
      </symbol>
      <symbol id="sm-edb">
         <name>__mspabi_sral_2</name>
         <value>0x13ea4</value>
         <object_component_ref idref="oc-7b4"/>
      </symbol>
      <symbol id="sm-edc">
         <name>__mspabi_sral_3</name>
         <value>0x13ea0</value>
         <object_component_ref idref="oc-7b4"/>
      </symbol>
      <symbol id="sm-edd">
         <name>__mspabi_sral_1</name>
         <value>0x13ea8</value>
         <object_component_ref idref="oc-7b4"/>
      </symbol>
      <symbol id="sm-ef9">
         <name>_auto_init_hold_wdt</name>
         <value>0x1317c</value>
         <object_component_ref idref="oc-120"/>
      </symbol>
      <symbol id="sm-f0a">
         <name>__TI_frcmpyd</name>
         <value>0x10c1e</value>
         <object_component_ref idref="oc-761"/>
      </symbol>
      <symbol id="sm-f1a">
         <name>fseek</name>
         <value>0x13326</value>
         <object_component_ref idref="oc-55b"/>
      </symbol>
      <symbol id="sm-f32">
         <name>setvbuf</name>
         <value>0x12250</value>
         <object_component_ref idref="oc-561"/>
      </symbol>
      <symbol id="sm-f3f">
         <name>strcpy</name>
         <value>0x14814</value>
         <object_component_ref idref="oc-7a1"/>
      </symbol>
      <symbol id="sm-f4b">
         <name>__TI_cleanup</name>
         <value>0x14054</value>
         <object_component_ref idref="oc-65a"/>
      </symbol>
      <symbol id="sm-f96">
         <name>_sys_memory</name>
         <value>0x298c</value>
         <object_component_ref idref="oc-d3"/>
      </symbol>
      <symbol id="sm-f97">
         <name>free</name>
         <value>0x12b78</value>
         <object_component_ref idref="oc-64e"/>
      </symbol>
      <symbol id="sm-f98">
         <name>malloc</name>
         <value>0x1265e</value>
         <object_component_ref idref="oc-654"/>
      </symbol>
      <symbol id="sm-f99">
         <name>minit</name>
         <value>0x13d70</value>
         <object_component_ref idref="oc-706"/>
      </symbol>
      <symbol id="sm-faa">
         <name>__TI_closefile</name>
         <value>0x12f56</value>
         <object_component_ref idref="oc-70d"/>
      </symbol>
      <symbol id="sm-fad">
         <name>__TI_INITARRAY_Base</name>
         <value>0x0</value>
      </symbol>
      <symbol id="sm-fae">
         <name>__TI_INITARRAY_Limit</name>
         <value>0x0</value>
      </symbol>
      <symbol id="sm-faf">
         <name>remove</name>
         <value>0x14228</value>
      </symbol>
   </symbol_table>
   <title>Link successful</title>
</link_info>
