<?xml version="1.0"?>
<link_info>
   <banner>MSP430 Linker PC v4.4.4</banner>
   <copyright>Copyright (c) 2003-2015 Texas Instruments Incorporated</copyright>
   <link_time>0x55df3e3a</link_time>
   <link_errors>0x0</link_errors>
   <output_file>Ti_SigFox_SDK_Demo_v1_3_2.out</output_file>
   <entry_point>
      <name>_c_int00_noargs</name>
      <address>0x5d40</address>
   </entry_point>
   <input_file_list>
      <input_file id="fl-2">
         <path>.\manufacturer_api\</path>
         <kind>object</kind>
         <file>manufacturer_api.obj</file>
         <name>manufacturer_api.obj</name>
      </input_file>
      <input_file id="fl-3">
         <path>.\components\timer\</path>
         <kind>object</kind>
         <file>timer.obj</file>
         <name>timer.obj</name>
      </input_file>
      <input_file id="fl-4">
         <path>.\components\targets\trxeb_msp430f5438a\</path>
         <kind>object</kind>
         <file>hal_spi_rf_trxeb.obj</file>
         <name>hal_spi_rf_trxeb.obj</name>
      </input_file>
      <input_file id="fl-5">
         <path>.\components\radio\</path>
         <kind>object</kind>
         <file>radio.obj</file>
         <name>radio.obj</name>
      </input_file>
      <input_file id="fl-6">
         <path>.\components\radio\</path>
         <kind>object</kind>
         <file>transmission.obj</file>
         <name>transmission.obj</name>
      </input_file>
      <input_file id="fl-7">
         <path>.\components\nvm\</path>
         <kind>object</kind>
         <file>flash_drv.obj</file>
         <name>flash_drv.obj</name>
      </input_file>
      <input_file id="fl-8">
         <path>.\components\lcd\</path>
         <kind>object</kind>
         <file>lcd_dogm128_6.obj</file>
         <name>lcd_dogm128_6.obj</name>
      </input_file>
      <input_file id="fl-9">
         <path>.\components\lcd\</path>
         <kind>object</kind>
         <file>lcd_dogm128_6_alphabet.obj</file>
         <name>lcd_dogm128_6_alphabet.obj</name>
      </input_file>
      <input_file id="fl-a">
         <path>.\components\lcd\</path>
         <kind>object</kind>
         <file>lcd_trxeb.obj</file>
         <name>lcd_trxeb.obj</name>
      </input_file>
      <input_file id="fl-b">
         <path>.\components\interrupt\</path>
         <kind>object</kind>
         <file>trx_rf_int.obj</file>
         <name>trx_rf_int.obj</name>
      </input_file>
      <input_file id="fl-c">
         <path>.\components\hostcmd\</path>
         <kind>object</kind>
         <file>circ_buf.obj</file>
         <name>circ_buf.obj</name>
      </input_file>
      <input_file id="fl-d">
         <path>.\components\hostcmd\</path>
         <kind>object</kind>
         <file>host_cmd.obj</file>
         <name>host_cmd.obj</name>
      </input_file>
      <input_file id="fl-e">
         <path>.\components\hostcmd\</path>
         <kind>object</kind>
         <file>uart_drv.obj</file>
         <name>uart_drv.obj</name>
      </input_file>
      <input_file id="fl-f">
         <path>.\components\devices\cc112x\</path>
         <kind>object</kind>
         <file>cc112x_spi.obj</file>
         <name>cc112x_spi.obj</name>
      </input_file>
      <input_file id="fl-10">
         <path>.\components\common\</path>
         <kind>object</kind>
         <file>hal_digio2.obj</file>
         <name>hal_digio2.obj</name>
      </input_file>
      <input_file id="fl-11">
         <path>.\components\common\</path>
         <kind>object</kind>
         <file>hal_int.obj</file>
         <name>hal_int.obj</name>
      </input_file>
      <input_file id="fl-12">
         <path>.\components\bsp\</path>
         <kind>object</kind>
         <file>bsp.obj</file>
         <name>bsp.obj</name>
      </input_file>
      <input_file id="fl-13">
         <path>.\components\bsp\</path>
         <kind>object</kind>
         <file>bsp_key.obj</file>
         <name>bsp_key.obj</name>
      </input_file>
      <input_file id="fl-14">
         <path>.\components\bsp\</path>
         <kind>object</kind>
         <file>bsp_led.obj</file>
         <name>bsp_led.obj</name>
      </input_file>
      <input_file id="fl-15">
         <path>.\components\aes\</path>
         <kind>object</kind>
         <file>ti_aes_128.obj</file>
         <name>ti_aes_128.obj</name>
      </input_file>
      <input_file id="fl-16">
         <path>.\apps\</path>
         <kind>object</kind>
         <file>sigfox_demo.obj</file>
         <name>sigfox_demo.obj</name>
      </input_file>
      <input_file id="fl-1f">
         <path>..\sigfox_library_api\</path>
         <kind>archive</kind>
         <file>libsigfox.lib</file>
         <name>sigfox_frame.obj</name>
      </input_file>
      <input_file id="fl-20">
         <path>..\sigfox_library_api\</path>
         <kind>archive</kind>
         <file>libsigfox.lib</file>
         <name>sigfox_hmac.obj</name>
      </input_file>
      <input_file id="fl-21">
         <path>..\sigfox_library_api\</path>
         <kind>archive</kind>
         <file>libsigfox.lib</file>
         <name>sigfox_scramb.obj</name>
      </input_file>
      <input_file id="fl-22">
         <path>..\sigfox_library_api\</path>
         <kind>archive</kind>
         <file>libsigfox.lib</file>
         <name>sigfox_Pn9.obj</name>
      </input_file>
      <input_file id="fl-23">
         <path>..\sigfox_library_api\</path>
         <kind>archive</kind>
         <file>libsigfox.lib</file>
         <name>sigfox_crc.obj</name>
      </input_file>
      <input_file id="fl-24">
         <path>..\sigfox_library_api\</path>
         <kind>archive</kind>
         <file>libsigfox.lib</file>
         <name>sigfox_decode.obj</name>
      </input_file>
      <input_file id="fl-25">
         <path>..\sigfox_library_api\</path>
         <kind>archive</kind>
         <file>libsigfox.lib</file>
         <name>sigfox_bch.obj</name>
      </input_file>
      <input_file id="fl-54">
         <path>C:\ti\ccsv6\ccsv6\tools\compiler\ti-cgt-msp430_4.4.4\lib\</path>
         <kind>archive</kind>
         <file>rts430x_lc_rd_eabi.lib</file>
         <name>assert.obj</name>
      </input_file>
      <input_file id="fl-55">
         <path>C:\ti\ccsv6\ccsv6\tools\compiler\ti-cgt-msp430_4.4.4\lib\</path>
         <kind>archive</kind>
         <file>rts430x_lc_rd_eabi.lib</file>
         <name>boot.obj</name>
      </input_file>
      <input_file id="fl-56">
         <path>C:\ti\ccsv6\ccsv6\tools\compiler\ti-cgt-msp430_4.4.4\lib\</path>
         <kind>archive</kind>
         <file>rts430x_lc_rd_eabi.lib</file>
         <name>boot_special.obj</name>
      </input_file>
      <input_file id="fl-57">
         <path>C:\ti\ccsv6\ccsv6\tools\compiler\ti-cgt-msp430_4.4.4\lib\</path>
         <kind>archive</kind>
         <file>rts430x_lc_rd_eabi.lib</file>
         <name>copy_decompress_none.obj</name>
      </input_file>
      <input_file id="fl-58">
         <path>C:\ti\ccsv6\ccsv6\tools\compiler\ti-cgt-msp430_4.4.4\lib\</path>
         <kind>archive</kind>
         <file>rts430x_lc_rd_eabi.lib</file>
         <name>copy_decompress_rle.obj</name>
      </input_file>
      <input_file id="fl-59">
         <path>C:\ti\ccsv6\ccsv6\tools\compiler\ti-cgt-msp430_4.4.4\lib\</path>
         <kind>archive</kind>
         <file>rts430x_lc_rd_eabi.lib</file>
         <name>copy_zero_init.obj</name>
      </input_file>
      <input_file id="fl-5a">
         <path>C:\ti\ccsv6\ccsv6\tools\compiler\ti-cgt-msp430_4.4.4\lib\</path>
         <kind>archive</kind>
         <file>rts430x_lc_rd_eabi.lib</file>
         <name>cvtdf.obj</name>
      </input_file>
      <input_file id="fl-5b">
         <path>C:\ti\ccsv6\ccsv6\tools\compiler\ti-cgt-msp430_4.4.4\lib\</path>
         <kind>archive</kind>
         <file>rts430x_lc_rd_eabi.lib</file>
         <name>cvtfd.obj</name>
      </input_file>
      <input_file id="fl-5c">
         <path>C:\ti\ccsv6\ccsv6\tools\compiler\ti-cgt-msp430_4.4.4\lib\</path>
         <kind>archive</kind>
         <file>rts430x_lc_rd_eabi.lib</file>
         <name>defs.obj</name>
      </input_file>
      <input_file id="fl-5d">
         <path>C:\ti\ccsv6\ccsv6\tools\compiler\ti-cgt-msp430_4.4.4\lib\</path>
         <kind>archive</kind>
         <file>rts430x_lc_rd_eabi.lib</file>
         <name>div16s.obj</name>
      </input_file>
      <input_file id="fl-5e">
         <path>C:\ti\ccsv6\ccsv6\tools\compiler\ti-cgt-msp430_4.4.4\lib\</path>
         <kind>archive</kind>
         <file>rts430x_lc_rd_eabi.lib</file>
         <name>div16u.obj</name>
      </input_file>
      <input_file id="fl-5f">
         <path>C:\ti\ccsv6\ccsv6\tools\compiler\ti-cgt-msp430_4.4.4\lib\</path>
         <kind>archive</kind>
         <file>rts430x_lc_rd_eabi.lib</file>
         <name>div32s.obj</name>
      </input_file>
      <input_file id="fl-60">
         <path>C:\ti\ccsv6\ccsv6\tools\compiler\ti-cgt-msp430_4.4.4\lib\</path>
         <kind>archive</kind>
         <file>rts430x_lc_rd_eabi.lib</file>
         <name>div32u.obj</name>
      </input_file>
      <input_file id="fl-61">
         <path>C:\ti\ccsv6\ccsv6\tools\compiler\ti-cgt-msp430_4.4.4\lib\</path>
         <kind>archive</kind>
         <file>rts430x_lc_rd_eabi.lib</file>
         <name>exit.obj</name>
      </input_file>
      <input_file id="fl-62">
         <path>C:\ti\ccsv6\ccsv6\tools\compiler\ti-cgt-msp430_4.4.4\lib\</path>
         <kind>archive</kind>
         <file>rts430x_lc_rd_eabi.lib</file>
         <name>exit_gvars.obj</name>
      </input_file>
      <input_file id="fl-63">
         <path>C:\ti\ccsv6\ccsv6\tools\compiler\ti-cgt-msp430_4.4.4\lib\</path>
         <kind>archive</kind>
         <file>rts430x_lc_rd_eabi.lib</file>
         <name>fflush.obj</name>
      </input_file>
      <input_file id="fl-64">
         <path>C:\ti\ccsv6\ccsv6\tools\compiler\ti-cgt-msp430_4.4.4\lib\</path>
         <kind>archive</kind>
         <file>rts430x_lc_rd_eabi.lib</file>
         <name>fixdul.obj</name>
      </input_file>
      <input_file id="fl-65">
         <path>C:\ti\ccsv6\ccsv6\tools\compiler\ti-cgt-msp430_4.4.4\lib\</path>
         <kind>archive</kind>
         <file>rts430x_lc_rd_eabi.lib</file>
         <name>fltuld.obj</name>
      </input_file>
      <input_file id="fl-66">
         <path>C:\ti\ccsv6\ccsv6\tools\compiler\ti-cgt-msp430_4.4.4\lib\</path>
         <kind>archive</kind>
         <file>rts430x_lc_rd_eabi.lib</file>
         <name>fputs.obj</name>
      </input_file>
      <input_file id="fl-67">
         <path>C:\ti\ccsv6\ccsv6\tools\compiler\ti-cgt-msp430_4.4.4\lib\</path>
         <kind>archive</kind>
         <file>rts430x_lc_rd_eabi.lib</file>
         <name>fs_cmp.obj</name>
      </input_file>
      <input_file id="fl-68">
         <path>C:\ti\ccsv6\ccsv6\tools\compiler\ti-cgt-msp430_4.4.4\lib\</path>
         <kind>archive</kind>
         <file>rts430x_lc_rd_eabi.lib</file>
         <name>fs_mpy.obj</name>
      </input_file>
      <input_file id="fl-69">
         <path>C:\ti\ccsv6\ccsv6\tools\compiler\ti-cgt-msp430_4.4.4\lib\</path>
         <kind>archive</kind>
         <file>rts430x_lc_rd_eabi.lib</file>
         <name>fs_neg.obj</name>
      </input_file>
      <input_file id="fl-6a">
         <path>C:\ti\ccsv6\ccsv6\tools\compiler\ti-cgt-msp430_4.4.4\lib\</path>
         <kind>archive</kind>
         <file>rts430x_lc_rd_eabi.lib</file>
         <name>fs_tol.obj</name>
      </input_file>
      <input_file id="fl-6b">
         <path>C:\ti\ccsv6\ccsv6\tools\compiler\ti-cgt-msp430_4.4.4\lib\</path>
         <kind>archive</kind>
         <file>rts430x_lc_rd_eabi.lib</file>
         <name>int41.obj</name>
      </input_file>
      <input_file id="fl-6c">
         <path>C:\ti\ccsv6\ccsv6\tools\compiler\ti-cgt-msp430_4.4.4\lib\</path>
         <kind>archive</kind>
         <file>rts430x_lc_rd_eabi.lib</file>
         <name>int43.obj</name>
      </input_file>
      <input_file id="fl-6d">
         <path>C:\ti\ccsv6\ccsv6\tools\compiler\ti-cgt-msp430_4.4.4\lib\</path>
         <kind>archive</kind>
         <file>rts430x_lc_rd_eabi.lib</file>
         <name>int44.obj</name>
      </input_file>
      <input_file id="fl-6e">
         <path>C:\ti\ccsv6\ccsv6\tools\compiler\ti-cgt-msp430_4.4.4\lib\</path>
         <kind>archive</kind>
         <file>rts430x_lc_rd_eabi.lib</file>
         <name>int45.obj</name>
      </input_file>
      <input_file id="fl-6f">
         <path>C:\ti\ccsv6\ccsv6\tools\compiler\ti-cgt-msp430_4.4.4\lib\</path>
         <kind>archive</kind>
         <file>rts430x_lc_rd_eabi.lib</file>
         <name>int48.obj</name>
      </input_file>
      <input_file id="fl-70">
         <path>C:\ti\ccsv6\ccsv6\tools\compiler\ti-cgt-msp430_4.4.4\lib\</path>
         <kind>archive</kind>
         <file>rts430x_lc_rd_eabi.lib</file>
         <name>int50.obj</name>
      </input_file>
      <input_file id="fl-71">
         <path>C:\ti\ccsv6\ccsv6\tools\compiler\ti-cgt-msp430_4.4.4\lib\</path>
         <kind>archive</kind>
         <file>rts430x_lc_rd_eabi.lib</file>
         <name>int51.obj</name>
      </input_file>
      <input_file id="fl-72">
         <path>C:\ti\ccsv6\ccsv6\tools\compiler\ti-cgt-msp430_4.4.4\lib\</path>
         <kind>archive</kind>
         <file>rts430x_lc_rd_eabi.lib</file>
         <name>int52.obj</name>
      </input_file>
      <input_file id="fl-73">
         <path>C:\ti\ccsv6\ccsv6\tools\compiler\ti-cgt-msp430_4.4.4\lib\</path>
         <kind>archive</kind>
         <file>rts430x_lc_rd_eabi.lib</file>
         <name>int53.obj</name>
      </input_file>
      <input_file id="fl-74">
         <path>C:\ti\ccsv6\ccsv6\tools\compiler\ti-cgt-msp430_4.4.4\lib\</path>
         <kind>archive</kind>
         <file>rts430x_lc_rd_eabi.lib</file>
         <name>int55.obj</name>
      </input_file>
      <input_file id="fl-75">
         <path>C:\ti\ccsv6\ccsv6\tools\compiler\ti-cgt-msp430_4.4.4\lib\</path>
         <kind>archive</kind>
         <file>rts430x_lc_rd_eabi.lib</file>
         <name>int56.obj</name>
      </input_file>
      <input_file id="fl-76">
         <path>C:\ti\ccsv6\ccsv6\tools\compiler\ti-cgt-msp430_4.4.4\lib\</path>
         <kind>archive</kind>
         <file>rts430x_lc_rd_eabi.lib</file>
         <name>int57.obj</name>
      </input_file>
      <input_file id="fl-77">
         <path>C:\ti\ccsv6\ccsv6\tools\compiler\ti-cgt-msp430_4.4.4\lib\</path>
         <kind>archive</kind>
         <file>rts430x_lc_rd_eabi.lib</file>
         <name>int58.obj</name>
      </input_file>
      <input_file id="fl-78">
         <path>C:\ti\ccsv6\ccsv6\tools\compiler\ti-cgt-msp430_4.4.4\lib\</path>
         <kind>archive</kind>
         <file>rts430x_lc_rd_eabi.lib</file>
         <name>int59.obj</name>
      </input_file>
      <input_file id="fl-79">
         <path>C:\ti\ccsv6\ccsv6\tools\compiler\ti-cgt-msp430_4.4.4\lib\</path>
         <kind>archive</kind>
         <file>rts430x_lc_rd_eabi.lib</file>
         <name>int60.obj</name>
      </input_file>
      <input_file id="fl-7a">
         <path>C:\ti\ccsv6\ccsv6\tools\compiler\ti-cgt-msp430_4.4.4\lib\</path>
         <kind>archive</kind>
         <file>rts430x_lc_rd_eabi.lib</file>
         <name>int61.obj</name>
      </input_file>
      <input_file id="fl-7b">
         <path>C:\ti\ccsv6\ccsv6\tools\compiler\ti-cgt-msp430_4.4.4\lib\</path>
         <kind>archive</kind>
         <file>rts430x_lc_rd_eabi.lib</file>
         <name>int62.obj</name>
      </input_file>
      <input_file id="fl-7c">
         <path>C:\ti\ccsv6\ccsv6\tools\compiler\ti-cgt-msp430_4.4.4\lib\</path>
         <kind>archive</kind>
         <file>rts430x_lc_rd_eabi.lib</file>
         <name>isr_trap.obj</name>
      </input_file>
      <input_file id="fl-7d">
         <path>C:\ti\ccsv6\ccsv6\tools\compiler\ti-cgt-msp430_4.4.4\lib\</path>
         <kind>archive</kind>
         <file>rts430x_lc_rd_eabi.lib</file>
         <name>lowlev.obj</name>
      </input_file>
      <input_file id="fl-7e">
         <path>C:\ti\ccsv6\ccsv6\tools\compiler\ti-cgt-msp430_4.4.4\lib\</path>
         <kind>archive</kind>
         <file>rts430x_lc_rd_eabi.lib</file>
         <name>lsl16.obj</name>
      </input_file>
      <input_file id="fl-7f">
         <path>C:\ti\ccsv6\ccsv6\tools\compiler\ti-cgt-msp430_4.4.4\lib\</path>
         <kind>archive</kind>
         <file>rts430x_lc_rd_eabi.lib</file>
         <name>lsl32.obj</name>
      </input_file>
      <input_file id="fl-80">
         <path>C:\ti\ccsv6\ccsv6\tools\compiler\ti-cgt-msp430_4.4.4\lib\</path>
         <kind>archive</kind>
         <file>rts430x_lc_rd_eabi.lib</file>
         <name>lsr16.obj</name>
      </input_file>
      <input_file id="fl-81">
         <path>C:\ti\ccsv6\ccsv6\tools\compiler\ti-cgt-msp430_4.4.4\lib\</path>
         <kind>archive</kind>
         <file>rts430x_lc_rd_eabi.lib</file>
         <name>lsr32.obj</name>
      </input_file>
      <input_file id="fl-82">
         <path>C:\ti\ccsv6\ccsv6\tools\compiler\ti-cgt-msp430_4.4.4\lib\</path>
         <kind>archive</kind>
         <file>rts430x_lc_rd_eabi.lib</file>
         <name>ltoa.obj</name>
      </input_file>
      <input_file id="fl-83">
         <path>C:\ti\ccsv6\ccsv6\tools\compiler\ti-cgt-msp430_4.4.4\lib\</path>
         <kind>archive</kind>
         <file>rts430x_lc_rd_eabi.lib</file>
         <name>memchr.obj</name>
      </input_file>
      <input_file id="fl-84">
         <path>C:\ti\ccsv6\ccsv6\tools\compiler\ti-cgt-msp430_4.4.4\lib\</path>
         <kind>archive</kind>
         <file>rts430x_lc_rd_eabi.lib</file>
         <name>memcpy.obj</name>
      </input_file>
      <input_file id="fl-85">
         <path>C:\ti\ccsv6\ccsv6\tools\compiler\ti-cgt-msp430_4.4.4\lib\</path>
         <kind>archive</kind>
         <file>rts430x_lc_rd_eabi.lib</file>
         <name>memset.obj</name>
      </input_file>
      <input_file id="fl-86">
         <path>C:\ti\ccsv6\ccsv6\tools\compiler\ti-cgt-msp430_4.4.4\lib\</path>
         <kind>archive</kind>
         <file>rts430x_lc_rd_eabi.lib</file>
         <name>mpu_init.obj</name>
      </input_file>
      <input_file id="fl-87">
         <path>C:\ti\ccsv6\ccsv6\tools\compiler\ti-cgt-msp430_4.4.4\lib\</path>
         <kind>archive</kind>
         <file>rts430x_lc_rd_eabi.lib</file>
         <name>mpyd.obj</name>
      </input_file>
      <input_file id="fl-88">
         <path>C:\ti\ccsv6\ccsv6\tools\compiler\ti-cgt-msp430_4.4.4\lib\</path>
         <kind>archive</kind>
         <file>rts430x_lc_rd_eabi.lib</file>
         <name>mult16.obj</name>
      </input_file>
      <input_file id="fl-89">
         <path>C:\ti\ccsv6\ccsv6\tools\compiler\ti-cgt-msp430_4.4.4\lib\</path>
         <kind>archive</kind>
         <file>rts430x_lc_rd_eabi.lib</file>
         <name>mult1632_f5hw.obj</name>
      </input_file>
      <input_file id="fl-8a">
         <path>C:\ti\ccsv6\ccsv6\tools\compiler\ti-cgt-msp430_4.4.4\lib\</path>
         <kind>archive</kind>
         <file>rts430x_lc_rd_eabi.lib</file>
         <name>mult16_f5hw.obj</name>
      </input_file>
      <input_file id="fl-8b">
         <path>C:\ti\ccsv6\ccsv6\tools\compiler\ti-cgt-msp430_4.4.4\lib\</path>
         <kind>archive</kind>
         <file>rts430x_lc_rd_eabi.lib</file>
         <name>mult32.obj</name>
      </input_file>
      <input_file id="fl-8c">
         <path>C:\ti\ccsv6\ccsv6\tools\compiler\ti-cgt-msp430_4.4.4\lib\</path>
         <kind>archive</kind>
         <file>rts430x_lc_rd_eabi.lib</file>
         <name>mult3264_f5hw.obj</name>
      </input_file>
      <input_file id="fl-8d">
         <path>C:\ti\ccsv6\ccsv6\tools\compiler\ti-cgt-msp430_4.4.4\lib\</path>
         <kind>archive</kind>
         <file>rts430x_lc_rd_eabi.lib</file>
         <name>mult32_f5hw.obj</name>
      </input_file>
      <input_file id="fl-8e">
         <path>C:\ti\ccsv6\ccsv6\tools\compiler\ti-cgt-msp430_4.4.4\lib\</path>
         <kind>archive</kind>
         <file>rts430x_lc_rd_eabi.lib</file>
         <name>mult64_f5hw.obj</name>
      </input_file>
      <input_file id="fl-8f">
         <path>C:\ti\ccsv6\ccsv6\tools\compiler\ti-cgt-msp430_4.4.4\lib\</path>
         <kind>archive</kind>
         <file>rts430x_lc_rd_eabi.lib</file>
         <name>pre_init.obj</name>
      </input_file>
      <input_file id="fl-90">
         <path>C:\ti\ccsv6\ccsv6\tools\compiler\ti-cgt-msp430_4.4.4\lib\</path>
         <kind>archive</kind>
         <file>rts430x_lc_rd_eabi.lib</file>
         <name>strchr.obj</name>
      </input_file>
      <input_file id="fl-91">
         <path>C:\ti\ccsv6\ccsv6\tools\compiler\ti-cgt-msp430_4.4.4\lib\</path>
         <kind>archive</kind>
         <file>rts430x_lc_rd_eabi.lib</file>
         <name>strcmp.obj</name>
      </input_file>
      <input_file id="fl-92">
         <path>C:\ti\ccsv6\ccsv6\tools\compiler\ti-cgt-msp430_4.4.4\lib\</path>
         <kind>archive</kind>
         <file>rts430x_lc_rd_eabi.lib</file>
         <name>strlen.obj</name>
      </input_file>
      <input_file id="fl-93">
         <path>C:\ti\ccsv6\ccsv6\tools\compiler\ti-cgt-msp430_4.4.4\lib\</path>
         <kind>archive</kind>
         <file>rts430x_lc_rd_eabi.lib</file>
         <name>strncpy.obj</name>
      </input_file>
      <input_file id="fl-94">
         <path>C:\ti\ccsv6\ccsv6\tools\compiler\ti-cgt-msp430_4.4.4\lib\</path>
         <kind>archive</kind>
         <file>rts430x_lc_rd_eabi.lib</file>
         <name>trgdrv.obj</name>
      </input_file>
      <input_file id="fl-95">
         <path>C:\ti\ccsv6\ccsv6\tools\compiler\ti-cgt-msp430_4.4.4\lib\</path>
         <kind>archive</kind>
         <file>rts430x_lc_rd_eabi.lib</file>
         <name>trgmsg.obj</name>
      </input_file>
      <input_file id="fl-96">
         <path>C:\ti\ccsv6\ccsv6\tools\compiler\ti-cgt-msp430_4.4.4\lib\</path>
         <kind>archive</kind>
         <file>rts430x_lc_rd_eabi.lib</file>
         <name>_io_perm.obj</name>
      </input_file>
      <input_file id="fl-97">
         <path>C:\ti\ccsv6\ccsv6\tools\compiler\ti-cgt-msp430_4.4.4\lib\</path>
         <kind>archive</kind>
         <file>rts430x_lc_rd_eabi.lib</file>
         <name>_lock.obj</name>
      </input_file>
      <input_file id="fl-98">
         <path>C:\ti\ccsv6\ccsv6\tools\compiler\ti-cgt-msp430_4.4.4\lib\</path>
         <kind>archive</kind>
         <file>rts430x_lc_rd_eabi.lib</file>
         <name>abs.obj</name>
      </input_file>
      <input_file id="fl-99">
         <path>C:\ti\ccsv6\ccsv6\tools\compiler\ti-cgt-msp430_4.4.4\lib\</path>
         <kind>archive</kind>
         <file>rts430x_lc_rd_eabi.lib</file>
         <name>args_main.obj</name>
      </input_file>
      <input_file id="fl-9a">
         <path>C:\ti\ccsv6\ccsv6\tools\compiler\ti-cgt-msp430_4.4.4\lib\</path>
         <kind>archive</kind>
         <file>rts430x_lc_rd_eabi.lib</file>
         <name>asr32.obj</name>
      </input_file>
      <input_file id="fl-9b">
         <path>C:\ti\ccsv6\ccsv6\tools\compiler\ti-cgt-msp430_4.4.4\lib\</path>
         <kind>archive</kind>
         <file>rts430x_lc_rd_eabi.lib</file>
         <name>autoinit_wdt.obj</name>
      </input_file>
      <input_file id="fl-9c">
         <path>C:\ti\ccsv6\ccsv6\tools\compiler\ti-cgt-msp430_4.4.4\lib\</path>
         <kind>archive</kind>
         <file>rts430x_lc_rd_eabi.lib</file>
         <name>frcmpyd.obj</name>
      </input_file>
      <input_file id="fl-9d">
         <path>C:\ti\ccsv6\ccsv6\tools\compiler\ti-cgt-msp430_4.4.4\lib\</path>
         <kind>archive</kind>
         <file>rts430x_lc_rd_eabi.lib</file>
         <name>fseek.obj</name>
      </input_file>
      <input_file id="fl-9e">
         <path>C:\ti\ccsv6\ccsv6\tools\compiler\ti-cgt-msp430_4.4.4\lib\</path>
         <kind>archive</kind>
         <file>rts430x_lc_rd_eabi.lib</file>
         <name>setvbuf.obj</name>
      </input_file>
      <input_file id="fl-9f">
         <path>C:\ti\ccsv6\ccsv6\tools\compiler\ti-cgt-msp430_4.4.4\lib\</path>
         <kind>archive</kind>
         <file>rts430x_lc_rd_eabi.lib</file>
         <name>strcpy.obj</name>
      </input_file>
      <input_file id="fl-a0">
         <path>C:\ti\ccsv6\ccsv6\tools\compiler\ti-cgt-msp430_4.4.4\lib\</path>
         <kind>archive</kind>
         <file>rts430x_lc_rd_eabi.lib</file>
         <name>fopen.obj</name>
      </input_file>
      <input_file id="fl-a1">
         <path>C:\ti\ccsv6\ccsv6\tools\compiler\ti-cgt-msp430_4.4.4\lib\</path>
         <kind>archive</kind>
         <file>rts430x_lc_rd_eabi.lib</file>
         <name>memory.obj</name>
      </input_file>
      <input_file id="fl-a2">
         <path>C:\ti\ccsv6\ccsv6\tools\compiler\ti-cgt-msp430_4.4.4\lib\</path>
         <kind>archive</kind>
         <file>rts430x_lc_rd_eabi.lib</file>
         <name>fclose.obj</name>
      </input_file>
      <input_file id="fl-a3">
         <path>C:\ti\ccsv6\ccsv6\tools\compiler\ti-cgt-msp430_4.4.4\lib\</path>
         <kind>archive</kind>
         <file>rts430x_lc_rd_eabi.lib</file>
         <name>remove.obj</name>
      </input_file>
   </input_file_list>
   <object_component_list>
      <object_component id="oc-698">
         <name>.common:packetSemaphore</name>
         <uninitialized>true</uninitialized>
         <run_address>0x246e</run_address>
         <size>0x1</size>
      </object_component>
      <object_component id="oc-19b">
         <name>.common:SysState</name>
         <uninitialized>true</uninitialized>
         <run_address>0x2466</run_address>
         <size>0x2</size>
      </object_component>
      <object_component id="oc-299">
         <name>.common:DynamicMemoryTable</name>
         <uninitialized>true</uninitialized>
         <run_address>0x22ae</run_address>
         <size>0xa4</size>
      </object_component>
      <object_component id="oc-29a">
         <name>.common:Table_64bytes</name>
         <uninitialized>true</uninitialized>
         <run_address>0x2434</run_address>
         <size>0x6</size>
      </object_component>
      <object_component id="oc-2a1">
         <name>.common:Table_32bytes</name>
         <uninitialized>true</uninitialized>
         <run_address>0x242e</run_address>
         <size>0x6</size>
      </object_component>
      <object_component id="oc-2a2">
         <name>.common:Table_30bytes</name>
         <uninitialized>true</uninitialized>
         <run_address>0x2402</run_address>
         <size>0xc</size>
      </object_component>
      <object_component id="oc-2a3">
         <name>.common:Table_8bytes</name>
         <uninitialized>true</uninitialized>
         <run_address>0x243a</run_address>
         <size>0x6</size>
      </object_component>
      <object_component id="oc-484">
         <name>.common:NonVRam</name>
         <uninitialized>true</uninitialized>
         <run_address>0x2440</run_address>
         <size>0x4</size>
      </object_component>
      <object_component id="oc-784">
         <name>.common:b_Diff</name>
         <uninitialized>true</uninitialized>
         <run_address>0x246d</run_address>
         <size>0x1</size>
      </object_component>
      <object_component id="oc-66c">
         <name>.common:bit_index_in_frame</name>
         <uninitialized>true</uninitialized>
         <run_address>0x2468</run_address>
         <size>0x2</size>
      </object_component>
      <object_component id="oc-175">
         <name>.common:uart_tx_buf</name>
         <uninitialized>true</uninitialized>
         <run_address>0x241e</run_address>
         <size>0x8</size>
      </object_component>
      <object_component id="oc-184">
         <name>.common:uart_rx_buf</name>
         <uninitialized>true</uninitialized>
         <run_address>0x2416</run_address>
         <size>0x8</size>
      </object_component>
      <object_component id="oc-195">
         <name>.common:rx_str_length</name>
         <uninitialized>true</uninitialized>
         <run_address>0x2470</run_address>
         <size>0x1</size>
      </object_component>
      <object_component id="oc-194">
         <name>.common:rx_end_of_str</name>
         <uninitialized>true</uninitialized>
         <run_address>0x246f</run_address>
         <size>0x1</size>
      </object_component>
      <object_component id="oc-5ae">
         <name>.common:ui32BspMclkSpeed</name>
         <uninitialized>true</uninitialized>
         <run_address>0x2460</run_address>
         <size>0x4</size>
      </object_component>
      <object_component id="oc-442">
         <name>.common:ui32IoSpiClkSpeed</name>
         <uninitialized>true</uninitialized>
         <run_address>0x2426</run_address>
         <size>0x8</size>
      </object_component>
      <object_component id="oc-40f">
         <name>.common:ui8BspKeyMode</name>
         <uninitialized>true</uninitialized>
         <run_address>0x2471</run_address>
         <size>0x1</size>
      </object_component>
      <object_component id="oc-302">
         <name>.common:frame</name>
         <uninitialized>true</uninitialized>
         <run_address>0x244c</run_address>
         <size>0x4</size>
      </object_component>
      <object_component id="oc-305">
         <name>.common:sending_frame</name>
         <uninitialized>true</uninitialized>
         <run_address>0x2450</run_address>
         <size>0x4</size>
      </object_component>
      <object_component id="oc-309">
         <name>.common:TxFrequency</name>
         <uninitialized>true</uninitialized>
         <run_address>0x2448</run_address>
         <size>0x4</size>
      </object_component>
      <object_component id="oc-30b">
         <name>.common:RxFrequency</name>
         <uninitialized>true</uninitialized>
         <run_address>0x2444</run_address>
         <size>0x4</size>
      </object_component>
      <object_component id="oc-30c">
         <name>.common:TxRepeatNb</name>
         <uninitialized>true</uninitialized>
         <run_address>0x246c</run_address>
         <size>0x1</size>
      </object_component>
      <object_component id="oc-503">
         <name>.common:u32_Gfrequency</name>
         <uninitialized>true</uninitialized>
         <run_address>0x245c</run_address>
         <size>0x4</size>
      </object_component>
      <object_component id="oc-30a">
         <name>.common:Std</name>
         <uninitialized>true</uninitialized>
         <run_address>0x2464</run_address>
         <size>0x2</size>
      </object_component>
      <object_component id="oc-6b3">
         <name>.common:AES_IO</name>
         <uninitialized>true</uninitialized>
         <run_address>0x23f2</run_address>
         <size>0x10</size>
      </object_component>
      <object_component id="oc-826">
         <name>.common:__TI_tmpnams</name>
         <uninitialized>true</uninitialized>
         <run_address>0x2352</run_address>
         <size>0xa0</size>
      </object_component>
      <object_component id="oc-82f">
         <name>.common:parmbuf</name>
         <uninitialized>true</uninitialized>
         <run_address>0x240e</run_address>
         <size>0x8</size>
      </object_component>
      <object_component id="oc-7a4">
         <name>.common:sys_free</name>
         <uninitialized>true</uninitialized>
         <run_address>0x2458</run_address>
         <size>0x4</size>
      </object_component>
      <object_component id="oc-81e">
         <name>.common:sys_base</name>
         <uninitialized>true</uninitialized>
         <run_address>0x2454</run_address>
         <size>0x4</size>
      </object_component>
      <object_component id="oc-81d">
         <name>.common:memsize</name>
         <uninitialized>true</uninitialized>
         <run_address>0x246a</run_address>
         <size>0x2</size>
      </object_component>
      <object_component id="oc-d3">
         <name>.sysmem</name>
         <uninitialized>true</uninitialized>
         <run_address>0x2594</run_address>
         <size>0x6</size>
         <input_file_ref idref="fl-a1"/>
      </object_component>
      <object_component id="oc-913">
         <name>.sysmem</name>
         <uninitialized>true</uninitialized>
         <run_address>0x2594</run_address>
         <size>0x0</size>
      </object_component>
      <object_component id="oc-cf">
         <name>.stack</name>
         <uninitialized>true</uninitialized>
         <run_address>0x5b60</run_address>
         <size>0x4</size>
         <input_file_ref idref="fl-55"/>
      </object_component>
      <object_component id="oc-912">
         <name>.stack</name>
         <uninitialized>true</uninitialized>
         <run_address>0x5b60</run_address>
         <size>0x0</size>
      </object_component>
      <object_component id="oc-219">
         <name>.text:parseHostCmd</name>
         <load_address>0x10000</load_address>
         <run_address>0x10000</run_address>
         <size>0x85e</size>
         <input_file_ref idref="fl-d"/>
      </object_component>
      <object_component id="oc-72a">
         <name>.text:aes_enc_dec</name>
         <load_address>0x1085e</load_address>
         <run_address>0x1085e</run_address>
         <size>0x3c0</size>
         <input_file_ref idref="fl-15"/>
      </object_component>
      <object_component id="oc-804">
         <name>.text:__TI_frcmpyd</name>
         <load_address>0x10c1e</load_address>
         <run_address>0x10c1e</run_address>
         <size>0x2e4</size>
         <input_file_ref idref="fl-9c"/>
      </object_component>
      <object_component id="oc-1e3">
         <name>.text:updateLCD</name>
         <load_address>0x10f02</load_address>
         <run_address>0x10f02</run_address>
         <size>0x2aa</size>
         <input_file_ref idref="fl-16"/>
      </object_component>
      <object_component id="oc-75e">
         <name>.text:__mspabi_mpyd</name>
         <load_address>0x111ac</load_address>
         <run_address>0x111ac</run_address>
         <size>0x282</size>
         <input_file_ref idref="fl-87"/>
      </object_component>
      <object_component id="oc-38b">
         <name>.text:change_frequency</name>
         <load_address>0x1142e</load_address>
         <run_address>0x1142e</run_address>
         <size>0x204</size>
         <input_file_ref idref="fl-1f"/>
      </object_component>
      <object_component id="oc-55d">
         <name>.text:DecodeFrame</name>
         <load_address>0x11632</load_address>
         <run_address>0x11632</run_address>
         <size>0x1f4</size>
         <input_file_ref idref="fl-24"/>
      </object_component>
      <object_component id="oc-3bd">
         <name>.text:SfxTxTestMode</name>
         <load_address>0x11826</load_address>
         <run_address>0x11826</run_address>
         <size>0x1d8</size>
         <input_file_ref idref="fl-1f"/>
      </object_component>
      <object_component id="oc-371">
         <name>.text:MakeFrame</name>
         <load_address>0x119fe</load_address>
         <run_address>0x119fe</run_address>
         <size>0x1ba</size>
         <input_file_ref idref="fl-1f"/>
      </object_component>
      <object_component id="oc-1fb">
         <name>.text:SfxSendFrame</name>
         <load_address>0x11bb8</load_address>
         <run_address>0x11bb8</run_address>
         <size>0x172</size>
         <input_file_ref idref="fl-1f"/>
      </object_component>
      <object_component id="oc-3af">
         <name>.text:OutOfBandFrame</name>
         <load_address>0x11d2a</load_address>
         <run_address>0x11d2a</run_address>
         <size>0x16a</size>
         <input_file_ref idref="fl-1f"/>
      </object_component>
      <object_component id="oc-401">
         <name>.text:SfxSendBit</name>
         <load_address>0x11e94</load_address>
         <run_address>0x11e94</run_address>
         <size>0x156</size>
         <input_file_ref idref="fl-1f"/>
      </object_component>
      <object_component id="oc-1d6">
         <name>.text:SfxInit</name>
         <load_address>0x11fea</load_address>
         <run_address>0x11fea</run_address>
         <size>0x126</size>
         <input_file_ref idref="fl-1f"/>
      </object_component>
      <object_component id="oc-5af">
         <name>.text:bspMcuGetSystemClockSettings</name>
         <load_address>0x12110</load_address>
         <run_address>0x12110</run_address>
         <size>0x10c</size>
         <input_file_ref idref="fl-12"/>
      </object_component>
      <object_component id="oc-689">
         <name>.text:RADIO_modulate</name>
         <load_address>0x1221c</load_address>
         <run_address>0x1221c</run_address>
         <size>0x102</size>
         <input_file_ref idref="fl-5"/>
      </object_component>
      <object_component id="oc-2b7">
         <name>.text:bspIoSpiInit</name>
         <load_address>0x1231e</load_address>
         <run_address>0x1231e</run_address>
         <size>0x102</size>
         <input_file_ref idref="fl-12"/>
      </object_component>
      <object_component id="oc-32e">
         <name>.text:fputs</name>
         <load_address>0x12420</load_address>
         <run_address>0x12420</run_address>
         <size>0xf0</size>
         <input_file_ref idref="fl-66"/>
      </object_component>
      <object_component id="oc-3a9">
         <name>.text:ReceiveLoop</name>
         <load_address>0x12510</load_address>
         <run_address>0x12510</run_address>
         <size>0xee</size>
         <input_file_ref idref="fl-1f"/>
      </object_component>
      <object_component id="oc-600">
         <name>.text:setvbuf</name>
         <load_address>0x125fe</load_address>
         <run_address>0x125fe</run_address>
         <size>0xe0</size>
         <input_file_ref idref="fl-9e"/>
      </object_component>
      <object_component id="oc-13a">
         <name>.text:main</name>
         <load_address>0x126de</load_address>
         <run_address>0x126de</run_address>
         <size>0xda</size>
         <input_file_ref idref="fl-16"/>
      </object_component>
      <object_component id="oc-3c3">
         <name>.text:SfxRxTestMode</name>
         <load_address>0x127b8</load_address>
         <run_address>0x127b8</run_address>
         <size>0xd8</size>
         <input_file_ref idref="fl-1f"/>
      </object_component>
      <object_component id="oc-557">
         <name>.text:sfx_waitframe</name>
         <load_address>0x12890</load_address>
         <run_address>0x12890</run_address>
         <size>0xd4</size>
         <input_file_ref idref="fl-2"/>
      </object_component>
      <object_component id="oc-582">
         <name>.text:sfx_PrintRxTestResult</name>
         <load_address>0x12964</load_address>
         <run_address>0x12964</run_address>
         <size>0xbe</size>
         <input_file_ref idref="fl-2"/>
      </object_component>
      <object_component id="oc-6f7">
         <name>.text:malloc</name>
         <load_address>0x12a22</load_address>
         <run_address>0x12a22</run_address>
         <size>0xba</size>
         <input_file_ref idref="fl-a1"/>
      </object_component>
      <object_component id="oc-2a5">
         <name>.text:bspInit</name>
         <load_address>0x12adc</load_address>
         <run_address>0x12adc</run_address>
         <size>0xb8</size>
         <input_file_ref idref="fl-12"/>
      </object_component>
      <object_component id="oc-48e">
         <name>.text:flash_write_wear_level</name>
         <load_address>0x12b94</load_address>
         <run_address>0x12b94</run_address>
         <size>0xb0</size>
         <input_file_ref idref="fl-7"/>
      </object_component>
      <object_component id="oc-658">
         <name>.text:RADIO_change_frequency</name>
         <load_address>0x12c44</load_address>
         <run_address>0x12c44</run_address>
         <size>0xa8</size>
         <input_file_ref idref="fl-5"/>
      </object_component>
      <object_component id="oc-42e">
         <name>.text:bspSysClockSpeedSet</name>
         <load_address>0x12cec</load_address>
         <run_address>0x12cec</run_address>
         <size>0xa4</size>
         <input_file_ref idref="fl-12"/>
      </object_component>
      <object_component id="oc-21f">
         <name>.text:bspKeyPushed</name>
         <load_address>0x12d90</load_address>
         <run_address>0x12d90</run_address>
         <size>0xa2</size>
         <input_file_ref idref="fl-13"/>
      </object_component>
      <object_component id="oc-7d1">
         <name>.text:HOSTlseek</name>
         <load_address>0x12e32</load_address>
         <run_address>0x12e32</run_address>
         <size>0x9e</size>
         <input_file_ref idref="fl-94"/>
      </object_component>
      <object_component id="oc-385">
         <name>.text:ComputeScrambling</name>
         <load_address>0x12ed0</load_address>
         <run_address>0x12ed0</run_address>
         <size>0x9c</size>
         <input_file_ref idref="fl-21"/>
      </object_component>
      <object_component id="oc-2e5">
         <name>.text:lcdBufferPrintString</name>
         <load_address>0x12f6c</load_address>
         <run_address>0x12f6c</run_address>
         <size>0x9c</size>
         <input_file_ref idref="fl-8"/>
      </object_component>
      <object_component id="oc-623">
         <name>.text:sfx_AES_128_cbc_encrypt</name>
         <load_address>0x13008</load_address>
         <run_address>0x13008</run_address>
         <size>0x92</size>
         <input_file_ref idref="fl-2"/>
      </object_component>
      <object_component id="oc-6f1">
         <name>.text:free</name>
         <load_address>0x1309a</load_address>
         <run_address>0x1309a</run_address>
         <size>0x8e</size>
         <input_file_ref idref="fl-a1"/>
      </object_component>
      <object_component id="oc-3de">
         <name>.text:ltoa</name>
         <load_address>0x13128</load_address>
         <run_address>0x13128</run_address>
         <size>0x80</size>
         <input_file_ref idref="fl-82"/>
      </object_component>
      <object_component id="oc-499">
         <name>.text:__TI_wrt_ok</name>
         <load_address>0x131a8</load_address>
         <run_address>0x131a8</run_address>
         <size>0x7e</size>
         <input_file_ref idref="fl-96"/>
      </object_component>
      <object_component id="oc-4d5">
         <name>.text:ComputeAES</name>
         <load_address>0x13226</load_address>
         <run_address>0x13226</run_address>
         <size>0x7c</size>
         <input_file_ref idref="fl-20"/>
      </object_component>
      <object_component id="oc-4e8">
         <name>.text:RADIO_init_chip</name>
         <load_address>0x132a2</load_address>
         <run_address>0x132a2</run_address>
         <size>0x7a</size>
         <input_file_ref idref="fl-5"/>
      </object_component>
      <object_component id="oc-758">
         <name>.text:__mspabi_fltuld</name>
         <load_address>0x1331c</load_address>
         <run_address>0x1331c</run_address>
         <size>0x76</size>
         <input_file_ref idref="fl-65"/>
      </object_component>
      <object_component id="oc-1d0">
         <name>.text:resetCF</name>
         <load_address>0x13392</load_address>
         <run_address>0x13392</run_address>
         <size>0x76</size>
         <input_file_ref idref="fl-16"/>
      </object_component>
      <object_component id="oc-774">
         <name>.text:trxReadWriteBurstSingle</name>
         <load_address>0x13408</load_address>
         <run_address>0x13408</run_address>
         <size>0x76</size>
         <input_file_ref idref="fl-4"/>
      </object_component>
      <object_component id="oc-7dd">
         <name>.text:HOSTrename</name>
         <load_address>0x1347e</load_address>
         <run_address>0x1347e</run_address>
         <size>0x74</size>
         <input_file_ref idref="fl-94"/>
      </object_component>
      <object_component id="oc-7b0">
         <name>.text:__TI_closefile</name>
         <load_address>0x134f2</load_address>
         <run_address>0x134f2</run_address>
         <size>0x70</size>
         <input_file_ref idref="fl-a2"/>
      </object_component>
      <object_component id="oc-7b9">
         <name>.text:HOSTopen</name>
         <load_address>0x13562</load_address>
         <run_address>0x13562</run_address>
         <size>0x6e</size>
         <input_file_ref idref="fl-94"/>
      </object_component>
      <object_component id="oc-6cc">
         <name>.text:bspMcuSetVCoreUp</name>
         <load_address>0x135d0</load_address>
         <run_address>0x135d0</run_address>
         <size>0x6e</size>
         <input_file_ref idref="fl-12"/>
      </object_component>
      <object_component id="oc-2c9">
         <name>.text:halUartInit</name>
         <load_address>0x1363e</load_address>
         <run_address>0x1363e</run_address>
         <size>0x6e</size>
         <input_file_ref idref="fl-e"/>
      </object_component>
      <object_component id="oc-511">
         <name>.text:RADIO_start_rf_carrier</name>
         <load_address>0x136ac</load_address>
         <run_address>0x136ac</run_address>
         <size>0x6c</size>
         <input_file_ref idref="fl-5"/>
      </object_component>
      <object_component id="oc-120">
         <name>.text:_auto_init_hold_wdt</name>
         <load_address>0x13718</load_address>
         <run_address>0x13718</run_address>
         <size>0x6c</size>
         <input_file_ref idref="fl-9b"/>
      </object_component>
      <object_component id="oc-7cb">
         <name>.text:HOSTwrite</name>
         <load_address>0x13784</load_address>
         <run_address>0x13784</run_address>
         <size>0x6a</size>
         <input_file_ref idref="fl-94"/>
      </object_component>
      <object_component id="oc-6ad">
         <name>.text:decode_bch</name>
         <load_address>0x137ee</load_address>
         <run_address>0x137ee</run_address>
         <size>0x6a</size>
         <input_file_ref idref="fl-25"/>
      </object_component>
      <object_component id="oc-485">
         <name>.text:flash_read_wear_level</name>
         <load_address>0x13858</load_address>
         <run_address>0x13858</run_address>
         <size>0x6a</size>
         <input_file_ref idref="fl-7"/>
      </object_component>
      <object_component id="oc-5fa">
         <name>.text:fseek</name>
         <load_address>0x138c2</load_address>
         <run_address>0x138c2</run_address>
         <size>0x6a</size>
         <input_file_ref idref="fl-9d"/>
      </object_component>
      <object_component id="oc-7c5">
         <name>.text:HOSTread</name>
         <load_address>0x1392c</load_address>
         <run_address>0x1392c</run_address>
         <size>0x68</size>
         <input_file_ref idref="fl-94"/>
      </object_component>
      <object_component id="oc-e3">
         <name>.text:__TI_decompress_rle_core</name>
         <load_address>0x13994</load_address>
         <run_address>0x13994</run_address>
         <size>0x68</size>
         <input_file_ref idref="fl-58"/>
      </object_component>
      <object_component id="oc-764">
         <name>.text:__mspabi_fixdul</name>
         <load_address>0x139fc</load_address>
         <run_address>0x139fc</run_address>
         <size>0x68</size>
         <input_file_ref idref="fl-64"/>
      </object_component>
      <object_component id="oc-4ab">
         <name>.text:__TI_doflush</name>
         <load_address>0x13a64</load_address>
         <run_address>0x13a64</run_address>
         <size>0x64</size>
         <input_file_ref idref="fl-63"/>
      </object_component>
      <object_component id="oc-54b">
         <name>.text:Switch_frequency</name>
         <load_address>0x13ac8</load_address>
         <run_address>0x13ac8</run_address>
         <size>0x60</size>
         <input_file_ref idref="fl-1f"/>
      </object_component>
      <object_component id="oc-2fc">
         <name>.text:sfx_malloc</name>
         <load_address>0x13b28</load_address>
         <run_address>0x13b28</run_address>
         <size>0x60</size>
         <input_file_ref idref="fl-2"/>
      </object_component>
      <object_component id="oc-391">
         <name>.text:sfx_send</name>
         <load_address>0x13b88</load_address>
         <run_address>0x13b88</run_address>
         <size>0x60</size>
         <input_file_ref idref="fl-2"/>
      </object_component>
      <object_component id="oc-741">
         <name>.text:halDigio2IntConnect</name>
         <load_address>0x13be8</load_address>
         <run_address>0x13be8</run_address>
         <size>0x5e</size>
         <input_file_ref idref="fl-10"/>
      </object_component>
      <object_component id="oc-1ca">
         <name>.text:welcomeLCD</name>
         <load_address>0x13c46</load_address>
         <run_address>0x13c46</run_address>
         <size>0x5e</size>
         <input_file_ref idref="fl-16"/>
      </object_component>
      <object_component id="oc-313">
         <name>.text:Next_Pn11</name>
         <load_address>0x13ca4</load_address>
         <run_address>0x13ca4</run_address>
         <size>0x5c</size>
         <input_file_ref idref="fl-22"/>
      </object_component>
      <object_component id="oc-319">
         <name>.text:Next_Pn9</name>
         <load_address>0x13d00</load_address>
         <run_address>0x13d00</run_address>
         <size>0x5c</size>
         <input_file_ref idref="fl-22"/>
      </object_component>
      <object_component id="oc-2bd">
         <name>.text:lcdInit</name>
         <load_address>0x13d5c</load_address>
         <run_address>0x13d5c</run_address>
         <size>0x5c</size>
         <input_file_ref idref="fl-a"/>
      </object_component>
      <object_component id="oc-52f">
         <name>.text:RADIO_stop_rf_carrier</name>
         <load_address>0x13db8</load_address>
         <run_address>0x13db8</run_address>
         <size>0x5a</size>
         <input_file_ref idref="fl-5"/>
      </object_component>
      <object_component id="oc-51d">
         <name>.text:cc112xSpiReadReg</name>
         <load_address>0x13e12</load_address>
         <run_address>0x13e12</run_address>
         <size>0x5a</size>
         <input_file_ref idref="fl-f"/>
      </object_component>
      <object_component id="oc-63d">
         <name>.text:cc112xSpiWriteReg</name>
         <load_address>0x13e6c</load_address>
         <run_address>0x13e6c</run_address>
         <size>0x5a</size>
         <input_file_ref idref="fl-f"/>
      </object_component>
      <object_component id="oc-820">
         <name>.text:close</name>
         <load_address>0x13ec6</load_address>
         <run_address>0x13ec6</run_address>
         <size>0x5a</size>
         <input_file_ref idref="fl-7d"/>
      </object_component>
      <object_component id="oc-861">
         <name>.text:getdevice</name>
         <load_address>0x13f20</load_address>
         <run_address>0x13f20</run_address>
         <size>0x5a</size>
         <input_file_ref idref="fl-7d"/>
      </object_component>
      <object_component id="oc-4e1">
         <name>.text:sfx_free</name>
         <load_address>0x13f7a</load_address>
         <run_address>0x13f7a</run_address>
         <size>0x5a</size>
         <input_file_ref idref="fl-2"/>
      </object_component>
      <object_component id="oc-3c9">
         <name>.text:stringToData</name>
         <load_address>0x13fd4</load_address>
         <run_address>0x13fd4</run_address>
         <size>0x5a</size>
         <input_file_ref idref="fl-d"/>
      </object_component>
      <object_component id="oc-334">
         <name>.text:fflush</name>
         <load_address>0x1402e</load_address>
         <run_address>0x1402e</run_address>
         <size>0x58</size>
         <input_file_ref idref="fl-63"/>
      </object_component>
      <object_component id="oc-43d">
         <name>.text</name>
         <load_address>0x14086</load_address>
         <run_address>0x14086</run_address>
         <size>0x58</size>
         <input_file_ref idref="fl-60"/>
      </object_component>
      <object_component id="oc-39d">
         <name>.text:sfx_delay</name>
         <load_address>0x140de</load_address>
         <run_address>0x140de</run_address>
         <size>0x56</size>
         <input_file_ref idref="fl-2"/>
      </object_component>
      <object_component id="oc-35f">
         <name>.text:lcdBufferSetHLine</name>
         <load_address>0x14134</load_address>
         <run_address>0x14134</run_address>
         <size>0x50</size>
         <input_file_ref idref="fl-8"/>
      </object_component>
      <object_component id="oc-7bf">
         <name>.text:HOSTclose</name>
         <load_address>0x14184</load_address>
         <run_address>0x14184</run_address>
         <size>0x4c</size>
         <input_file_ref idref="fl-94"/>
      </object_component>
      <object_component id="oc-359">
         <name>.text:lcdBufferClearPart</name>
         <load_address>0x141d0</load_address>
         <run_address>0x141d0</run_address>
         <size>0x4c</size>
         <input_file_ref idref="fl-8"/>
      </object_component>
      <object_component id="oc-2eb">
         <name>.text:lcdSendBufferPart</name>
         <load_address>0x1421c</load_address>
         <run_address>0x1421c</run_address>
         <size>0x4c</size>
         <input_file_ref idref="fl-8"/>
      </object_component>
      <object_component id="oc-5f1">
         <name>.text:flash_erase_segment</name>
         <load_address>0x14268</load_address>
         <run_address>0x14268</run_address>
         <size>0x4a</size>
         <input_file_ref idref="fl-7"/>
      </object_component>
      <object_component id="oc-747">
         <name>.text:halDigio2IntSetEdge</name>
         <load_address>0x142b2</load_address>
         <run_address>0x142b2</run_address>
         <size>0x4a</size>
         <input_file_ref idref="fl-10"/>
      </object_component>
      <object_component id="oc-67b">
         <name>.text:trx16BitRegAccess</name>
         <load_address>0x142fc</load_address>
         <run_address>0x142fc</run_address>
         <size>0x48</size>
         <input_file_ref idref="fl-4"/>
      </object_component>
      <object_component id="oc-7d7">
         <name>.text:HOSTunlink</name>
         <load_address>0x14344</load_address>
         <run_address>0x14344</run_address>
         <size>0x46</size>
         <input_file_ref idref="fl-94"/>
      </object_component>
      <object_component id="oc-1be">
         <name>.text:dynamic_memory_init</name>
         <load_address>0x1438a</load_address>
         <run_address>0x1438a</run_address>
         <size>0x46</size>
         <input_file_ref idref="fl-16"/>
      </object_component>
      <object_component id="oc-34d">
         <name>.text:lcdBufferPrintStringAligned</name>
         <load_address>0x143d0</load_address>
         <run_address>0x143d0</run_address>
         <size>0x46</size>
         <input_file_ref idref="fl-8"/>
      </object_component>
      <object_component id="oc-5eb">
         <name>.text:flash_write_data</name>
         <load_address>0x14416</load_address>
         <run_address>0x14416</run_address>
         <size>0x42</size>
         <input_file_ref idref="fl-7"/>
      </object_component>
      <object_component id="oc-7a9">
         <name>.text:minit</name>
         <load_address>0x14458</load_address>
         <run_address>0x14458</run_address>
         <size>0x42</size>
         <input_file_ref idref="fl-a1"/>
      </object_component>
      <object_component id="oc-589">
         <name>.text:hexToByte</name>
         <load_address>0x1449a</load_address>
         <run_address>0x1449a</run_address>
         <size>0x40</size>
         <input_file_ref idref="fl-d"/>
      </object_component>
      <object_component id="oc-1c4">
         <name>.text:initMCU</name>
         <load_address>0x144da</load_address>
         <run_address>0x144da</run_address>
         <size>0x40</size>
         <input_file_ref idref="fl-16"/>
      </object_component>
      <object_component id="oc-461">
         <name>.text:lcdGotoXY</name>
         <load_address>0x1451a</load_address>
         <run_address>0x1451a</run_address>
         <size>0x40</size>
         <input_file_ref idref="fl-8"/>
      </object_component>
      <object_component id="oc-594">
         <name>.text</name>
         <load_address>0x1455a</load_address>
         <run_address>0x1455a</run_address>
         <size>0x40</size>
         <input_file_ref idref="fl-5f"/>
      </object_component>
      <object_component id="oc-3e4">
         <name>.text:SfxClose</name>
         <load_address>0x1459a</load_address>
         <run_address>0x1459a</run_address>
         <size>0x3e</size>
         <input_file_ref idref="fl-1f"/>
      </object_component>
      <object_component id="oc-857">
         <name>.text:l_asr_const</name>
         <load_address>0x145d8</load_address>
         <run_address>0x145d8</run_address>
         <size>0x3e</size>
         <input_file_ref idref="fl-9a"/>
      </object_component>
      <object_component id="oc-6a3">
         <name>.text:l_lsl_const</name>
         <load_address>0x14616</load_address>
         <run_address>0x14616</run_address>
         <size>0x3e</size>
         <input_file_ref idref="fl-7f"/>
      </object_component>
      <object_component id="oc-76a">
         <name>.text:l_lsr_const</name>
         <load_address>0x14654</load_address>
         <run_address>0x14654</run_address>
         <size>0x3e</size>
         <input_file_ref idref="fl-81"/>
      </object_component>
      <object_component id="oc-6e9">
         <name>.text:lseek</name>
         <load_address>0x14692</load_address>
         <run_address>0x14692</run_address>
         <size>0x3e</size>
         <input_file_ref idref="fl-7d"/>
      </object_component>
      <object_component id="oc-2c3">
         <name>.text:trxRfSpiInterfaceInit</name>
         <load_address>0x146d0</load_address>
         <run_address>0x146d0</run_address>
         <size>0x3e</size>
         <input_file_ref idref="fl-4"/>
      </object_component>
      <object_component id="oc-4b1">
         <name>.text:write</name>
         <load_address>0x1470e</load_address>
         <run_address>0x1470e</run_address>
         <size>0x3c</size>
         <input_file_ref idref="fl-7d"/>
      </object_component>
      <object_component id="oc-675">
         <name>.text:trx8BitRegAccess</name>
         <load_address>0x1474a</load_address>
         <run_address>0x1474a</run_address>
         <size>0x3a</size>
         <input_file_ref idref="fl-4"/>
      </object_component>
      <object_component id="oc-17e">
         <name>.text:circBufGetData</name>
         <load_address>0x14784</load_address>
         <run_address>0x14784</run_address>
         <size>0x38</size>
         <input_file_ref idref="fl-c"/>
      </object_component>
      <object_component id="oc-6fd">
         <name>.text:__TI_cleanup</name>
         <load_address>0x147bc</load_address>
         <run_address>0x147bc</run_address>
         <size>0x36</size>
         <input_file_ref idref="fl-a0"/>
      </object_component>
      <object_component id="oc-832">
         <name>.text:__TI_writemsg</name>
         <load_address>0x147f2</load_address>
         <run_address>0x147f2</run_address>
         <size>0x36</size>
         <input_file_ref idref="fl-95"/>
      </object_component>
      <object_component id="oc-185">
         <name>.text:circBufPutData</name>
         <load_address>0x14828</load_address>
         <run_address>0x14828</run_address>
         <size>0x36</size>
         <input_file_ref idref="fl-c"/>
      </object_component>
      <object_component id="oc-4db">
         <name>.text:crc16</name>
         <load_address>0x1485e</load_address>
         <run_address>0x1485e</run_address>
         <size>0x36</size>
         <input_file_ref idref="fl-23"/>
      </object_component>
      <object_component id="oc-29b">
         <name>.text:memory_block_init</name>
         <load_address>0x14894</load_address>
         <run_address>0x14894</run_address>
         <size>0x36</size>
         <input_file_ref idref="fl-16"/>
      </object_component>
      <object_component id="oc-838">
         <name>.text:__TI_readmsg</name>
         <load_address>0x148ca</load_address>
         <run_address>0x148ca</run_address>
         <size>0x32</size>
         <input_file_ref idref="fl-95"/>
      </object_component>
      <object_component id="oc-6b6">
         <name>.text:crc8</name>
         <load_address>0x148fc</load_address>
         <run_address>0x148fc</run_address>
         <size>0x32</size>
         <input_file_ref idref="fl-23"/>
      </object_component>
      <object_component id="oc-87d">
         <name>.text:strncpy</name>
         <load_address>0x1492e</load_address>
         <run_address>0x1492e</run_address>
         <size>0x32</size>
         <input_file_ref idref="fl-93"/>
      </object_component>
      <object_component id="oc-6d2">
         <name>.text:bspMcuSetVCoreDown</name>
         <load_address>0x14960</load_address>
         <run_address>0x14960</run_address>
         <size>0x30</size>
         <input_file_ref idref="fl-12"/>
      </object_component>
      <object_component id="oc-353">
         <name>.text:lcdBufferInvertPage</name>
         <load_address>0x14990</load_address>
         <run_address>0x14990</run_address>
         <size>0x30</size>
         <input_file_ref idref="fl-8"/>
      </object_component>
      <object_component id="oc-827">
         <name>.text:unlink</name>
         <load_address>0x149c0</load_address>
         <run_address>0x149c0</run_address>
         <size>0x30</size>
         <input_file_ref idref="fl-7d"/>
      </object_component>
      <object_component id="oc-428">
         <name>.text:bspMcuStartXT1</name>
         <load_address>0x149f0</load_address>
         <run_address>0x149f0</run_address>
         <size>0x2e</size>
         <input_file_ref idref="fl-12"/>
      </object_component>
      <object_component id="oc-3d0">
         <name>.text:byteToHex</name>
         <load_address>0x14a1e</load_address>
         <run_address>0x14a1e</run_address>
         <size>0x2e</size>
         <input_file_ref idref="fl-d"/>
      </object_component>
      <object_component id="oc-12c">
         <name>.text:exit</name>
         <load_address>0x14a4c</load_address>
         <run_address>0x14a4c</run_address>
         <size>0x2e</size>
         <input_file_ref idref="fl-61"/>
      </object_component>
      <object_component id="oc-883">
         <name>.text:finddevice</name>
         <load_address>0x14a7a</load_address>
         <run_address>0x14a7a</run_address>
         <size>0x2e</size>
         <input_file_ref idref="fl-7d"/>
      </object_component>
      <object_component id="oc-7f6">
         <name>.text:halDigio2IntClear</name>
         <load_address>0x14aa8</load_address>
         <run_address>0x14aa8</run_address>
         <size>0x2e</size>
         <input_file_ref idref="fl-10"/>
      </object_component>
      <object_component id="oc-2df">
         <name>.text:lcdSendBuffer</name>
         <load_address>0x14ad6</load_address>
         <run_address>0x14ad6</run_address>
         <size>0x2e</size>
         <input_file_ref idref="fl-8"/>
      </object_component>
      <object_component id="oc-342">
         <name>.text:dataToString</name>
         <load_address>0x14b04</load_address>
         <run_address>0x14b04</run_address>
         <size>0x2c</size>
         <input_file_ref idref="fl-d"/>
      </object_component>
      <object_component id="oc-348">
         <name>.text</name>
         <load_address>0x14b30</load_address>
         <run_address>0x14b30</run_address>
         <size>0x2c</size>
         <input_file_ref idref="fl-5d"/>
      </object_component>
      <object_component id="oc-62d">
         <name>.text:free_memory_block</name>
         <load_address>0x14b5c</load_address>
         <run_address>0x14b5c</run_address>
         <size>0x2a</size>
         <input_file_ref idref="fl-2"/>
      </object_component>
      <object_component id="oc-74f">
         <name>.text:halDigio2IntEnable</name>
         <load_address>0x14b86</load_address>
         <run_address>0x14b86</run_address>
         <size>0x2a</size>
         <input_file_ref idref="fl-10"/>
      </object_component>
      <object_component id="oc-30d">
         <name>.text:sfx_get_nv_mem</name>
         <load_address>0x14bb0</load_address>
         <run_address>0x14bb0</run_address>
         <size>0x28</size>
         <input_file_ref idref="fl-2"/>
      </object_component>
      <object_component id="oc-5bb">
         <name>.text:bspAssert</name>
         <load_address>0x14bd8</load_address>
         <run_address>0x14bd8</run_address>
         <size>0x26</size>
         <input_file_ref idref="fl-12"/>
      </object_component>
      <object_component id="oc-634">
         <name>.text:trxSpiCmdStrobe</name>
         <load_address>0x14bfe</load_address>
         <run_address>0x14bfe</run_address>
         <size>0x26</size>
         <input_file_ref idref="fl-4"/>
      </object_component>
      <object_component id="oc-683">
         <name>.text:Read_Bit</name>
         <load_address>0x14c24</load_address>
         <run_address>0x14c24</run_address>
         <size>0x24</size>
         <input_file_ref idref="fl-6"/>
      </object_component>
      <object_component id="oc-5b5">
         <name>.text:bspMcuSetVCore</name>
         <load_address>0x14c48</load_address>
         <run_address>0x14c48</run_address>
         <size>0x24</size>
         <input_file_ref idref="fl-12"/>
      </object_component>
      <object_component id="oc-8d">
         <name>.text:decompress:ZI:__TI_zero_init</name>
         <load_address>0x14c6c</load_address>
         <run_address>0x14c6c</run_address>
         <size>0x24</size>
         <input_file_ref idref="fl-59"/>
      </object_component>
      <object_component id="oc-536">
         <name>.text:TIMER_downlink_timing_init</name>
         <load_address>0x14c90</load_address>
         <run_address>0x14c90</run_address>
         <size>0x22</size>
         <input_file_ref idref="fl-3"/>
      </object_component>
      <object_component id="oc-523">
         <name>.text:TxProcess</name>
         <load_address>0x14cb2</load_address>
         <run_address>0x14cb2</run_address>
         <size>0x22</size>
         <input_file_ref idref="fl-6"/>
      </object_component>
      <object_component id="oc-178">
         <name>.text:circBufRemainder</name>
         <load_address>0x14cd4</load_address>
         <run_address>0x14cd4</run_address>
         <size>0x22</size>
         <input_file_ref idref="fl-c"/>
      </object_component>
      <object_component id="oc-3f6">
         <name>.text</name>
         <load_address>0x14cf6</load_address>
         <run_address>0x14cf6</run_address>
         <size>0x22</size>
         <input_file_ref idref="fl-8d"/>
      </object_component>
      <object_component id="oc-213">
         <name>.text:uartGetStr</name>
         <load_address>0x14d18</load_address>
         <run_address>0x14d18</run_address>
         <size>0x22</size>
         <input_file_ref idref="fl-e"/>
      </object_component>
      <object_component id="oc-377">
         <name>.text:sfx_init</name>
         <load_address>0x14d3a</load_address>
         <run_address>0x14d3a</run_address>
         <size>0x20</size>
         <input_file_ref idref="fl-2"/>
      </object_component>
      <object_component id="oc-649">
         <name>.text:trxIsrConnect</name>
         <load_address>0x14d5a</load_address>
         <run_address>0x14d5a</run_address>
         <size>0x20</size>
         <input_file_ref idref="fl-b"/>
      </object_component>
      <object_component id="oc-3fb">
         <name>.text:uartPutStr</name>
         <load_address>0x14d7a</load_address>
         <run_address>0x14d7a</run_address>
         <size>0x20</size>
         <input_file_ref idref="fl-e"/>
      </object_component>
      <object_component id="oc-5c9">
         <name>.text:lcdSendArray</name>
         <load_address>0x14d9a</load_address>
         <run_address>0x14d9a</run_address>
         <size>0x1e</size>
         <input_file_ref idref="fl-a"/>
      </object_component>
      <object_component id="oc-31f">
         <name>.text:sfx_set_nv_mem</name>
         <load_address>0x14db8</load_address>
         <run_address>0x14db8</run_address>
         <size>0x1c</size>
         <input_file_ref idref="fl-2"/>
      </object_component>
      <object_component id="oc-877">
         <name>.text:strchr</name>
         <load_address>0x14dd4</load_address>
         <run_address>0x14dd4</run_address>
         <size>0x1c</size>
         <input_file_ref idref="fl-90"/>
      </object_component>
      <object_component id="oc-894">
         <name>.text:strcmp</name>
         <load_address>0x14df0</load_address>
         <run_address>0x14df0</run_address>
         <size>0x1c</size>
         <input_file_ref idref="fl-91"/>
      </object_component>
      <object_component id="oc-2cf">
         <name>.text:TIMER_bitrate_init</name>
         <load_address>0x14e0c</load_address>
         <run_address>0x14e0c</run_address>
         <size>0x1a</size>
         <input_file_ref idref="fl-3"/>
      </object_component>
      <object_component id="oc-1dd">
         <name>.text:_abort_msg</name>
         <load_address>0x14e26</load_address>
         <run_address>0x14e26</run_address>
         <size>0x1a</size>
         <input_file_ref idref="fl-54"/>
      </object_component>
      <object_component id="oc-2d6">
         <name>.text:lcdBufferClear</name>
         <load_address>0x14e40</load_address>
         <run_address>0x14e40</run_address>
         <size>0x1a</size>
         <input_file_ref idref="fl-8"/>
      </object_component>
      <object_component id="oc-449">
         <name>.text:lcdSendCommand</name>
         <load_address>0x14e5a</load_address>
         <run_address>0x14e5a</run_address>
         <size>0x1a</size>
         <input_file_ref idref="fl-a"/>
      </object_component>
      <object_component id="oc-3ea">
         <name>.text:RADIO_stop_unmodulated_cw</name>
         <load_address>0x14e74</load_address>
         <run_address>0x14e74</run_address>
         <size>0x18</size>
         <input_file_ref idref="fl-5"/>
      </object_component>
      <object_component id="oc-5e3">
         <name>.text:flash_read_data</name>
         <load_address>0x14e8c</load_address>
         <run_address>0x14e8c</run_address>
         <size>0x18</size>
         <input_file_ref idref="fl-7"/>
      </object_component>
      <object_component id="oc-253">
         <name>.text:halUartStartTx</name>
         <load_address>0x14ea4</load_address>
         <run_address>0x14ea4</run_address>
         <size>0x18</size>
         <input_file_ref idref="fl-e"/>
      </object_component>
      <object_component id="oc-467">
         <name>.text:lcdSendData</name>
         <load_address>0x14ebc</load_address>
         <run_address>0x14ebc</run_address>
         <size>0x18</size>
         <input_file_ref idref="fl-a"/>
      </object_component>
      <object_component id="oc-4a5">
         <name>.text:memchr</name>
         <load_address>0x14ed4</load_address>
         <run_address>0x14ed4</run_address>
         <size>0x16</size>
         <input_file_ref idref="fl-83"/>
      </object_component>
      <object_component id="oc-33c">
         <name>.text:memset</name>
         <load_address>0x14eea</load_address>
         <run_address>0x14eea</run_address>
         <size>0x16</size>
         <input_file_ref idref="fl-85"/>
      </object_component>
      <object_component id="oc-4c8">
         <name>.text</name>
         <load_address>0x14f00</load_address>
         <run_address>0x14f00</run_address>
         <size>0x16</size>
         <input_file_ref idref="fl-5e"/>
      </object_component>
      <object_component id="oc-37d">
         <name>.text</name>
         <load_address>0x14f16</load_address>
         <run_address>0x14f16</run_address>
         <size>0x16</size>
         <input_file_ref idref="fl-8a"/>
      </object_component>
      <object_component id="oc-56a">
         <name>.text:sfx_get_voltage_temperature</name>
         <load_address>0x14f2c</load_address>
         <run_address>0x14f2c</run_address>
         <size>0x16</size>
         <input_file_ref idref="fl-2"/>
      </object_component>
      <object_component id="oc-73a">
         <name>.text:trxClearIntFlag</name>
         <load_address>0x14f42</load_address>
         <run_address>0x14f42</run_address>
         <size>0x16</size>
         <input_file_ref idref="fl-b"/>
      </object_component>
      <object_component id="oc-64f">
         <name>.text:trxEnableInt</name>
         <load_address>0x14f58</load_address>
         <run_address>0x14f58</run_address>
         <size>0x16</size>
         <input_file_ref idref="fl-b"/>
      </object_component>
      <object_component id="oc-2b1">
         <name>.text:bspLedInit</name>
         <load_address>0x14f6e</load_address>
         <run_address>0x14f6e</run_address>
         <size>0x14</size>
         <input_file_ref idref="fl-14"/>
      </object_component>
      <object_component id="oc-46e">
         <name>.text:lcdGetStringLength</name>
         <load_address>0x14f82</load_address>
         <run_address>0x14f82</run_address>
         <size>0x14</size>
         <input_file_ref idref="fl-8"/>
      </object_component>
      <object_component id="oc-d6">
         <name>.text:memcpy</name>
         <load_address>0x14f96</load_address>
         <run_address>0x14f96</run_address>
         <size>0x14</size>
         <input_file_ref idref="fl-84"/>
      </object_component>
      <object_component id="oc-545">
         <name>.text:sfx_WaitForTimeoutRx</name>
         <load_address>0x14faa</load_address>
         <run_address>0x14faa</run_address>
         <size>0x14</size>
         <input_file_ref idref="fl-2"/>
      </object_component>
      <object_component id="oc-6b">
         <name>.text:decompress:none:__TI_decompress_none</name>
         <load_address>0x14fbe</load_address>
         <run_address>0x14fbe</run_address>
         <size>0x12</size>
         <input_file_ref idref="fl-57"/>
      </object_component>
      <object_component id="oc-844">
         <name>.text:strcpy</name>
         <load_address>0x14fd0</load_address>
         <run_address>0x14fd0</run_address>
         <size>0x12</size>
         <input_file_ref idref="fl-9f"/>
      </object_component>
      <object_component id="oc-699">
         <name>.text:cc112xSpiReadRxFifo</name>
         <load_address>0x14fe2</load_address>
         <run_address>0x14fe2</run_address>
         <size>0x10</size>
         <input_file_ref idref="fl-f"/>
      </object_component>
      <object_component id="oc-7eb">
         <name>.text:galois_mul2</name>
         <load_address>0x14ff2</load_address>
         <run_address>0x14ff2</run_address>
         <size>0x10</size>
         <input_file_ref idref="fl-15"/>
      </object_component>
      <object_component id="oc-6a8">
         <name>.text:l_lsl</name>
         <load_address>0x15002</load_address>
         <run_address>0x15002</run_address>
         <size>0x10</size>
         <input_file_ref idref="fl-7f"/>
      </object_component>
      <object_component id="oc-3d9">
         <name>.text:l_lsr</name>
         <load_address>0x15012</load_address>
         <run_address>0x15012</run_address>
         <size>0x10</size>
         <input_file_ref idref="fl-81"/>
      </object_component>
      <object_component id="oc-517">
         <name>.text:TIMER_bitrate_start</name>
         <load_address>0x15022</load_address>
         <run_address>0x15022</run_address>
         <size>0xe</size>
         <input_file_ref idref="fl-3"/>
      </object_component>
      <object_component id="oc-1ef">
         <name>.text:bspLedSet</name>
         <load_address>0x15030</load_address>
         <run_address>0x15030</run_address>
         <size>0xe</size>
         <input_file_ref idref="fl-14"/>
      </object_component>
      <object_component id="oc-49f">
         <name>.text:strlen</name>
         <load_address>0x1503e</load_address>
         <run_address>0x1503e</run_address>
         <size>0xe</size>
         <input_file_ref idref="fl-92"/>
      </object_component>
      <object_component id="oc-18e">
         <name>.text:uartPutChar</name>
         <load_address>0x1504c</load_address>
         <run_address>0x1504c</run_address>
         <size>0xe</size>
         <input_file_ref idref="fl-e"/>
      </object_component>
      <object_component id="oc-529">
         <name>.text:TIMER_bitrate_stop</name>
         <load_address>0x1505a</load_address>
         <run_address>0x1505a</run_address>
         <size>0xc</size>
         <input_file_ref idref="fl-3"/>
      </object_component>
      <object_component id="oc-563">
         <name>.text:sfx_StopRxTimeout</name>
         <load_address>0x15066</load_address>
         <run_address>0x15066</run_address>
         <size>0xc</size>
         <input_file_ref idref="fl-2"/>
      </object_component>
      <object_component id="oc-3f0">
         <name>.text:RADIO_start_unmodulated_cw</name>
         <load_address>0x15072</load_address>
         <run_address>0x15072</run_address>
         <size>0xa</size>
         <input_file_ref idref="fl-5"/>
      </object_component>
      <object_component id="oc-599">
         <name>.text:abs</name>
         <load_address>0x1507c</load_address>
         <run_address>0x1507c</run_address>
         <size>0xa</size>
         <input_file_ref idref="fl-98"/>
      </object_component>
      <object_component id="oc-1e9">
         <name>.text:bspLedClear</name>
         <load_address>0x15086</load_address>
         <run_address>0x15086</run_address>
         <size>0xa</size>
         <input_file_ref idref="fl-14"/>
      </object_component>
      <object_component id="oc-437">
         <name>.text:bspSysClockSpeedGet</name>
         <load_address>0x15090</load_address>
         <run_address>0x15090</run_address>
         <size>0xa</size>
         <input_file_ref idref="fl-12"/>
      </object_component>
      <object_component id="oc-16b">
         <name>.text</name>
[...]
         <value>0x14086</value>
         <object_component_ref idref="oc-43d"/>
      </symbol>
      <symbol id="sm-c7a">
         <name>C$$EXIT</name>
         <value>0x1510e</value>
         <object_component_ref idref="oc-142"/>
      </symbol>
      <symbol id="sm-c7b">
         <name>abort</name>
         <value>0x1510e</value>
         <object_component_ref idref="oc-142"/>
      </symbol>
      <symbol id="sm-c7c">
         <name>exit</name>
         <value>0x14a4c</value>
         <object_component_ref idref="oc-12c"/>
      </symbol>
      <symbol id="sm-c8b">
         <name>__TI_dtors_ptr</name>
         <value>0x2296</value>
         <object_component_ref idref="oc-1b2"/>
      </symbol>
      <symbol id="sm-c8c">
         <name>__TI_cleanup_ptr</name>
         <value>0x2292</value>
         <object_component_ref idref="oc-1b5"/>
      </symbol>
      <symbol id="sm-ca8">
         <name>__TI_doflush</name>
         <value>0x13a64</value>
         <object_component_ref idref="oc-4ab"/>
      </symbol>
      <symbol id="sm-ca9">
         <name>fflush</name>
         <value>0x1402e</value>
         <object_component_ref idref="oc-334"/>
      </symbol>
      <symbol id="sm-cbe">
         <name>__mspabi_fixdul</name>
         <value>0x139fc</value>
         <object_component_ref idref="oc-764"/>
      </symbol>
      <symbol id="sm-cd3">
         <name>__mspabi_fltuld</name>
         <value>0x1331c</value>
         <object_component_ref idref="oc-758"/>
      </symbol>
      <symbol id="sm-cf0">
         <name>fputs</name>
         <value>0x12420</value>
         <object_component_ref idref="oc-32e"/>
      </symbol>
      <symbol id="sm-d13">
         <name>__TI_int41</name>
         <value>0xffd2</value>
         <object_component_ref idref="oc-77"/>
      </symbol>
      <symbol id="sm-d16">
         <name>__TI_int43</name>
         <value>0xffd6</value>
         <object_component_ref idref="oc-79"/>
      </symbol>
      <symbol id="sm-d19">
         <name>__TI_int44</name>
         <value>0xffd8</value>
         <object_component_ref idref="oc-7a"/>
      </symbol>
      <symbol id="sm-d1c">
         <name>__TI_int45</name>
         <value>0xffda</value>
         <object_component_ref idref="oc-7b"/>
      </symbol>
      <symbol id="sm-d1f">
         <name>__TI_int48</name>
         <value>0xffe0</value>
         <object_component_ref idref="oc-7e"/>
      </symbol>
      <symbol id="sm-d22">
         <name>__TI_int50</name>
         <value>0xffe4</value>
         <object_component_ref idref="oc-80"/>
      </symbol>
      <symbol id="sm-d25">
         <name>__TI_int51</name>
         <value>0xffe6</value>
         <object_component_ref idref="oc-81"/>
      </symbol>
      <symbol id="sm-d28">
         <name>__TI_int52</name>
         <value>0xffe8</value>
         <object_component_ref idref="oc-82"/>
      </symbol>
      <symbol id="sm-d2b">
         <name>__TI_int53</name>
         <value>0xffea</value>
         <object_component_ref idref="oc-83"/>
      </symbol>
      <symbol id="sm-d2e">
         <name>__TI_int55</name>
         <value>0xffee</value>
         <object_component_ref idref="oc-85"/>
      </symbol>
      <symbol id="sm-d31">
         <name>__TI_int56</name>
         <value>0xfff0</value>
         <object_component_ref idref="oc-86"/>
      </symbol>
      <symbol id="sm-d34">
         <name>__TI_int57</name>
         <value>0xfff2</value>
         <object_component_ref idref="oc-87"/>
      </symbol>
      <symbol id="sm-d37">
         <name>__TI_int58</name>
         <value>0xfff4</value>
         <object_component_ref idref="oc-88"/>
      </symbol>
      <symbol id="sm-d3a">
         <name>__TI_int59</name>
         <value>0xfff6</value>
         <object_component_ref idref="oc-89"/>
      </symbol>
      <symbol id="sm-d3d">
         <name>__TI_int60</name>
         <value>0xfff8</value>
         <object_component_ref idref="oc-8a"/>
      </symbol>
      <symbol id="sm-d40">
         <name>__TI_int61</name>
         <value>0xfffa</value>
         <object_component_ref idref="oc-8b"/>
      </symbol>
      <symbol id="sm-d43">
         <name>__TI_int62</name>
         <value>0xfffc</value>
         <object_component_ref idref="oc-8c"/>
      </symbol>
      <symbol id="sm-d4b">
         <name>__TI_ISR_TRAP</name>
         <value>0x5d64</value>
         <object_component_ref idref="oc-f0"/>
      </symbol>
      <symbol id="sm-da8">
         <name>lseek</name>
         <value>0x14692</value>
         <object_component_ref idref="oc-6e9"/>
      </symbol>
      <symbol id="sm-da9">
         <name>write</name>
         <value>0x1470e</value>
         <object_component_ref idref="oc-4b1"/>
      </symbol>
      <symbol id="sm-daa">
         <name>close</name>
         <value>0x13ec6</value>
         <object_component_ref idref="oc-820"/>
      </symbol>
      <symbol id="sm-dab">
         <name>unlink</name>
         <value>0x149c0</value>
         <object_component_ref idref="oc-827"/>
      </symbol>
      <symbol id="sm-db4">
         <name>__mspabi_slli</name>
         <value>0x1509a</value>
         <object_component_ref idref="oc-16b"/>
      </symbol>
      <symbol id="sm-dc4">
         <name>__mspabi_slll_9</name>
         <value>0x1462e</value>
         <object_component_ref idref="oc-6a3"/>
      </symbol>
      <symbol id="sm-dc5">
         <name>__mspabi_slll_8</name>
         <value>0x14632</value>
         <object_component_ref idref="oc-6a3"/>
      </symbol>
      <symbol id="sm-dc6">
         <name>__mspabi_slll_7</name>
         <value>0x14636</value>
         <object_component_ref idref="oc-6a3"/>
      </symbol>
      <symbol id="sm-dc7">
         <name>__mspabi_slll_6</name>
         <value>0x1463a</value>
         <object_component_ref idref="oc-6a3"/>
      </symbol>
      <symbol id="sm-dc8">
         <name>__mspabi_slll_5</name>
         <value>0x1463e</value>
         <object_component_ref idref="oc-6a3"/>
      </symbol>
      <symbol id="sm-dc9">
         <name>__mspabi_slll_4</name>
         <value>0x14642</value>
         <object_component_ref idref="oc-6a3"/>
      </symbol>
      <symbol id="sm-dca">
         <name>__mspabi_slll_3</name>
         <value>0x14646</value>
         <object_component_ref idref="oc-6a3"/>
      </symbol>
      <symbol id="sm-dcb">
         <name>__mspabi_slll_2</name>
         <value>0x1464a</value>
         <object_component_ref idref="oc-6a3"/>
      </symbol>
      <symbol id="sm-dcc">
         <name>__mspabi_slll_1</name>
         <value>0x1464e</value>
         <object_component_ref idref="oc-6a3"/>
      </symbol>
      <symbol id="sm-dcd">
         <name>__mspabi_slll</name>
         <value>0x15002</value>
         <object_component_ref idref="oc-6a8"/>
      </symbol>
      <symbol id="sm-dce">
         <name>__mspabi_slll_15</name>
         <value>0x14616</value>
         <object_component_ref idref="oc-6a3"/>
      </symbol>
      <symbol id="sm-dcf">
         <name>__mspabi_slll_14</name>
         <value>0x1461a</value>
         <object_component_ref idref="oc-6a3"/>
      </symbol>
      <symbol id="sm-dd0">
         <name>__mspabi_slll_13</name>
         <value>0x1461e</value>
         <object_component_ref idref="oc-6a3"/>
      </symbol>
      <symbol id="sm-dd1">
         <name>__mspabi_slll_12</name>
         <value>0x14622</value>
         <object_component_ref idref="oc-6a3"/>
      </symbol>
      <symbol id="sm-dd2">
         <name>__mspabi_slll_11</name>
         <value>0x14626</value>
         <object_component_ref idref="oc-6a3"/>
      </symbol>
      <symbol id="sm-dd3">
         <name>__mspabi_slll_10</name>
         <value>0x1462a</value>
         <object_component_ref idref="oc-6a3"/>
      </symbol>
      <symbol id="sm-ddc">
         <name>__mspabi_srli</name>
         <value>0x150a4</value>
         <object_component_ref idref="oc-77e"/>
      </symbol>
      <symbol id="sm-dec">
         <name>__mspabi_srll_8</name>
         <value>0x14670</value>
         <object_component_ref idref="oc-76a"/>
      </symbol>
      <symbol id="sm-ded">
         <name>__mspabi_srll_9</name>
         <value>0x1466c</value>
         <object_component_ref idref="oc-76a"/>
      </symbol>
      <symbol id="sm-dee">
         <name>__mspabi_srll_6</name>
         <value>0x14678</value>
         <object_component_ref idref="oc-76a"/>
      </symbol>
      <symbol id="sm-def">
         <name>__mspabi_srll_7</name>
         <value>0x14674</value>
         <object_component_ref idref="oc-76a"/>
      </symbol>
      <symbol id="sm-df0">
         <name>__mspabi_srll_4</name>
         <value>0x14680</value>
         <object_component_ref idref="oc-76a"/>
      </symbol>
      <symbol id="sm-df1">
         <name>__mspabi_srll_5</name>
         <value>0x1467c</value>
         <object_component_ref idref="oc-76a"/>
      </symbol>
      <symbol id="sm-df2">
         <name>__mspabi_srll_2</name>
         <value>0x14688</value>
         <object_component_ref idref="oc-76a"/>
      </symbol>
      <symbol id="sm-df3">
         <name>__mspabi_srll_3</name>
         <value>0x14684</value>
         <object_component_ref idref="oc-76a"/>
      </symbol>
      <symbol id="sm-df4">
         <name>__mspabi_srll_1</name>
         <value>0x1468c</value>
         <object_component_ref idref="oc-76a"/>
      </symbol>
      <symbol id="sm-df5">
         <name>__mspabi_srll_15</name>
         <value>0x14654</value>
         <object_component_ref idref="oc-76a"/>
      </symbol>
      <symbol id="sm-df6">
         <name>__mspabi_srll_14</name>
         <value>0x14658</value>
         <object_component_ref idref="oc-76a"/>
      </symbol>
      <symbol id="sm-df7">
         <name>__mspabi_srll_13</name>
         <value>0x1465c</value>
         <object_component_ref idref="oc-76a"/>
      </symbol>
      <symbol id="sm-df8">
         <name>__mspabi_srll_12</name>
         <value>0x14660</value>
         <object_component_ref idref="oc-76a"/>
      </symbol>
      <symbol id="sm-df9">
         <name>__mspabi_srll_11</name>
         <value>0x14664</value>
         <object_component_ref idref="oc-76a"/>
      </symbol>
      <symbol id="sm-dfa">
         <name>__mspabi_srll_10</name>
         <value>0x14668</value>
         <object_component_ref idref="oc-76a"/>
      </symbol>
      <symbol id="sm-dfb">
         <name>__mspabi_srll</name>
         <value>0x15012</value>
         <object_component_ref idref="oc-3d9"/>
      </symbol>
      <symbol id="sm-e0a">
         <name>ltoa</name>
         <value>0x13128</value>
         <object_component_ref idref="oc-3de"/>
      </symbol>
      <symbol id="sm-e19">
         <name>memchr</name>
         <value>0x14ed4</value>
         <object_component_ref idref="oc-4a5"/>
      </symbol>
      <symbol id="sm-e27">
         <name>memcpy</name>
         <value>0x14f96</value>
         <object_component_ref idref="oc-d6"/>
      </symbol>
      <symbol id="sm-e35">
         <name>memset</name>
         <value>0x14eea</value>
         <object_component_ref idref="oc-33c"/>
      </symbol>
      <symbol id="sm-e56">
         <name>__mspabi_mpyd</name>
         <value>0x111ac</value>
         <object_component_ref idref="oc-75e"/>
      </symbol>
      <symbol id="sm-e6c">
         <name>__mspabi_mpyi_f5hw</name>
         <value>0x14f16</value>
         <object_component_ref idref="oc-37d"/>
      </symbol>
      <symbol id="sm-e8e">
         <name>__mspabi_mpyl_f5hw</name>
         <value>0x14cf6</value>
         <object_component_ref idref="oc-3f6"/>
      </symbol>
      <symbol id="sm-ea4">
         <name>_system_pre_init</name>
         <value>0x1510a</value>
         <object_component_ref idref="oc-11a"/>
      </symbol>
      <symbol id="sm-eb3">
         <name>strchr</name>
         <value>0x14dd4</value>
         <object_component_ref idref="oc-877"/>
      </symbol>
      <symbol id="sm-ec1">
         <name>strcmp</name>
         <value>0x14df0</value>
         <object_component_ref idref="oc-894"/>
      </symbol>
      <symbol id="sm-ece">
         <name>strlen</name>
         <value>0x1503e</value>
         <object_component_ref idref="oc-49f"/>
      </symbol>
      <symbol id="sm-ede">
         <name>strncpy</name>
         <value>0x1492e</value>
         <object_component_ref idref="oc-87d"/>
      </symbol>
      <symbol id="sm-f19">
         <name>HOSTrename</name>
         <value>0x1347e</value>
         <object_component_ref idref="oc-7dd"/>
      </symbol>
      <symbol id="sm-f1a">
         <name>HOSTclose</name>
         <value>0x14184</value>
         <object_component_ref idref="oc-7bf"/>
      </symbol>
      <symbol id="sm-f1b">
         <name>HOSTunlink</name>
         <value>0x14344</value>
         <object_component_ref idref="oc-7d7"/>
      </symbol>
      <symbol id="sm-f1c">
         <name>HOSTlseek</name>
         <value>0x12e32</value>
         <object_component_ref idref="oc-7d1"/>
      </symbol>
      <symbol id="sm-f1d">
         <name>HOSTopen</name>
         <value>0x13562</value>
         <object_component_ref idref="oc-7b9"/>
      </symbol>
      <symbol id="sm-f1e">
         <name>HOSTwrite</name>
         <value>0x13784</value>
         <object_component_ref idref="oc-7cb"/>
      </symbol>
      <symbol id="sm-f1f">
         <name>HOSTread</name>
         <value>0x1392c</value>
         <object_component_ref idref="oc-7c5"/>
      </symbol>
      <symbol id="sm-f3d">
         <name>__TI_readmsg</name>
         <value>0x148ca</value>
         <object_component_ref idref="oc-838"/>
      </symbol>
      <symbol id="sm-f3e">
         <name>C$$IO$$</name>
         <value>0x14824</value>
         <object_component_ref idref="oc-832"/>
      </symbol>
      <symbol id="sm-f3f">
         <name>_CIOBUF_</name>
         <value>0x2472</value>
         <object_component_ref idref="oc-86c"/>
      </symbol>
      <symbol id="sm-f40">
         <name>__TI_writemsg</name>
         <value>0x147f2</value>
         <object_component_ref idref="oc-832"/>
      </symbol>
      <symbol id="sm-f58">
         <name>__TI_wrt_ok</name>
         <value>0x131a8</value>
         <object_component_ref idref="oc-499"/>
      </symbol>
      <symbol id="sm-f6e">
         <name>_nop</name>
         <value>0x15112</value>
         <object_component_ref idref="oc-287"/>
      </symbol>
      <symbol id="sm-f6f">
         <name>_lock</name>
         <value>0x229a</value>
         <object_component_ref idref="oc-1af"/>
      </symbol>
      <symbol id="sm-f70">
         <name>_unlock</name>
         <value>0x229e</value>
         <object_component_ref idref="oc-1b8"/>
      </symbol>
      <symbol id="sm-f7a">
         <name>abs</name>
         <value>0x1507c</value>
         <object_component_ref idref="oc-599"/>
      </symbol>
      <symbol id="sm-f84">
         <name>__mspabi_sral_15</name>
         <value>0x145d8</value>
         <object_component_ref idref="oc-857"/>
      </symbol>
      <symbol id="sm-f85">
         <name>__mspabi_sral_14</name>
         <value>0x145dc</value>
         <object_component_ref idref="oc-857"/>
      </symbol>
      <symbol id="sm-f86">
         <name>__mspabi_sral_13</name>
         <value>0x145e0</value>
         <object_component_ref idref="oc-857"/>
      </symbol>
      <symbol id="sm-f87">
         <name>__mspabi_sral_12</name>
         <value>0x145e4</value>
         <object_component_ref idref="oc-857"/>
      </symbol>
      <symbol id="sm-f88">
         <name>__mspabi_sral_11</name>
         <value>0x145e8</value>
         <object_component_ref idref="oc-857"/>
      </symbol>
      <symbol id="sm-f89">
         <name>__mspabi_sral_10</name>
         <value>0x145ec</value>
         <object_component_ref idref="oc-857"/>
      </symbol>
      <symbol id="sm-f8a">
         <name>__mspabi_sral_8</name>
         <value>0x145f4</value>
         <object_component_ref idref="oc-857"/>
      </symbol>
      <symbol id="sm-f8b">
         <name>__mspabi_sral_9</name>
         <value>0x145f0</value>
         <object_component_ref idref="oc-857"/>
      </symbol>
      <symbol id="sm-f8c">
         <name>__mspabi_sral_6</name>
         <value>0x145fc</value>
         <object_component_ref idref="oc-857"/>
      </symbol>
      <symbol id="sm-f8d">
         <name>__mspabi_sral_7</name>
         <value>0x145f8</value>
         <object_component_ref idref="oc-857"/>
      </symbol>
      <symbol id="sm-f8e">
         <name>__mspabi_sral_4</name>
         <value>0x14604</value>
         <object_component_ref idref="oc-857"/>
      </symbol>
      <symbol id="sm-f8f">
         <name>__mspabi_sral_5</name>
         <value>0x14600</value>
         <object_component_ref idref="oc-857"/>
      </symbol>
      <symbol id="sm-f90">
         <name>__mspabi_sral_2</name>
         <value>0x1460c</value>
         <object_component_ref idref="oc-857"/>
      </symbol>
      <symbol id="sm-f91">
         <name>__mspabi_sral_3</name>
         <value>0x14608</value>
         <object_component_ref idref="oc-857"/>
      </symbol>
      <symbol id="sm-f92">
         <name>__mspabi_sral_1</name>
         <value>0x14610</value>
         <object_component_ref idref="oc-857"/>
      </symbol>
      <symbol id="sm-fae">
         <name>_auto_init_hold_wdt</name>
         <value>0x13718</value>
         <object_component_ref idref="oc-120"/>
      </symbol>
      <symbol id="sm-fbf">
         <name>__TI_frcmpyd</name>
         <value>0x10c1e</value>
         <object_component_ref idref="oc-804"/>
      </symbol>
      <symbol id="sm-fcf">
         <name>fseek</name>
         <value>0x138c2</value>
         <object_component_ref idref="oc-5fa"/>
      </symbol>
      <symbol id="sm-fe7">
         <name>setvbuf</name>
         <value>0x125fe</value>
         <object_component_ref idref="oc-600"/>
      </symbol>
      <symbol id="sm-ff4">
         <name>strcpy</name>
         <value>0x14fd0</value>
         <object_component_ref idref="oc-844"/>
      </symbol>
      <symbol id="sm-1000">
         <name>__TI_cleanup</name>
         <value>0x147bc</value>
         <object_component_ref idref="oc-6fd"/>
      </symbol>
      <symbol id="sm-104b">
         <name>_sys_memory</name>
         <value>0x2594</value>
         <object_component_ref idref="oc-d3"/>
      </symbol>
      <symbol id="sm-104c">
         <name>free</name>
         <value>0x1309a</value>
         <object_component_ref idref="oc-6f1"/>
      </symbol>
      <symbol id="sm-104d">
         <name>malloc</name>
         <value>0x12a22</value>
         <object_component_ref idref="oc-6f7"/>
      </symbol>
      <symbol id="sm-104e">
         <name>minit</name>
         <value>0x14458</value>
         <object_component_ref idref="oc-7a9"/>
      </symbol>
      <symbol id="sm-105f">
         <name>__TI_closefile</name>
         <value>0x134f2</value>
         <object_component_ref idref="oc-7b0"/>
      </symbol>
      <symbol id="sm-1062">
         <name>__TI_INITARRAY_Base</name>
         <value>0x0</value>
      </symbol>
      <symbol id="sm-1063">
         <name>__TI_INITARRAY_Limit</name>
         <value>0x0</value>
      </symbol>
      <symbol id="sm-1064">
         <name>remove</name>
         <value>0x149c0</value>
      </symbol>
   </symbol_table>
   <title>Link successful</title>
</link_info>
