******************************************************************************
                  MSP430 Linker PC v4.4.4                      
******************************************************************************
>> Linked Thu Aug 27 11:43:38 2015

OUTPUT FILE NAME:   <Ti_SigFox_SDK_Demo_v1_3_2.out>
ENTRY POINT SYMBOL: "_c_int00_noargs"  address: 00005d40


MEMORY CONFIGURATION

         name            origin    length      used     unused   attr    fill
----------------------  --------  ---------  --------  --------  ----  --------
  SFR                   00000000   00000010  00000000  00000010  RWIX
  PERIPHERALS_8BIT      00000010   000000f0  00000000  000000f0  RWIX
  PERIPHERALS_16BIT     00000100   00000100  00000000  00000100  RWIX
  INFOD                 00001800   00000080  00000000  00000080  RWIX
  INFOC                 00001880   00000080  00000004  0000007c  RWIX
  INFOB                 00001900   00000080  00000004  0000007c  RWIX
  INFOA                 00001980   00000080  00000014  0000006c  RWIX
  RAM                   00001c00   00004000  00000ad2  0000352e  RWIX
  FLASH                 00005c00   0000a380  000015ed  00008d93  RWIX
  INT00                 0000ff80   00000002  00000000  00000002  RWIX
  INT01                 0000ff82   00000002  00000000  00000002  RWIX
  INT02                 0000ff84   00000002  00000000  00000002  RWIX
  INT03                 0000ff86   00000002  00000000  00000002  RWIX
  INT04                 0000ff88   00000002  00000000  00000002  RWIX
  INT05                 0000ff8a   00000002  00000000  00000002  RWIX
  INT06                 0000ff8c   00000002  00000000  00000002  RWIX
  INT07                 0000ff8e   00000002  00000000  00000002  RWIX
  INT08                 0000ff90   00000002  00000000  00000002  RWIX
  INT09                 0000ff92   00000002  00000000  00000002  RWIX
  INT10                 0000ff94   00000002  00000000  00000002  RWIX
  INT11                 0000ff96   00000002  00000000  00000002  RWIX
  INT12                 0000ff98   00000002  00000000  00000002  RWIX
  INT13                 0000ff9a   00000002  00000000  00000002  RWIX
  INT14                 0000ff9c   00000002  00000000  00000002  RWIX
  INT15                 0000ff9e   00000002  00000000  00000002  RWIX
  INT16                 0000ffa0   00000002  00000000  00000002  RWIX
  INT17                 0000ffa2   00000002  00000000  00000002  RWIX
  INT18                 0000ffa4   00000002  00000000  00000002  RWIX
  INT19                 0000ffa6   00000002  00000000  00000002  RWIX
  INT20                 0000ffa8   00000002  00000000  00000002  RWIX
  INT21                 0000ffaa   00000002  00000000  00000002  RWIX
  INT22                 0000ffac   00000002  00000000  00000002  RWIX
  INT23                 0000ffae   00000002  00000000  00000002  RWIX
  INT24                 0000ffb0   00000002  00000000  00000002  RWIX
  INT25                 0000ffb2   00000002  00000000  00000002  RWIX
  INT26                 0000ffb4   00000002  00000000  00000002  RWIX
  INT27                 0000ffb6   00000002  00000000  00000002  RWIX
  INT28                 0000ffb8   00000002  00000000  00000002  RWIX
  INT29                 0000ffba   00000002  00000000  00000002  RWIX
  INT30                 0000ffbc   00000002  00000000  00000002  RWIX
  INT31                 0000ffbe   00000002  00000000  00000002  RWIX
  INT32                 0000ffc0   00000002  00000000  00000002  RWIX
  INT33                 0000ffc2   00000002  00000000  00000002  RWIX
  INT34                 0000ffc4   00000002  00000000  00000002  RWIX
  INT35                 0000ffc6   00000002  00000000  00000002  RWIX
  INT36                 0000ffc8   00000002  00000000  00000002  RWIX
  INT37                 0000ffca   00000002  00000000  00000002  RWIX
  INT38                 0000ffcc   00000002  00000000  00000002  RWIX
  INT39                 0000ffce   00000002  00000000  00000002  RWIX
  INT40                 0000ffd0   00000002  00000000  00000002  RWIX
  INT41                 0000ffd2   00000002  00000002  00000000  RWIX
  INT42                 0000ffd4   00000002  00000002  00000000  RWIX
  INT43                 0000ffd6   00000002  00000002  00000000  RWIX
  INT44                 0000ffd8   00000002  00000002  00000000  RWIX
  INT45                 0000ffda   00000002  00000002  00000000  RWIX
  INT46                 0000ffdc   00000002  00000002  00000000  RWIX
  INT47                 0000ffde   00000002  00000002  00000000  RWIX
  INT48                 0000ffe0   00000002  00000002  00000000  RWIX
  INT49                 0000ffe2   00000002  00000002  00000000  RWIX
  INT50                 0000ffe4   00000002  00000002  00000000  RWIX
  INT51                 0000ffe6   00000002  00000002  00000000  RWIX
  INT52                 0000ffe8   00000002  00000002  00000000  RWIX
  INT53                 0000ffea   00000002  00000002  00000000  RWIX
  INT54                 0000ffec   00000002  00000002  00000000  RWIX
  INT55                 0000ffee   00000002  00000002  00000000  RWIX
  INT56                 0000fff0   00000002  00000002  00000000  RWIX
  INT57                 0000fff2   00000002  00000002  00000000  RWIX
  INT58                 0000fff4   00000002  00000002  00000000  RWIX
  INT59                 0000fff6   00000002  00000002  00000000  RWIX
  INT60                 0000fff8   00000002  00000002  00000000  RWIX
  INT61                 0000fffa   00000002  00000002  00000000  RWIX
  INT62                 0000fffc   00000002  00000002  00000000  RWIX
  RESET                 0000fffe   00000002  00000002  00000000  RWIX
  FLASH2                00010000   00035c00  00005114  00030aec  RWIX


SECTION ALLOCATION MAP

 output                                  attributes/
section   page    origin      length       input sections
--------  ----  ----------  ----------   ----------------
.infoC     0    00001880    00000004     UNINITIALIZED
                  00001880    00000004     sigfox_demo.obj (.infoC)

.infoB     0    00001900    00000004     UNINITIALIZED
                  00001900    00000004     sigfox_demo.obj (.infoB)

.infoA     0    00001980    00000014     UNINITIALIZED
                  00001980    00000014     sigfox_demo.obj (.infoA)

.data      0    00001c00    000006ae     UNINITIALIZED
                  00001c00    00000400     lcd_dogm128_6.obj (.data:lcdDefaultBuffer)
                  00002000    000000c8     rts430x_lc_rd_eabi.lib : defs.obj (.data:_ftable)
                  000020c8    00000078                            : lowlev.obj (.data:_device)
                  00002140    0000003c                            : lowlev.obj (.data:_stream)
                  0000217c    0000003c     uart_drv.obj (.data:rx_buf)
                  000021b8    0000003c     uart_drv.obj (.data:tx_buf)
                  000021f4    00000020     libsigfox.lib : sigfox_hmac.obj (.data:in)
                  00002214    00000020     hal_digio2.obj (.data:port1_isr_tbl)
                  00002234    00000020     hal_digio2.obj (.data:port2_isr_tbl)
                  00002254    0000001c     sigfox_demo.obj (.data)
                  00002270    0000000c     sigfox_demo.obj (.data:message)
                  0000227c    00000008     sigfox_demo.obj (.data:ReceivedPayload)
                  00002284    00000008     host_cmd.obj (.data)
                  0000228c    00000006     libsigfox.lib : sigfox_frame.obj (.data:pn_save)
                  00002292    00000004     rts430x_lc_rd_eabi.lib : exit_gvars.obj (.data:__TI_cleanup_ptr)
                  00002296    00000004                            : exit_gvars.obj (.data:__TI_dtors_ptr)
                  0000229a    00000004                            : _lock.obj (.data:_lock)
                  0000229e    00000004                            : _lock.obj (.data:_unlock)
                  000022a2    00000003     timer.obj (.data)
                  000022a5    00000001     uart_drv.obj (.data)
                  000022a6    00000002     libsigfox.lib : sigfox_frame.obj (.data)
                  000022a8    00000002     manufacturer_api.obj (.data)
                  000022aa    00000002     rts430x_lc_rd_eabi.lib : defs.obj (.data)
                  000022ac    00000002                            : memory.obj (.data)

.bss       0    000022ae    000001c4     UNINITIALIZED
                  000022ae    000000a4     (.common:DynamicMemoryTable)
                  00002352    000000a0     (.common:__TI_tmpnams)
                  000023f2    00000010     (.common:AES_IO)
                  00002402    0000000c     (.common:Table_30bytes)
                  0000240e    00000008     (.common:parmbuf)
                  00002416    00000008     (.common:uart_rx_buf)
                  0000241e    00000008     (.common:uart_tx_buf)
                  00002426    00000008     (.common:ui32IoSpiClkSpeed)
                  0000242e    00000006     (.common:Table_32bytes)
                  00002434    00000006     (.common:Table_64bytes)
                  0000243a    00000006     (.common:Table_8bytes)
                  00002440    00000004     (.common:NonVRam)
                  00002444    00000004     (.common:RxFrequency)
                  00002448    00000004     (.common:TxFrequency)
                  0000244c    00000004     (.common:frame)
                  00002450    00000004     (.common:sending_frame)
                  00002454    00000004     (.common:sys_base)
                  00002458    00000004     (.common:sys_free)
                  0000245c    00000004     (.common:u32_Gfrequency)
                  00002460    00000004     (.common:ui32BspMclkSpeed)
                  00002464    00000002     (.common:Std)
                  00002466    00000002     (.common:SysState)
                  00002468    00000002     (.common:bit_index_in_frame)
                  0000246a    00000002     (.common:memsize)
                  0000246c    00000001     (.common:TxRepeatNb)
                  0000246d    00000001     (.common:b_Diff)
                  0000246e    00000001     (.common:packetSemaphore)
                  0000246f    00000001     (.common:rx_end_of_str)
                  00002470    00000001     (.common:rx_str_length)
                  00002471    00000001     (.common:ui8BspKeyMode)

.cio       0    00002472    00000120     UNINITIALIZED
                  00002472    00000120     rts430x_lc_rd_eabi.lib : trgmsg.obj (.cio)

.sysmem    0    00002594    000000a0     UNINITIALIZED
                  00002594    00000006     rts430x_lc_rd_eabi.lib : memory.obj (.sysmem)
                  0000259a    0000009a     --HOLE--

.stack     0    00005b60    000000a0     UNINITIALIZED
                  00005b60    00000004     rts430x_lc_rd_eabi.lib : boot.obj (.stack)
                  00005b64    0000009c     --HOLE--

.text:_isr 
*          0    00005c00    0000016a     
                  00005c00    00000084     uart_drv.obj (.text:_isr:USCI_A1_ISR)
                  00005c84    0000004e     hal_digio2.obj (.text:_isr:port1_ISR)
                  00005cd2    0000004e     hal_digio2.obj (.text:_isr:port2_ISR)
                  00005d20    00000020     timer.obj (.text:_isr:TIMER0_A0_ISR)
                  00005d40    0000001c     rts430x_lc_rd_eabi.lib : boot_special.obj (.text:_isr:_c_int00_noargs)
                  00005d5c    00000008     timer.obj (.text:_isr:TIMER1_A0_ISR)
                  00005d64    00000006     rts430x_lc_rd_eabi.lib : isr_trap.obj (.text:_isr:__TI_ISR_TRAP)

.const     0    00005d6a    00000b87     
                  00005d6a    00000400     sigfox_demo.obj (.const:.string:pLcdTiLogo)
                  0000616a    000001d6     lcd_dogm128_6_alphabet.obj (.const:.string:lcd_alphabet)
                  00006340    00000100     ti_aes_128.obj (.const:.string:rsbox)
                  00006440    00000100     ti_aes_128.obj (.const:.string:sbox)
                  00006540    000000ee     sigfox_demo.obj (.const:.string)
                  0000662e    000000d4     radio.obj (.const:Table_Pa_600bps)
                  00006702    00000084     radio.obj (.const:HighPerfModeRx)
                  00006786    0000006c     radio.obj (.const:HighPerfModeTx)
                  000067f2    00000054     libsigfox.lib : sigfox_frame.obj (.const:fsync_lut_tx)
                  00006846    00000012     host_cmd.obj (.const:.string)
                  00006858    00000011     lcd_trxeb.obj (.const:.string:lcdInitCmd)
                  00006869    00000001     --HOLE-- [fill = 0]
                  0000686a    00000010     libsigfox.lib : sigfox_frame.obj (.const:.string:TestModeTable)
                  0000687a    00000010                   : sigfox_hmac.obj (.const:.string:iv)
                  0000688a    00000010                   : sigfox_bch.obj (.const:.string:log_alpha)
                  0000689a    0000000f                   : sigfox_frame.obj (.const:.string:lg_lut)
                  000068a9    00000001     --HOLE-- [fill = 0]
                  000068aa    0000000f                   : sigfox_bch.obj (.const:.string:pow_alpha)
                  000068b9    00000001     --HOLE-- [fill = 0]
                  000068ba    0000000c                   : sigfox_scramb.obj (.const:lut_in_0_out)
                  000068c6    0000000c                   : sigfox_scramb.obj (.const:lut_in_1_out)
                  000068d2    0000000a     ti_aes_128.obj (.const:.string:Rcon)
                  000068dc    0000000a     manufacturer_api.obj (.const:.string)
                  000068e6    00000004     libsigfox.lib : sigfox_scramb.obj (.const:.string:lut_in_0)
                  000068ea    00000004                   : sigfox_scramb.obj (.const:.string:lut_in_1)
                  000068ee    00000003     lcd_dogm128_6.obj (.const:.string:$P$T0$1)

.cinit     0    000068f2    000000fc     
                  000068f2    00000093     (.cinit..data.load) [load image, compression = rle]
                  00006985    00000001     --HOLE-- [fill = 0]
                  00006986    0000000c     (__TI_handler_table)
                  00006992    00000006     (.cinit..TI.bound:flash_array.load) [load image, compression = zero_init]
                  00006998    00000006     (.cinit..bss.load) [load image, compression = zero_init]
                  0000699e    00000006     (.cinit..cio.load) [load image, compression = zero_init]
                  000069a4    00000006     (.cinit..infoA.load) [load image, compression = zero_init]
                  000069aa    00000006     (.cinit..infoB.load) [load image, compression = zero_init]
                  000069b0    00000006     (.cinit..infoC.load) [load image, compression = zero_init]
                  000069b6    00000038     (__TI_cinit_table)

.init_array 
*          0    00005c00    00000000     UNINITIALIZED

.TI.persistent 
*          0    00001c00    00000000     UNINITIALIZED

.TI.bound:flash_array 
*          0    00008000    00000800     UNINITIALIZED
                  00008000    00000800     flash_drv.obj (.TI.bound:flash_array)

RTC        0    0000ffd2    00000002     
                  0000ffd2    00000002     rts430x_lc_rd_eabi.lib : int41.obj (.int41)

PORT2      0    0000ffd4    00000002     
                  0000ffd4    00000002     hal_digio2.obj (.int42)

USCI_B3    0    0000ffd6    00000002     
                  0000ffd6    00000002     rts430x_lc_rd_eabi.lib : int43.obj (.int43)

USCI_A3    0    0000ffd8    00000002     
                  0000ffd8    00000002     rts430x_lc_rd_eabi.lib : int44.obj (.int44)

USCI_B1    0    0000ffda    00000002     
                  0000ffda    00000002     rts430x_lc_rd_eabi.lib : int45.obj (.int45)

USCI_A1    0    0000ffdc    00000002     
                  0000ffdc    00000002     uart_drv.obj (.int46)

PORT1      0    0000ffde    00000002     
                  0000ffde    00000002     hal_digio2.obj (.int47)

TIMER1_A1 
*          0    0000ffe0    00000002     
                  0000ffe0    00000002     rts430x_lc_rd_eabi.lib : int48.obj (.int48)

TIMER1_A0 
*          0    0000ffe2    00000002     
                  0000ffe2    00000002     timer.obj (.int49)

DMA        0    0000ffe4    00000002     
                  0000ffe4    00000002     rts430x_lc_rd_eabi.lib : int50.obj (.int50)

USCI_B2    0    0000ffe6    00000002     
                  0000ffe6    00000002     rts430x_lc_rd_eabi.lib : int51.obj (.int51)

USCI_A2    0    0000ffe8    00000002     
                  0000ffe8    00000002     rts430x_lc_rd_eabi.lib : int52.obj (.int52)

TIMER0_A1 
*          0    0000ffea    00000002     
                  0000ffea    00000002     rts430x_lc_rd_eabi.lib : int53.obj (.int53)

TIMER0_A0 
*          0    0000ffec    00000002     
                  0000ffec    00000002     timer.obj (.int54)

ADC12      0    0000ffee    00000002     
                  0000ffee    00000002     rts430x_lc_rd_eabi.lib : int55.obj (.int55)

USCI_B0    0    0000fff0    00000002     
                  0000fff0    00000002     rts430x_lc_rd_eabi.lib : int56.obj (.int56)

USCI_A0    0    0000fff2    00000002     
                  0000fff2    00000002     rts430x_lc_rd_eabi.lib : int57.obj (.int57)

WDT        0    0000fff4    00000002     
                  0000fff4    00000002     rts430x_lc_rd_eabi.lib : int58.obj (.int58)

TIMER0_B1 
*          0    0000fff6    00000002     
                  0000fff6    00000002     rts430x_lc_rd_eabi.lib : int59.obj (.int59)

TIMER0_B0 
*          0    0000fff8    00000002     
                  0000fff8    00000002     rts430x_lc_rd_eabi.lib : int60.obj (.int60)

UNMI       0    0000fffa    00000002     
                  0000fffa    00000002     rts430x_lc_rd_eabi.lib : int61.obj (.int61)

SYSNMI     0    0000fffc    00000002     
                  0000fffc    00000002     rts430x_lc_rd_eabi.lib : int62.obj (.int62)

.reset     0    0000fffe    00000002     
                  0000fffe    00000002     rts430x_lc_rd_eabi.lib : boot.obj (.reset)

.text      0    00010000    00005114     
                  00010000    0000085e     host_cmd.obj (.text:parseHostCmd)
                  0001085e    000003c0     ti_aes_128.obj (.text:aes_enc_dec)
                  00010c1e    000002e4     rts430x_lc_rd_eabi.lib : frcmpyd.obj (.text:__TI_frcmpyd)
                  00010f02    000002aa     sigfox_demo.obj (.text:updateLCD)
                  000111ac    00000282     rts430x_lc_rd_eabi.lib : mpyd.obj (.text:__mspabi_mpyd)
                  0001142e    00000204     libsigfox.lib : sigfox_frame.obj (.text:change_frequency)
                  00011632    000001f4                   : sigfox_decode.obj (.text:DecodeFrame)
                  00011826    000001d8                   : sigfox_frame.obj (.text:SfxTxTestMode)
                  000119fe    000001ba                   : sigfox_frame.obj (.text:MakeFrame)
                  00011bb8    00000172                   : sigfox_frame.obj (.text:SfxSendFrame)
                  00011d2a    0000016a                   : sigfox_frame.obj (.text:OutOfBandFrame)
                  00011e94    00000156                   : sigfox_frame.obj (.text:SfxSendBit)
                  00011fea    00000126                   : sigfox_frame.obj (.text:SfxInit)
                  00012110    0000010c     bsp.obj (.text:bspMcuGetSystemClockSettings)
                  0001221c    00000102     radio.obj (.text:RADIO_modulate)
                  0001231e    00000102     bsp.obj (.text:bspIoSpiInit)
                  00012420    000000f0     rts430x_lc_rd_eabi.lib : fputs.obj (.text:fputs)
                  00012510    000000ee     libsigfox.lib : sigfox_frame.obj (.text:ReceiveLoop)
                  000125fe    000000e0     rts430x_lc_rd_eabi.lib : setvbuf.obj (.text:setvbuf)
                  000126de    000000da     sigfox_demo.obj (.text:main)
                  000127b8    000000d8     libsigfox.lib : sigfox_frame.obj (.text:SfxRxTestMode)
                  00012890    000000d4     manufacturer_api.obj (.text:sfx_waitframe)
                  00012964    000000be     manufacturer_api.obj (.text:sfx_PrintRxTestResult)
                  00012a22    000000ba     rts430x_lc_rd_eabi.lib : memory.obj (.text:malloc)
                  00012adc    000000b8     bsp.obj (.text:bspInit)
                  00012b94    000000b0     flash_drv.obj (.text:flash_write_wear_level)
                  00012c44    000000a8     radio.obj (.text:RADIO_change_frequency)
                  00012cec    000000a4     bsp.obj (.text:bspSysClockSpeedSet)
                  00012d90    000000a2     bsp_key.obj (.text:bspKeyPushed)
                  00012e32    0000009e     rts430x_lc_rd_eabi.lib : trgdrv.obj (.text:HOSTlseek)
                  00012ed0    0000009c     libsigfox.lib : sigfox_scramb.obj (.text:ComputeScrambling)
                  00012f6c    0000009c     lcd_dogm128_6.obj (.text:lcdBufferPrintString)
                  00013008    00000092     manufacturer_api.obj (.text:sfx_AES_128_cbc_encrypt)
                  0001309a    0000008e     rts430x_lc_rd_eabi.lib : memory.obj (.text:free)
                  00013128    00000080                            : ltoa.obj (.text:ltoa)
                  000131a8    0000007e                            : _io_perm.obj (.text:__TI_wrt_ok)
                  00013226    0000007c     libsigfox.lib : sigfox_hmac.obj (.text:ComputeAES)
                  000132a2    0000007a     radio.obj (.text:RADIO_init_chip)
                  0001331c    00000076     rts430x_lc_rd_eabi.lib : fltuld.obj (.text:__mspabi_fltuld)
                  00013392    00000076     sigfox_demo.obj (.text:resetCF)
                  00013408    00000076     hal_spi_rf_trxeb.obj (.text:trxReadWriteBurstSingle)
                  0001347e    00000074     rts430x_lc_rd_eabi.lib : trgdrv.obj (.text:HOSTrename)
                  000134f2    00000070                            : fclose.obj (.text:__TI_closefile)
                  00013562    0000006e                            : trgdrv.obj (.text:HOSTopen)
                  000135d0    0000006e     bsp.obj (.text:bspMcuSetVCoreUp)
                  0001363e    0000006e     uart_drv.obj (.text:halUartInit)
                  000136ac    0000006c     radio.obj (.text:RADIO_start_rf_carrier)
                  00013718    0000006c     rts430x_lc_rd_eabi.lib : autoinit_wdt.obj (.text:_auto_init_hold_wdt)
                  00013784    0000006a                            : trgdrv.obj (.text:HOSTwrite)
                  000137ee    0000006a     libsigfox.lib : sigfox_bch.obj (.text:decode_bch)
                  00013858    0000006a     flash_drv.obj (.text:flash_read_wear_level)
                  000138c2    0000006a     rts430x_lc_rd_eabi.lib : fseek.obj (.text:fseek)
                  0001392c    00000068                            : trgdrv.obj (.text:HOSTread)
                  00013994    00000068                            : copy_decompress_rle.obj (.text:__TI_decompress_rle_core)
                  000139fc    00000068                            : fixdul.obj (.text:__mspabi_fixdul)
                  00013a64    00000064                            : fflush.obj (.text:__TI_doflush)
                  00013ac8    00000060     libsigfox.lib : sigfox_frame.obj (.text:Switch_frequency)
                  00013b28    00000060     manufacturer_api.obj (.text:sfx_malloc)
                  00013b88    00000060     manufacturer_api.obj (.text:sfx_send)
                  00013be8    0000005e     hal_digio2.obj (.text:halDigio2IntConnect)
                  00013c46    0000005e     sigfox_demo.obj (.text:welcomeLCD)
                  00013ca4    0000005c     libsigfox.lib : sigfox_Pn9.obj (.text:Next_Pn11)
                  00013d00    0000005c                   : sigfox_Pn9.obj (.text:Next_Pn9)
                  00013d5c    0000005c     lcd_trxeb.obj (.text:lcdInit)
                  00013db8    0000005a     radio.obj (.text:RADIO_stop_rf_carrier)
                  00013e12    0000005a     cc112x_spi.obj (.text:cc112xSpiReadReg)
                  00013e6c    0000005a     cc112x_spi.obj (.text:cc112xSpiWriteReg)
                  00013ec6    0000005a     rts430x_lc_rd_eabi.lib : lowlev.obj (.text:close)
                  00013f20    0000005a                            : lowlev.obj (.text:getdevice)
                  00013f7a    0000005a     manufacturer_api.obj (.text:sfx_free)
                  00013fd4    0000005a     host_cmd.obj (.text:stringToData)
                  0001402e    00000058     rts430x_lc_rd_eabi.lib : fflush.obj (.text:fflush)
                  00014086    00000058                            : div32u.obj (.text)
                  000140de    00000056     manufacturer_api.obj (.text:sfx_delay)
                  00014134    00000050     lcd_dogm128_6.obj (.text:lcdBufferSetHLine)
                  00014184    0000004c     rts430x_lc_rd_eabi.lib : trgdrv.obj (.text:HOSTclose)
                  000141d0    0000004c     lcd_dogm128_6.obj (.text:lcdBufferClearPart)
                  0001421c    0000004c     lcd_dogm128_6.obj (.text:lcdSendBufferPart)
                  00014268    0000004a     flash_drv.obj (.text:flash_erase_segment)
                  000142b2    0000004a     hal_digio2.obj (.text:halDigio2IntSetEdge)
                  000142fc    00000048     hal_spi_rf_trxeb.obj (.text:trx16BitRegAccess)
                  00014344    00000046     rts430x_lc_rd_eabi.lib : trgdrv.obj (.text:HOSTunlink)
                  0001438a    00000046     sigfox_demo.obj (.text:dynamic_memory_init)
                  000143d0    00000046     lcd_dogm128_6.obj (.text:lcdBufferPrintStringAligned)
                  00014416    00000042     flash_drv.obj (.text:flash_write_data)
                  00014458    00000042     rts430x_lc_rd_eabi.lib : memory.obj (.text:minit)
                  0001449a    00000040     host_cmd.obj (.text:hexToByte)
                  000144da    00000040     sigfox_demo.obj (.text:initMCU)
                  0001451a    00000040     lcd_dogm128_6.obj (.text:lcdGotoXY)
                  0001455a    00000040     rts430x_lc_rd_eabi.lib : div32s.obj (.text)
                  0001459a    0000003e     libsigfox.lib : sigfox_frame.obj (.text:SfxClose)
                  000145d8    0000003e     rts430x_lc_rd_eabi.lib : asr32.obj (.text:l_asr_const)
                  00014616    0000003e                            : lsl32.obj (.text:l_lsl_const)
                  00014654    0000003e                            : lsr32.obj (.text:l_lsr_const)
                  00014692    0000003e                            : lowlev.obj (.text:lseek)
                  000146d0    0000003e     hal_spi_rf_trxeb.obj (.text:trxRfSpiInterfaceInit)
                  0001470e    0000003c     rts430x_lc_rd_eabi.lib : lowlev.obj (.text:write)
                  0001474a    0000003a     hal_spi_rf_trxeb.obj (.text:trx8BitRegAccess)
                  00014784    00000038     circ_buf.obj (.text:circBufGetData)
                  000147bc    00000036     rts430x_lc_rd_eabi.lib : fopen.obj (.text:__TI_cleanup)
                  000147f2    00000036                            : trgmsg.obj (.text:__TI_writemsg)
                  00014828    00000036     circ_buf.obj (.text:circBufPutData)
                  0001485e    00000036     libsigfox.lib : sigfox_crc.obj (.text:crc16)
                  00014894    00000036     sigfox_demo.obj (.text:memory_block_init)
                  000148ca    00000032     rts430x_lc_rd_eabi.lib : trgmsg.obj (.text:__TI_readmsg)
                  000148fc    00000032     libsigfox.lib : sigfox_crc.obj (.text:crc8)
                  0001492e    00000032     rts430x_lc_rd_eabi.lib : strncpy.obj (.text:strncpy)
                  00014960    00000030     bsp.obj (.text:bspMcuSetVCoreDown)
                  00014990    00000030     lcd_dogm128_6.obj (.text:lcdBufferInvertPage)
                  000149c0    00000030     rts430x_lc_rd_eabi.lib : lowlev.obj (.text:unlink)
                  000149f0    0000002e     bsp.obj (.text:bspMcuStartXT1)
                  00014a1e    0000002e     host_cmd.obj (.text:byteToHex)
                  00014a4c    0000002e     rts430x_lc_rd_eabi.lib : exit.obj (.text:exit)
                  00014a7a    0000002e                            : lowlev.obj (.text:finddevice)
                  00014aa8    0000002e     hal_digio2.obj (.text:halDigio2IntClear)
                  00014ad6    0000002e     lcd_dogm128_6.obj (.text:lcdSendBuffer)
                  00014b04    0000002c     host_cmd.obj (.text:dataToString)
                  00014b30    0000002c     rts430x_lc_rd_eabi.lib : div16s.obj (.text)
                  00014b5c    0000002a     manufacturer_api.obj (.text:free_memory_block)
                  00014b86    0000002a     hal_digio2.obj (.text:halDigio2IntEnable)
                  00014bb0    00000028     manufacturer_api.obj (.text:sfx_get_nv_mem)
                  00014bd8    00000026     bsp.obj (.text:bspAssert)
                  00014bfe    00000026     hal_spi_rf_trxeb.obj (.text:trxSpiCmdStrobe)
                  00014c24    00000024     transmission.obj (.text:Read_Bit)
                  00014c48    00000024     bsp.obj (.text:bspMcuSetVCore)
                  00014c6c    00000024     rts430x_lc_rd_eabi.lib : copy_zero_init.obj (.text:decompress:ZI:__TI_zero_init)
                  00014c90    00000022     timer.obj (.text:TIMER_downlink_timing_init)
                  00014cb2    00000022     transmission.obj (.text:TxProcess)
                  00014cd4    00000022     circ_buf.obj (.text:circBufRemainder)
                  00014cf6    00000022     rts430x_lc_rd_eabi.lib : mult32_f5hw.obj (.text)
                  00014d18    00000022     uart_drv.obj (.text:uartGetStr)
                  00014d3a    00000020     manufacturer_api.obj (.text:sfx_init)
                  00014d5a    00000020     trx_rf_int.obj (.text:trxIsrConnect)
                  00014d7a    00000020     uart_drv.obj (.text:uartPutStr)
                  00014d9a    0000001e     lcd_trxeb.obj (.text:lcdSendArray)
                  00014db8    0000001c     manufacturer_api.obj (.text:sfx_set_nv_mem)
                  00014dd4    0000001c     rts430x_lc_rd_eabi.lib : strchr.obj (.text:strchr)
                  00014df0    0000001c                            : strcmp.obj (.text:strcmp)
                  00014e0c    0000001a     timer.obj (.text:TIMER_bitrate_init)
                  00014e26    0000001a     rts430x_lc_rd_eabi.lib : assert.obj (.text:_abort_msg)
                  00014e40    0000001a     lcd_dogm128_6.obj (.text:lcdBufferClear)
                  00014e5a    0000001a     lcd_trxeb.obj (.text:lcdSendCommand)
                  00014e74    00000018     radio.obj (.text:RADIO_stop_unmodulated_cw)
                  00014e8c    00000018     flash_drv.obj (.text:flash_read_data)
                  00014ea4    00000018     uart_drv.obj (.text:halUartStartTx)
                  00014ebc    00000018     lcd_trxeb.obj (.text:lcdSendData)
                  00014ed4    00000016     rts430x_lc_rd_eabi.lib : memchr.obj (.text:memchr)
                  00014eea    00000016                            : memset.obj (.text:memset)
                  00014f00    00000016                            : div16u.obj (.text)
                  00014f16    00000016                            : mult16_f5hw.obj (.text)
                  00014f2c    00000016     manufacturer_api.obj (.text:sfx_get_voltage_temperature)
                  00014f42    00000016     trx_rf_int.obj (.text:trxClearIntFlag)
                  00014f58    00000016     trx_rf_int.obj (.text:trxEnableInt)
                  00014f6e    00000014     bsp_led.obj (.text:bspLedInit)
                  00014f82    00000014     lcd_dogm128_6.obj (.text:lcdGetStringLength)
                  00014f96    00000014     rts430x_lc_rd_eabi.lib : memcpy.obj (.text:memcpy)
                  00014faa    00000014     manufacturer_api.obj (.text:sfx_WaitForTimeoutRx)
                  00014fbe    00000012     rts430x_lc_rd_eabi.lib : copy_decompress_none.obj (.text:decompress:none:__TI_decompress_none)
                  00014fd0    00000012                            : strcpy.obj (.text:strcpy)
                  00014fe2    00000010     cc112x_spi.obj (.text:cc112xSpiReadRxFifo)
                  00014ff2    00000010     ti_aes_128.obj (.text:galois_mul2)
                  00015002    00000010     rts430x_lc_rd_eabi.lib : lsl32.obj (.text:l_lsl)
                  00015012    00000010                            : lsr32.obj (.text:l_lsr)
                  00015022    0000000e     timer.obj (.text:TIMER_bitrate_start)
                  00015030    0000000e     bsp_led.obj (.text:bspLedSet)
                  0001503e    0000000e     rts430x_lc_rd_eabi.lib : strlen.obj (.text:strlen)
                  0001504c    0000000e     uart_drv.obj (.text:uartPutChar)
                  0001505a    0000000c     timer.obj (.text:TIMER_bitrate_stop)
                  00015066    0000000c     manufacturer_api.obj (.text:sfx_StopRxTimeout)
                  00015072    0000000a     radio.obj (.text:RADIO_start_unmodulated_cw)
                  0001507c    0000000a     rts430x_lc_rd_eabi.lib : abs.obj (.text:abs)
                  00015086    0000000a     bsp_led.obj (.text:bspLedClear)
                  00015090    0000000a     bsp.obj (.text:bspSysClockSpeedGet)
                  0001509a    0000000a     rts430x_lc_rd_eabi.lib : lsl16.obj (.text)
                  000150a4    0000000a                            : lsr16.obj (.text)
                  000150ae    00000008     radio.obj (.text:RADIO_close_chip)
                  000150b6    00000008     radio.obj (.text:RADIO_rx_packet_interrupt_handler)
                  000150be    00000008     manufacturer_api.obj (.text:sfx_StartRxTimeout)
                  000150c6    00000008     manufacturer_api.obj (.text:sfx_StartWaitingTimeout)
                  000150ce    00000008     manufacturer_api.obj (.text:sfx_change_frequency)
                  000150d6    00000008     manufacturer_api.obj (.text:sfx_close)
                  000150de    00000008     manufacturer_api.obj (.text:sfx_getrssivalue)
                  000150e6    00000006     transmission.obj (.text:TxInit)
                  000150ec    00000006     bsp_key.obj (.text:bspKeyInit)
                  000150f2    00000006     rts430x_lc_rd_eabi.lib : copy_decompress_rle.obj (.text:decompress:rle24:__TI_decompress_rle24)
                  000150f8    00000006     uart_drv.obj (.text:uartGetRxEndOfStr)
                  000150fe    00000006     uart_drv.obj (.text:uartGetRxStrLength)
                  00015104    00000006     uart_drv.obj (.text:uartResetRxEndOfStr)
                  0001510a    00000004     rts430x_lc_rd_eabi.lib : pre_init.obj (.text:_system_pre_init)
                  0001510e    00000004                            : exit.obj (.text:abort)
                  00015112    00000002                            : _lock.obj (.text:_nop)


LINKER GENERATED COPY TABLES

__TI_cinit_table @ 000069b6 records: 7, size/record: 8, table size: 56
	.data: load addr=000068f2, load size=00000093 bytes, run addr=00001c00, run size=000006ae bytes, compression=rle
	.TI.bound:flash_array: load addr=00006992, load size=00000006 bytes, run addr=00008000, run size=00000800 bytes, compression=zero_init
	.bss: load addr=00006998, load size=00000006 bytes, run addr=000022ae, run size=000001c4 bytes, compression=zero_init
	.cio: load addr=0000699e, load size=00000006 bytes, run addr=00002472, run size=00000120 bytes, compression=zero_init
	.infoA: load addr=000069a4, load size=00000006 bytes, run addr=00001980, run size=00000014 bytes, compression=zero_init
	.infoB: load addr=000069aa, load size=00000006 bytes, run addr=00001900, run size=00000004 bytes, compression=zero_init
	.infoC: load addr=000069b0, load size=00000006 bytes, run addr=00001880, run size=00000004 bytes, compression=zero_init


LINKER GENERATED HANDLER TABLE

__TI_handler_table @ 00006986 records: 3, size/record: 4, table size: 12
	index: 0, handler: __TI_zero_init
	index: 1, handler: __TI_decompress_rle24
	index: 2, handler: __TI_decompress_none


GLOBAL SYMBOLS: SORTED ALPHABETICALLY BY Name 

address   name                       
-------   ----                       
00000700  ADC12CTL0                  
00000701  ADC12CTL0_H                
00000700  ADC12CTL0_L                
00000702  ADC12CTL1                  
00000703  ADC12CTL1_H                
00000702  ADC12CTL1_L                
00000704  ADC12CTL2                  
00000705  ADC12CTL2_H                
00000704  ADC12CTL2_L                
0000070c  ADC12IE                    
0000070d  ADC12IE_H                  
0000070c  ADC12IE_L                  
0000070a  ADC12IFG                   
0000070b  ADC12IFG_H                 
0000070a  ADC12IFG_L                 
0000070e  ADC12IV                    
0000070f  ADC12IV_H                  
0000070e  ADC12IV_L                  
00000710  ADC12MCTL0                 
00000711  ADC12MCTL1                 
0000071a  ADC12MCTL10                
0000071b  ADC12MCTL11                
0000071c  ADC12MCTL12                
0000071d  ADC12MCTL13                
0000071e  ADC12MCTL14                
0000071f  ADC12MCTL15                
00000712  ADC12MCTL2                 
00000713  ADC12MCTL3                 
00000714  ADC12MCTL4                 
00000715  ADC12MCTL5                 
00000716  ADC12MCTL6                 
00000717  ADC12MCTL7                 
00000718  ADC12MCTL8                 
00000719  ADC12MCTL9                 
00000720  ADC12MEM0                  
00000721  ADC12MEM0_H                
00000720  ADC12MEM0_L                
00000722  ADC12MEM1                  
00000734  ADC12MEM10                 
00000735  ADC12MEM10_H               
00000734  ADC12MEM10_L               
00000736  ADC12MEM11                 
00000737  ADC12MEM11_H               
00000736  ADC12MEM11_L               
00000738  ADC12MEM12                 
00000739  ADC12MEM12_H               
00000738  ADC12MEM12_L               
0000073a  ADC12MEM13                 
0000073b  ADC12MEM13_H               
0000073a  ADC12MEM13_L               
0000073c  ADC12MEM14                 
0000073d  ADC12MEM14_H               
0000073c  ADC12MEM14_L               
0000073e  ADC12MEM15                 
0000073f  ADC12MEM15_H               
0000073e  ADC12MEM15_L               
00000723  ADC12MEM1_H                
00000722  ADC12MEM1_L                
00000724  ADC12MEM2                  
00000725  ADC12MEM2_H                
00000724  ADC12MEM2_L                
00000726  ADC12MEM3                  
00000727  ADC12MEM3_H                
00000726  ADC12MEM3_L                
00000728  ADC12MEM4                  
00000729  ADC12MEM4_H                
00000728  ADC12MEM4_L                
0000072a  ADC12MEM5                  
0000072b  ADC12MEM5_H                
0000072a  ADC12MEM5_L                
0000072c  ADC12MEM6                  
0000072d  ADC12MEM6_H                
0000072c  ADC12MEM6_L                
0000072e  ADC12MEM7                  
0000072f  ADC12MEM7_H                
0000072e  ADC12MEM7_L                
00000730  ADC12MEM8                  
00000731  ADC12MEM8_H                
00000730  ADC12MEM8_L                
00000732  ADC12MEM9                  
00000733  ADC12MEM9_H                
00000732  ADC12MEM9_L                
0001510e  C$$EXIT                    
00014824  C$$IO$$                    
00000150  CRCDI                      
00000152  CRCDIRB                    
00000153  CRCDIRB_H                  
00000152  CRCDIRB_L                  
00000151  CRCDI_H                    
00000150  CRCDI_L                    
00000154  CRCINIRES                  
00000155  CRCINIRES_H                
00000154  CRCINIRES_L                
00000156  CRCRESR                    
00000157  CRCRESR_H                  
00000156  CRCRESR_L                  
00013226  ComputeAES                 
00012ed0  ComputeScrambling          
00000510  DMA0CTL                    
00000511  DMA0CTL_H                  
00000510  DMA0CTL_L                  
00000516  DMA0DA                     
00000518  DMA0DAH                    
00000516  DMA0DAL                    
00000512  DMA0SA                     
00000514  DMA0SAH                    
00000512  DMA0SAL                    
0000051a  DMA0SZ                     
00000520  DMA1CTL                    
00000521  DMA1CTL_H                  
00000520  DMA1CTL_L                  
00000526  DMA1DA                     
00000528  DMA1DAH                    
00000526  DMA1DAL                    
00000522  DMA1SA                     
00000524  DMA1SAH                    
00000522  DMA1SAL                    
0000052a  DMA1SZ                     
00000530  DMA2CTL                    
00000531  DMA2CTL_H                  
00000530  DMA2CTL_L                  
00000536  DMA2DA                     
00000538  DMA2DAH                    
00000536  DMA2DAL                    
00000532  DMA2SA                     
00000534  DMA2SAH                    
00000532  DMA2SAL                    
0000053a  DMA2SZ                     
00000500  DMACTL0                    
00000501  DMACTL0_H                  
00000500  DMACTL0_L                  
00000502  DMACTL1                    
00000503  DMACTL1_H                  
00000502  DMACTL1_L                  
00000504  DMACTL2                    
00000505  DMACTL2_H                  
00000504  DMACTL2_L                  
00000506  DMACTL3                    
00000507  DMACTL3_H                  
00000506  DMACTL3_L                  
00000508  DMACTL4                    
00000509  DMACTL4_H                  
00000508  DMACTL4_L                  
0000050e  DMAIV                      
0000050f  DMAIV_H                    
0000050e  DMAIV_L                    
00011632  DecodeFrame                
000022ae  DynamicMemoryTable         
00000140  FCTL1                      
00000141  FCTL1_H                    
00000140  FCTL1_L                    
00000144  FCTL3                      
00000145  FCTL3_H                    
00000144  FCTL3_L                    
00000146  FCTL4                      
00000147  FCTL4_H                    
00000146  FCTL4_L                    
00014184  HOSTclose                  
00012e32  HOSTlseek                  
00013562  HOSTopen                   
0001392c  HOSTread                   
0001347e  HOSTrename                 
00014344  HOSTunlink                 
00013784  HOSTwrite                  
000004c4  MAC                        
000004da  MAC32H                     
000004db  MAC32H_H                   
000004da  MAC32H_L                   
000004d8  MAC32L                     
000004d9  MAC32L_H                   
000004d8  MAC32L_L                   
000004c6  MACS                       
000004de  MACS32H                    
000004df  MACS32H_H                  
000004de  MACS32H_L                  
000004dc  MACS32L                    
000004dd  MACS32L_H                  
000004dc  MACS32L_L                  
000004c7  MACS_H                     
000004c6  MACS_L                     
000004c5  MAC_H                      
000004c4  MAC_L                      
000004c0  MPY                        
000004ec  MPY32CTL0                  
000004ed  MPY32CTL0_H                
000004ec  MPY32CTL0_L                
000004d2  MPY32H                     
000004d3  MPY32H_H                   
000004d2  MPY32H_L                   
000004d0  MPY32L                     
000004d1  MPY32L_H                   
000004d0  MPY32L_L                   
000004c2  MPYS                       
000004d6  MPYS32H                    
000004d7  MPYS32H_H                  
000004d6  MPYS32H_L                  
000004d4  MPYS32L                    
000004d5  MPYS32L_H                  
000004d4  MPYS32L_L                  
000004c3  MPYS_H                     
000004c2  MPYS_L                     
000004c1  MPY_H                      
000004c0  MPY_L                      
00013ca4  Next_Pn11                  
00013d00  Next_Pn9                   
00002440  NonVRam                    
000004c8  OP2                        
000004e2  OP2H                       
000004e3  OP2H_H                     
000004e2  OP2H_L                     
000004e0  OP2L                       
000004e1  OP2L_H                     
000004e0  OP2L_L                     
000004c9  OP2_H                      
000004c8  OP2_L                      
0000020e  P1IV                       
0000021e  P2IV                       
00000204  PADIR                      
00000205  PADIR_H                    
00000204  PADIR_L                    
00000208  PADS                       
00000209  PADS_H                     
00000208  PADS_L                     
0000021a  PAIE                       
00000218  PAIES                      
00000219  PAIES_H                    
00000218  PAIES_L                    
0000021b  PAIE_H                     
0000021a  PAIE_L                     
0000021c  PAIFG                      
0000021d  PAIFG_H                    
0000021c  PAIFG_L                    
00000200  PAIN                       
00000201  PAIN_H                     
00000200  PAIN_L                     
00000202  PAOUT                      
00000203  PAOUT_H                    
00000202  PAOUT_L                    
00000206  PAREN                      
00000207  PAREN_H                    
00000206  PAREN_L                    
0000020a  PASEL                      
0000020b  PASEL_H                    
0000020a  PASEL_L                    
00000224  PBDIR                      
00000225  PBDIR_H                    
00000224  PBDIR_L                    
00000228  PBDS                       
00000229  PBDS_H                     
00000228  PBDS_L                     
00000220  PBIN                       
00000221  PBIN_H                     
00000220  PBIN_L                     
00000222  PBOUT                      
00000223  PBOUT_H                    
00000222  PBOUT_L                    
00000226  PBREN                      
00000227  PBREN_H                    
00000226  PBREN_L                    
0000022a  PBSEL                      
0000022b  PBSEL_H                    
0000022a  PBSEL_L                    
00000244  PCDIR                      
00000245  PCDIR_H                    
00000244  PCDIR_L                    
00000248  PCDS                       
00000249  PCDS_H                     
00000248  PCDS_L                     
00000240  PCIN                       
00000241  PCIN_H                     
00000240  PCIN_L                     
00000242  PCOUT                      
00000243  PCOUT_H                    
00000242  PCOUT_L                    
00000246  PCREN                      
00000247  PCREN_H                    
00000246  PCREN_L                    
0000024a  PCSEL                      
0000024b  PCSEL_H                    
0000024a  PCSEL_L                    
00000264  PDDIR                      
00000265  PDDIR_H                    
00000264  PDDIR_L                    
00000268  PDDS                       
00000269  PDDS_H                     
00000268  PDDS_L                     
00000260  PDIN                       
00000261  PDIN_H                     
00000260  PDIN_L                     
00000262  PDOUT                      
00000263  PDOUT_H                    
00000262  PDOUT_L                    
00000266  PDREN                      
00000267  PDREN_H                    
00000266  PDREN_L                    
0000026a  PDSEL                      
0000026b  PDSEL_H                    
0000026a  PDSEL_L                    
00000284  PEDIR                      
00000285  PEDIR_H                    
00000284  PEDIR_L                    
00000288  PEDS                       
00000289  PEDS_H                     
00000288  PEDS_L                     
00000280  PEIN                       
00000281  PEIN_H                     
00000280  PEIN_L                     
00000282  PEOUT                      
00000283  PEOUT_H                    
00000282  PEOUT_L                    
00000286  PEREN                      
00000287  PEREN_H                    
00000286  PEREN_L                    
0000028a  PESEL                      
0000028b  PESEL_H                    
0000028a  PESEL_L                    
000002a4  PFDIR                      
000002a5  PFDIR_H                    
000002a4  PFDIR_L                    
000002a8  PFDS                       
000002a9  PFDS_H                     
000002a8  PFDS_L                     
000002a0  PFIN                       
000002a1  PFIN_H                     
000002a0  PFIN_L                     
000002a2  PFOUT                      
000002a3  PFOUT_H                    
000002a2  PFOUT_L                    
000002a6  PFREN                      
000002a7  PFREN_H                    
000002a6  PFREN_L                    
000002aa  PFSEL                      
000002ab  PFSEL_H                    
000002aa  PFSEL_L                    
00000324  PJDIR                      
00000325  PJDIR_H                    
00000324  PJDIR_L                    
00000328  PJDS                       
00000329  PJDS_H                     
00000328  PJDS_L                     
00000320  PJIN                       
00000321  PJIN_H                     
00000320  PJIN_L                     
00000322  PJOUT                      
00000323  PJOUT_H                    
00000322  PJOUT_L                    
00000326  PJREN                      
00000327  PJREN_H                    
00000326  PJREN_L                    
00000130  PM5CTL0                    
00000131  PM5CTL0_H                  
00000130  PM5CTL0_L                  
00000120  PMMCTL0                    
00000121  PMMCTL0_H                  
00000120  PMMCTL0_L                  
00000122  PMMCTL1                    
00000123  PMMCTL1_H                  
00000122  PMMCTL1_L                  
0000012c  PMMIFG                     
0000012d  PMMIFG_H                   
0000012c  PMMIFG_L                   
0000012e  PMMRIE                     
0000012f  PMMRIE_H                   
0000012e  PMMRIE_L                   
00012c44  RADIO_change_frequency     
000150ae  RADIO_close_chip           
000132a2  RADIO_init_chip            
0001221c  RADIO_modulate             
000136ac  RADIO_start_rf_carrier     
00015072  RADIO_start_unmodulated_cw 
00013db8  RADIO_stop_rf_carrier      
00014e74  RADIO_stop_unmodulated_cw  
00000158  RCCTL0                     
00000159  RCCTL0_H                   
00000158  RCCTL0_L                   
000001b0  REFCTL0                    
000001b1  REFCTL0_H                  
000001b0  REFCTL0_L                  
000004e4  RES0                       
000004e5  RES0_H                     
000004e4  RES0_L                     
000004e6  RES1                       
000004e7  RES1_H                     
000004e6  RES1_L                     
000004e8  RES2                       
000004e9  RES2_H                     
000004e8  RES2_L                     
000004ea  RES3                       
000004eb  RES3_H                     
000004ea  RES3_L                     
000004cc  RESHI                      
000004cd  RESHI_H                    
000004cc  RESHI_L                    
000004ca  RESLO                      
000004cb  RESLO_H                    
000004ca  RESLO_L                    
000004ba  RTCADOWDAY                 
000004bb  RTCADOWDAY_H               
000004ba  RTCADOWDAY_L               
000004b8  RTCAMINHR                  
000004b9  RTCAMINHR_H                
000004b8  RTCAMINHR_L                
000004a0  RTCCTL01                   
000004a1  RTCCTL01_H                 
000004a0  RTCCTL01_L                 
000004a2  RTCCTL23                   
000004a3  RTCCTL23_H                 
000004a2  RTCCTL23_L                 
000004b4  RTCDATE                    
000004b5  RTCDATE_H                  
000004b4  RTCDATE_L                  
000004ae  RTCIV                      
000004ac  RTCPS                      
000004a8  RTCPS0CTL                  
000004a9  RTCPS0CTL_H                
000004a8  RTCPS0CTL_L                
000004aa  RTCPS1CTL                  
000004ab  RTCPS1CTL_H                
000004aa  RTCPS1CTL_L                
000004ad  RTCPS_H                    
000004ac  RTCPS_L                    
000004b0  RTCTIM0                    
000004b1  RTCTIM0_H                  
000004b0  RTCTIM0_L                  
000004b2  RTCTIM1                    
000004b3  RTCTIM1_H                  
000004b2  RTCTIM1_L                  
000004b6  RTCYEAR                    
000004b7  RTCYEAR_H                  
000004b6  RTCYEAR_L                  
000068d2  Rcon                       
0000227c  ReceivedPayload            
00002264  RxCF                       
00001900  RxFrequency                
00000100  SFRIE1                     
00000101  SFRIE1_H                   
00000100  SFRIE1_L                   
00000102  SFRIFG1                    
00000103  SFRIFG1_H                  
00000102  SFRIFG1_L                  
00000104  SFRRPCR                    
00000105  SFRRPCR_H                  
00000104  SFRRPCR_L                  
000004ce  SUMEXT                     
000004cf  SUMEXT_H                   
000004ce  SUMEXT_L                   
00000124  SVSMHCTL                   
00000125  SVSMHCTL_H                 
00000124  SVSMHCTL_L                 
00000128  SVSMIO                     
00000129  SVSMIO_H                   
00000128  SVSMIO_L                   
00000126  SVSMLCTL                   
00000127  SVSMLCTL_H                 
00000126  SVSMLCTL_L                 
00000198  SYSBERRIV                  
00000199  SYSBERRIV_H                
00000198  SYSBERRIV_L                
00000182  SYSBSLC                    
00000183  SYSBSLC_H                  
00000182  SYSBSLC_L                  
00000180  SYSCTL                     
00000181  SYSCTL_H                   
00000180  SYSCTL_L                   
00000186  SYSJMBC                    
00000187  SYSJMBC_H                  
00000186  SYSJMBC_L                  
00000188  SYSJMBI0                   
00000189  SYSJMBI0_H                 
00000188  SYSJMBI0_L                 
0000018a  SYSJMBI1                   
0000018b  SYSJMBI1_H                 
0000018a  SYSJMBI1_L                 
0000018c  SYSJMBO0                   
0000018d  SYSJMBO0_H                 
0000018c  SYSJMBO0_L                 
0000018e  SYSJMBO1                   
0000018f  SYSJMBO1_H                 
0000018e  SYSJMBO1_L                 
0000019e  SYSRSTIV                   
0000019f  SYSRSTIV_H                 
0000019e  SYSRSTIV_L                 
0000019c  SYSSNIV                    
0000019d  SYSSNIV_H                  
0000019c  SYSSNIV_L                  
0000019a  SYSUNIV                    
0000019b  SYSUNIV_H                  
0000019a  SYSUNIV_L                  
0001459a  SfxClose                   
00011fea  SfxInit                    
000127b8  SfxRxTestMode              
00011e94  SfxSendBit                 
00011bb8  SfxSendFrame               
00011826  SfxTxTestMode              
0000226c  Standard                   
00002466  SysState                   
00000352  TA0CCR0                    
00000354  TA0CCR1                    
00000356  TA0CCR2                    
00000358  TA0CCR3                    
0000035a  TA0CCR4                    
00000342  TA0CCTL0                   
00000344  TA0CCTL1                   
00000346  TA0CCTL2                   
00000348  TA0CCTL3                   
0000034a  TA0CCTL4                   
00000340  TA0CTL                     
00000360  TA0EX0                     
0000036e  TA0IV                      
00000350  TA0R                       
00000392  TA1CCR0                    
00000394  TA1CCR1                    
00000396  TA1CCR2                    
00000382  TA1CCTL0                   
00000384  TA1CCTL1                   
00000386  TA1CCTL2                   
00000380  TA1CTL                     
000003a0  TA1EX0                     
000003ae  TA1IV                      
00000390  TA1R                       
000003d2  TB0CCR0                    
000003d4  TB0CCR1                    
000003d6  TB0CCR2                    
000003d8  TB0CCR3                    
000003da  TB0CCR4                    
000003dc  TB0CCR5                    
000003de  TB0CCR6                    
000003c2  TB0CCTL0                   
000003c4  TB0CCTL1                   
000003c6  TB0CCTL2                   
000003c8  TB0CCTL3                   
000003ca  TB0CCTL4                   
000003cc  TB0CCTL5                   
000003ce  TB0CCTL6                   
000003c0  TB0CTL                     
000003e0  TB0EX0                     
000003ee  TB0IV                      
000003d0  TB0R                       
00005d20  TIMER0_A0_ISR              
000022a2  TIMER0_timeout             
00005d5c  TIMER1_A0_ISR              
00014e0c  TIMER_bitrate_init         
00015022  TIMER_bitrate_start        
0001505a  TIMER_bitrate_stop         
00014c90  TIMER_downlink_timing_init 
00002402  Table_30bytes              
0000242e  Table_32bytes              
00002434  Table_64bytes              
0000243a  Table_8bytes               
00002260  TxCF                       
00001880  TxFrequency                
000150e6  TxInit                     
00014cb2  TxProcess                  
00002254  TxRep                      
00002268  TxRepeat                   
000005d0  UCA0ABCTL                  
000005c6  UCA0BRW                    
000005c7  UCA0BRW_H                  
000005c6  UCA0BRW_L                  
000005c0  UCA0CTLW0                  
000005c1  UCA0CTLW0_H                
000005c0  UCA0CTLW0_L                
000005dc  UCA0ICTL                   
000005dd  UCA0ICTL_H                 
000005dc  UCA0ICTL_L                 
000005d2  UCA0IRCTL                  
000005d3  UCA0IRCTL_H                
000005d2  UCA0IRCTL_L                
000005de  UCA0IV                     
000005c8  UCA0MCTL                   
000005cc  UCA0RXBUF                  
000005ca  UCA0STAT                   
000005ce  UCA0TXBUF                  
00000610  UCA1ABCTL                  
00000606  UCA1BRW                    
00000607  UCA1BRW_H                  
00000606  UCA1BRW_L                  
00000600  UCA1CTLW0                  
00000601  UCA1CTLW0_H                
00000600  UCA1CTLW0_L                
0000061c  UCA1ICTL                   
0000061d  UCA1ICTL_H                 
0000061c  UCA1ICTL_L                 
00000612  UCA1IRCTL                  
00000613  UCA1IRCTL_H                
00000612  UCA1IRCTL_L                
0000061e  UCA1IV                     
00000608  UCA1MCTL                   
0000060c  UCA1RXBUF                  
0000060a  UCA1STAT                   
0000060e  UCA1TXBUF                  
00000650  UCA2ABCTL                  
00000646  UCA2BRW                    
00000647  UCA2BRW_H                  
00000646  UCA2BRW_L                  
00000640  UCA2CTLW0                  
00000641  UCA2CTLW0_H                
00000640  UCA2CTLW0_L                
0000065c  UCA2ICTL                   
0000065d  UCA2ICTL_H                 
0000065c  UCA2ICTL_L                 
00000652  UCA2IRCTL                  
00000653  UCA2IRCTL_H                
00000652  UCA2IRCTL_L                
0000065e  UCA2IV                     
00000648  UCA2MCTL                   
0000064c  UCA2RXBUF                  
0000064a  UCA2STAT                   
0000064e  UCA2TXBUF                  
00000690  UCA3ABCTL                  
00000686  UCA3BRW                    
00000687  UCA3BRW_H                  
00000686  UCA3BRW_L                  
00000680  UCA3CTLW0                  
00000681  UCA3CTLW0_H                
00000680  UCA3CTLW0_L                
0000069c  UCA3ICTL                   
0000069d  UCA3ICTL_H                 
0000069c  UCA3ICTL_L                 
00000692  UCA3IRCTL                  
00000693  UCA3IRCTL_H                
00000692  UCA3IRCTL_L                
0000069e  UCA3IV                     
00000688  UCA3MCTL                   
0000068c  UCA3RXBUF                  
0000068a  UCA3STAT                   
0000068e  UCA3TXBUF                  
000005e6  UCB0BRW                    
000005e7  UCB0BRW_H                  
000005e6  UCB0BRW_L                  
000005e0  UCB0CTLW0                  
000005e1  UCB0CTLW0_H                
000005e0  UCB0CTLW0_L                
000005f0  UCB0I2COA                  
000005f1  UCB0I2COA_H                
000005f0  UCB0I2COA_L                
000005f2  UCB0I2CSA                  
000005f3  UCB0I2CSA_H                
000005f2  UCB0I2CSA_L                
000005fc  UCB0ICTL                   
000005fd  UCB0ICTL_H                 
000005fc  UCB0ICTL_L                 
000005fe  UCB0IV                     
000005ec  UCB0RXBUF                  
000005ea  UCB0STAT                   
000005ee  UCB0TXBUF                  
00000626  UCB1BRW                    
00000627  UCB1BRW_H                  
00000626  UCB1BRW_L                  
00000620  UCB1CTLW0                  
00000621  UCB1CTLW0_H                
00000620  UCB1CTLW0_L                
00000630  UCB1I2COA                  
00000631  UCB1I2COA_H                
00000630  UCB1I2COA_L                
00000632  UCB1I2CSA                  
00000633  UCB1I2CSA_H                
00000632  UCB1I2CSA_L                
0000063c  UCB1ICTL                   
0000063d  UCB1ICTL_H                 
0000063c  UCB1ICTL_L                 
0000063e  UCB1IV                     
0000062c  UCB1RXBUF                  
0000062a  UCB1STAT                   
0000062e  UCB1TXBUF                  
00000666  UCB2BRW                    
00000667  UCB2BRW_H                  
00000666  UCB2BRW_L                  
00000660  UCB2CTLW0                  
00000661  UCB2CTLW0_H                
00000660  UCB2CTLW0_L                
00000670  UCB2I2COA                  
00000671  UCB2I2COA_H                
00000670  UCB2I2COA_L                
00000672  UCB2I2CSA                  
00000673  UCB2I2CSA_H                
00000672  UCB2I2CSA_L                
0000067c  UCB2ICTL                   
0000067d  UCB2ICTL_H                 
0000067c  UCB2ICTL_L                 
0000067e  UCB2IV                     
0000066c  UCB2RXBUF                  
0000066a  UCB2STAT                   
0000066e  UCB2TXBUF                  
000006a6  UCB3BRW                    
000006a7  UCB3BRW_H                  
000006a6  UCB3BRW_L                  
000006a0  UCB3CTLW0                  
000006a1  UCB3CTLW0_H                
000006a0  UCB3CTLW0_L                
000006b0  UCB3I2COA                  
000006b1  UCB3I2COA_H                
000006b0  UCB3I2COA_L                
000006b2  UCB3I2CSA                  
000006b3  UCB3I2CSA_H                
000006b2  UCB3I2CSA_L                
000006bc  UCB3ICTL                   
000006bd  UCB3ICTL_H                 
000006bc  UCB3ICTL_L                 
000006be  UCB3IV                     
000006ac  UCB3RXBUF                  
000006aa  UCB3STAT                   
000006ae  UCB3TXBUF                  
00000160  UCSCTL0                    
00000161  UCSCTL0_H                  
00000160  UCSCTL0_L                  
00000162  UCSCTL1                    
00000163  UCSCTL1_H                  
00000162  UCSCTL1_L                  
00000164  UCSCTL2                    
00000165  UCSCTL2_H                  
00000164  UCSCTL2_L                  
00000166  UCSCTL3                    
00000167  UCSCTL3_H                  
00000166  UCSCTL3_L                  
00000168  UCSCTL4                    
00000169  UCSCTL4_H                  
00000168  UCSCTL4_L                  
0000016a  UCSCTL5                    
0000016b  UCSCTL5_H                  
0000016a  UCSCTL5_L                  
0000016c  UCSCTL6                    
0000016d  UCSCTL6_H                  
0000016c  UCSCTL6_L                  
0000016e  UCSCTL7                    
0000016f  UCSCTL7_H                  
0000016e  UCSCTL7_L                  
00000170  UCSCTL8                    
00000171  UCSCTL8_H                  
00000170  UCSCTL8_L                  
00005c00  USCI_A1_ISR                
0000015c  WDTCTL                     
0000015d  WDTCTL_H                   
0000015c  WDTCTL_L                   
00002472  _CIOBUF_                   
00005c00  __STACK_END                
000000a0  __STACK_SIZE               
000000a0  __SYSMEM_SIZE              
000069b6  __TI_CINIT_Base            
000069ee  __TI_CINIT_Limit           
00006986  __TI_Handler_Table_Base    
00006992  __TI_Handler_Table_Limit   
UNDEFED   __TI_INITARRAY_Base        
UNDEFED   __TI_INITARRAY_Limit       
00005d64  __TI_ISR_TRAP              
000147bc  __TI_cleanup               
00002292  __TI_cleanup_ptr           
000134f2  __TI_closefile             
00014fbe  __TI_decompress_none       
000150f2  __TI_decompress_rle24      
00013a64  __TI_doflush               
00002296  __TI_dtors_ptr             
00010c1e  __TI_frcmpyd               
000022aa  __TI_ft_end                
0000ffd2  __TI_int41                 
0000ffd4  __TI_int42                 
0000ffd6  __TI_int43                 
0000ffd8  __TI_int44                 
0000ffda  __TI_int45                 
0000ffdc  __TI_int46                 
0000ffde  __TI_int47                 
0000ffe0  __TI_int48                 
0000ffe2  __TI_int49                 
0000ffe4  __TI_int50                 
0000ffe6  __TI_int51                 
0000ffe8  __TI_int52                 
0000ffea  __TI_int53                 
0000ffec  __TI_int54                 
0000ffee  __TI_int55                 
0000fff0  __TI_int56                 
0000fff2  __TI_int57                 
0000fff4  __TI_int58                 
0000fff6  __TI_int59                 
0000fff8  __TI_int60                 
0000fffa  __TI_int61                 
0000fffc  __TI_int62                 
000148ca  __TI_readmsg               
00002352  __TI_tmpnams               
000147f2  __TI_writemsg              
000131a8  __TI_wrt_ok                
00014c6c  __TI_zero_init             
ffffffff  __binit__                  
ffffffff  __c_args__                 
00014b30  __mspabi_divi              
0001455a  __mspabi_divli             
00014f00  __mspabi_divu              
00014086  __mspabi_divul             
000139fc  __mspabi_fixdul            
0001331c  __mspabi_fltuld            
000111ac  __mspabi_mpyd              
00014f16  __mspabi_mpyi_f5hw         
00014cf6  __mspabi_mpyl_f5hw         
00014b30  __mspabi_remi              
0001455a  __mspabi_remli             
00014f00  __mspabi_remu              
00014086  __mspabi_remul             
0001509a  __mspabi_slli              
00015002  __mspabi_slll              
0001464e  __mspabi_slll_1            
0001462a  __mspabi_slll_10           
00014626  __mspabi_slll_11           
00014622  __mspabi_slll_12           
0001461e  __mspabi_slll_13           
0001461a  __mspabi_slll_14           
00014616  __mspabi_slll_15           
0001464a  __mspabi_slll_2            
00014646  __mspabi_slll_3            
00014642  __mspabi_slll_4            
0001463e  __mspabi_slll_5            
0001463a  __mspabi_slll_6            
00014636  __mspabi_slll_7            
00014632  __mspabi_slll_8            
0001462e  __mspabi_slll_9            
00014610  __mspabi_sral_1            
000145ec  __mspabi_sral_10           
000145e8  __mspabi_sral_11           
000145e4  __mspabi_sral_12           
000145e0  __mspabi_sral_13           
000145dc  __mspabi_sral_14           
000145d8  __mspabi_sral_15           
0001460c  __mspabi_sral_2            
00014608  __mspabi_sral_3            
00014604  __mspabi_sral_4            
00014600  __mspabi_sral_5            
000145fc  __mspabi_sral_6            
000145f8  __mspabi_sral_7            
000145f4  __mspabi_sral_8            
000145f0  __mspabi_sral_9            
000150a4  __mspabi_srli              
00015012  __mspabi_srll              
0001468c  __mspabi_srll_1            
00014668  __mspabi_srll_10           
00014664  __mspabi_srll_11           
00014660  __mspabi_srll_12           
0001465c  __mspabi_srll_13           
00014658  __mspabi_srll_14           
00014654  __mspabi_srll_15           
00014688  __mspabi_srll_2            
00014684  __mspabi_srll_3            
00014680  __mspabi_srll_4            
0001467c  __mspabi_srll_5            
00014678  __mspabi_srll_6            
00014674  __mspabi_srll_7            
00014670  __mspabi_srll_8            
0001466c  __mspabi_srll_9            
00014e26  _abort_msg                 
00013718  _auto_init_hold_wdt        
00005d40  _c_int00_noargs            
00002000  _ftable                    
0000229a  _lock                      
00015112  _nop                       
0000fffe  _reset_vector              
00005b60  _stack                     
00002594  _sys_memory                
0001510a  _system_pre_init           
0000229e  _unlock                    
0001510e  abort                      
0001507c  abs                        
0001085e  aes_enc_dec                
ffffffff  binit                      
00014bd8  bspAssert                  
00012adc  bspInit                    
0001231e  bspIoSpiInit               
000150ec  bspKeyInit                 
00012d90  bspKeyPushed               
00015086  bspLedClear                
00014f6e  bspLedInit                 
00015030  bspLedSet                  
00015090  bspSysClockSpeedGet        
00012cec  bspSysClockSpeedSet        
00002284  burst_count                
00014a1e  byteToHex                  
00013e12  cc112xSpiReadReg           
00014fe2  cc112xSpiReadRxFifo        
00013e6c  cc112xSpiWriteReg          
00002286  channel                    
00014784  circBufGetData             
00014828  circBufPutData             
00014cd4  circBufRemainder           
00013ec6  close                      
0001485e  crc16                      
000148fc  crc8                       
00014b04  dataToString               
000137ee  decode_bch                 
00014a4c  exit                       
0001402e  fflush                     
00008000  flash_array                
00014268  flash_erase_segment        
00014e8c  flash_read_data            
00013858  flash_read_wear_level      
00014416  flash_write_data           
00012b94  flash_write_wear_level     
00012420  fputs                      
0001309a  free                       
000138c2  fseek                      
00014ff2  galois_mul2                
00014aa8  halDigio2IntClear          
00013be8  halDigio2IntConnect        
00014b86  halDigio2IntEnable         
000142b2  halDigio2IntSetEdge        
0001363e  halUartInit                
00014ea4  halUartStartTx             
0001449a  hexToByte                  
00001980  id                         
0000225c  id_ptr                     
00001984  key                        
00002258  key_ptr                    
00014e40  lcdBufferClear             
000141d0  lcdBufferClearPart         
00014990  lcdBufferInvertPage        
00012f6c  lcdBufferPrintString       
000143d0  lcdBufferPrintStringAligned
00014134  lcdBufferSetHLine          
00001c00  lcdDefaultBuffer           
00014f82  lcdGetStringLength         
0001451a  lcdGotoXY                  
00013d5c  lcdInit                    
00014ad6  lcdSendBuffer              
0001421c  lcdSendBufferPart          
00014e5a  lcdSendCommand             
00014ebc  lcdSendData                
0000616a  lcd_alphabet               
0000688a  log_alpha                  
00014692  lseek                      
00013128  ltoa                       
000126de  main                       
00012a22  malloc                     
00014ed4  memchr                     
00014f96  memcpy                     
00014eea  memset                     
00002270  message                    
00014458  minit                      
0000246e  packetSemaphore            
00010000  parseHostCmd               
00005c84  port1_ISR                  
00005cd2  port2_ISR                  
000068aa  pow_alpha                  
000149c0  remove                     
00013392  resetCF                    
00006340  rsbox                      
0000217c  rx_buf                     
0000246f  rx_end_of_str              
00002470  rx_str_length              
00002288  rx_tout                    
00006440  sbox                       
0000228a  sequence_number            
000125fe  setvbuf                    
00013008  sfx_AES_128_cbc_encrypt    
00012964  sfx_PrintRxTestResult      
000150be  sfx_StartRxTimeout         
000150c6  sfx_StartWaitingTimeout    
00015066  sfx_StopRxTimeout          
00014faa  sfx_WaitForTimeoutRx       
000150ce  sfx_change_frequency       
000150d6  sfx_close                  
000140de  sfx_delay                  
00013f7a  sfx_free                   
00014bb0  sfx_get_nv_mem             
00014f2c  sfx_get_voltage_temperature
000150de  sfx_getrssivalue           
00014d3a  sfx_init                   
00013b28  sfx_malloc                 
00013b88  sfx_send                   
00014db8  sfx_set_nv_mem             
00012890  sfx_waitframe              
00002256  standard                   
00014dd4  strchr                     
00014df0  strcmp                     
00014fd0  strcpy                     
00013fd4  stringToData               
0001503e  strlen                     
0001492e  strncpy                    
000142fc  trx16BitRegAccess          
0001474a  trx8BitRegAccess           
00014f42  trxClearIntFlag            
00014f58  trxEnableInt               
00014d5a  trxIsrConnect              
000146d0  trxRfSpiInterfaceInit      
00014bfe  trxSpiCmdStrobe            
000021b8  tx_buf                     
000150f8  uartGetRxEndOfStr          
000150fe  uartGetRxStrLength         
00014d18  uartGetStr                 
0001504c  uartPutChar                
00014d7a  uartPutStr                 
00015104  uartResetRxEndOfStr        
00002416  uart_rx_buf                
000022a5  uart_state                 
0000241e  uart_tx_buf                
000149c0  unlink                     
0001470e  write                      


GLOBAL SYMBOLS: SORTED BY Symbol Address 

address   name                       
-------   ----                       
000000a0  __STACK_SIZE               
000000a0  __SYSMEM_SIZE              
00000100  SFRIE1                     
00000100  SFRIE1_L                   
00000101  SFRIE1_H                   
00000102  SFRIFG1                    
00000102  SFRIFG1_L                  
00000103  SFRIFG1_H                  
00000104  SFRRPCR                    
00000104  SFRRPCR_L                  
00000105  SFRRPCR_H                  
00000120  PMMCTL0                    
00000120  PMMCTL0_L                  
00000121  PMMCTL0_H                  
00000122  PMMCTL1                    
00000122  PMMCTL1_L                  
00000123  PMMCTL1_H                  
00000124  SVSMHCTL                   
00000124  SVSMHCTL_L                 
00000125  SVSMHCTL_H                 
00000126  SVSMLCTL                   
00000126  SVSMLCTL_L                 
00000127  SVSMLCTL_H                 
00000128  SVSMIO                     
00000128  SVSMIO_L                   
00000129  SVSMIO_H                   
0000012c  PMMIFG                     
0000012c  PMMIFG_L                   
0000012d  PMMIFG_H                   
0000012e  PMMRIE                     
0000012e  PMMRIE_L                   
0000012f  PMMRIE_H                   
00000130  PM5CTL0                    
00000130  PM5CTL0_L                  
00000131  PM5CTL0_H                  
00000140  FCTL1                      
00000140  FCTL1_L                    
00000141  FCTL1_H                    
00000144  FCTL3                      
00000144  FCTL3_L                    
00000145  FCTL3_H                    
00000146  FCTL4                      
00000146  FCTL4_L                    
00000147  FCTL4_H                    
00000150  CRCDI                      
00000150  CRCDI_L                    
00000151  CRCDI_H                    
00000152  CRCDIRB                    
00000152  CRCDIRB_L                  
00000153  CRCDIRB_H                  
00000154  CRCINIRES                  
00000154  CRCINIRES_L                
00000155  CRCINIRES_H                
00000156  CRCRESR                    
00000156  CRCRESR_L                  
00000157  CRCRESR_H                  
00000158  RCCTL0                     
00000158  RCCTL0_L                   
00000159  RCCTL0_H                   
0000015c  WDTCTL                     
0000015c  WDTCTL_L                   
0000015d  WDTCTL_H                   
00000160  UCSCTL0                    
00000160  UCSCTL0_L                  
00000161  UCSCTL0_H                  
00000162  UCSCTL1                    
00000162  UCSCTL1_L                  
00000163  UCSCTL1_H                  
00000164  UCSCTL2                    
00000164  UCSCTL2_L                  
00000165  UCSCTL2_H                  
00000166  UCSCTL3                    
00000166  UCSCTL3_L                  
00000167  UCSCTL3_H                  
00000168  UCSCTL4                    
00000168  UCSCTL4_L                  
00000169  UCSCTL4_H                  
0000016a  UCSCTL5                    
0000016a  UCSCTL5_L                  
0000016b  UCSCTL5_H                  
0000016c  UCSCTL6                    
0000016c  UCSCTL6_L                  
0000016d  UCSCTL6_H                  
0000016e  UCSCTL7                    
0000016e  UCSCTL7_L                  
0000016f  UCSCTL7_H                  
00000170  UCSCTL8                    
00000170  UCSCTL8_L                  
00000171  UCSCTL8_H                  
00000180  SYSCTL                     
00000180  SYSCTL_L                   
00000181  SYSCTL_H                   
00000182  SYSBSLC                    
00000182  SYSBSLC_L                  
00000183  SYSBSLC_H                  
00000186  SYSJMBC                    
00000186  SYSJMBC_L                  
00000187  SYSJMBC_H                  
00000188  SYSJMBI0                   
00000188  SYSJMBI0_L                 
00000189  SYSJMBI0_H                 
0000018a  SYSJMBI1                   
0000018a  SYSJMBI1_L                 
0000018b  SYSJMBI1_H                 
0000018c  SYSJMBO0                   
0000018c  SYSJMBO0_L                 
0000018d  SYSJMBO0_H                 
0000018e  SYSJMBO1                   
0000018e  SYSJMBO1_L                 
0000018f  SYSJMBO1_H                 
00000198  SYSBERRIV                  
00000198  SYSBERRIV_L                
[...]
000005f0  UCB0I2COA                  
000005f0  UCB0I2COA_L                
000005f1  UCB0I2COA_H                
000005f2  UCB0I2CSA                  
000005f2  UCB0I2CSA_L                
000005f3  UCB0I2CSA_H                
000005fc  UCB0ICTL                   
000005fc  UCB0ICTL_L                 
000005fd  UCB0ICTL_H                 
000005fe  UCB0IV                     
00000600  UCA1CTLW0                  
00000600  UCA1CTLW0_L                
00000601  UCA1CTLW0_H                
00000606  UCA1BRW                    
00000606  UCA1BRW_L                  
00000607  UCA1BRW_H                  
00000608  UCA1MCTL                   
0000060a  UCA1STAT                   
0000060c  UCA1RXBUF                  
0000060e  UCA1TXBUF                  
00000610  UCA1ABCTL                  
00000612  UCA1IRCTL                  
00000612  UCA1IRCTL_L                
00000613  UCA1IRCTL_H                
0000061c  UCA1ICTL                   
0000061c  UCA1ICTL_L                 
0000061d  UCA1ICTL_H                 
0000061e  UCA1IV                     
00000620  UCB1CTLW0                  
00000620  UCB1CTLW0_L                
00000621  UCB1CTLW0_H                
00000626  UCB1BRW                    
00000626  UCB1BRW_L                  
00000627  UCB1BRW_H                  
0000062a  UCB1STAT                   
0000062c  UCB1RXBUF                  
0000062e  UCB1TXBUF                  
00000630  UCB1I2COA                  
00000630  UCB1I2COA_L                
00000631  UCB1I2COA_H                
00000632  UCB1I2CSA                  
00000632  UCB1I2CSA_L                
00000633  UCB1I2CSA_H                
0000063c  UCB1ICTL                   
0000063c  UCB1ICTL_L                 
0000063d  UCB1ICTL_H                 
0000063e  UCB1IV                     
00000640  UCA2CTLW0                  
00000640  UCA2CTLW0_L                
00000641  UCA2CTLW0_H                
00000646  UCA2BRW                    
00000646  UCA2BRW_L                  
00000647  UCA2BRW_H                  
00000648  UCA2MCTL                   
0000064a  UCA2STAT                   
0000064c  UCA2RXBUF                  
0000064e  UCA2TXBUF                  
00000650  UCA2ABCTL                  
00000652  UCA2IRCTL                  
00000652  UCA2IRCTL_L                
00000653  UCA2IRCTL_H                
0000065c  UCA2ICTL                   
0000065c  UCA2ICTL_L                 
0000065d  UCA2ICTL_H                 
0000065e  UCA2IV                     
00000660  UCB2CTLW0                  
00000660  UCB2CTLW0_L                
00000661  UCB2CTLW0_H                
00000666  UCB2BRW                    
00000666  UCB2BRW_L                  
00000667  UCB2BRW_H                  
0000066a  UCB2STAT                   
0000066c  UCB2RXBUF                  
0000066e  UCB2TXBUF                  
00000670  UCB2I2COA                  
00000670  UCB2I2COA_L                
00000671  UCB2I2COA_H                
00000672  UCB2I2CSA                  
00000672  UCB2I2CSA_L                
00000673  UCB2I2CSA_H                
0000067c  UCB2ICTL                   
0000067c  UCB2ICTL_L                 
0000067d  UCB2ICTL_H                 
0000067e  UCB2IV                     
00000680  UCA3CTLW0                  
00000680  UCA3CTLW0_L                
00000681  UCA3CTLW0_H                
00000686  UCA3BRW                    
00000686  UCA3BRW_L                  
00000687  UCA3BRW_H                  
00000688  UCA3MCTL                   
0000068a  UCA3STAT                   
0000068c  UCA3RXBUF                  
0000068e  UCA3TXBUF                  
00000690  UCA3ABCTL                  
00000692  UCA3IRCTL                  
00000692  UCA3IRCTL_L                
00000693  UCA3IRCTL_H                
0000069c  UCA3ICTL                   
0000069c  UCA3ICTL_L                 
0000069d  UCA3ICTL_H                 
0000069e  UCA3IV                     
000006a0  UCB3CTLW0                  
000006a0  UCB3CTLW0_L                
000006a1  UCB3CTLW0_H                
000006a6  UCB3BRW                    
000006a6  UCB3BRW_L                  
000006a7  UCB3BRW_H                  
000006aa  UCB3STAT                   
000006ac  UCB3RXBUF                  
000006ae  UCB3TXBUF                  
000006b0  UCB3I2COA                  
000006b0  UCB3I2COA_L                
000006b1  UCB3I2COA_H                
000006b2  UCB3I2CSA                  
000006b2  UCB3I2CSA_L                
000006b3  UCB3I2CSA_H                
000006bc  UCB3ICTL                   
000006bc  UCB3ICTL_L                 
000006bd  UCB3ICTL_H                 
000006be  UCB3IV                     
00000700  ADC12CTL0                  
00000700  ADC12CTL0_L                
00000701  ADC12CTL0_H                
00000702  ADC12CTL1                  
00000702  ADC12CTL1_L                
00000703  ADC12CTL1_H                
00000704  ADC12CTL2                  
00000704  ADC12CTL2_L                
00000705  ADC12CTL2_H                
0000070a  ADC12IFG                   
0000070a  ADC12IFG_L                 
0000070b  ADC12IFG_H                 
0000070c  ADC12IE                    
0000070c  ADC12IE_L                  
0000070d  ADC12IE_H                  
0000070e  ADC12IV                    
0000070e  ADC12IV_L                  
0000070f  ADC12IV_H                  
00000710  ADC12MCTL0                 
00000711  ADC12MCTL1                 
00000712  ADC12MCTL2                 
00000713  ADC12MCTL3                 
00000714  ADC12MCTL4                 
00000715  ADC12MCTL5                 
00000716  ADC12MCTL6                 
00000717  ADC12MCTL7                 
00000718  ADC12MCTL8                 
00000719  ADC12MCTL9                 
0000071a  ADC12MCTL10                
0000071b  ADC12MCTL11                
0000071c  ADC12MCTL12                
0000071d  ADC12MCTL13                
0000071e  ADC12MCTL14                
0000071f  ADC12MCTL15                
00000720  ADC12MEM0                  
00000720  ADC12MEM0_L                
00000721  ADC12MEM0_H                
00000722  ADC12MEM1                  
00000722  ADC12MEM1_L                
00000723  ADC12MEM1_H                
00000724  ADC12MEM2                  
00000724  ADC12MEM2_L                
00000725  ADC12MEM2_H                
00000726  ADC12MEM3                  
00000726  ADC12MEM3_L                
00000727  ADC12MEM3_H                
00000728  ADC12MEM4                  
00000728  ADC12MEM4_L                
00000729  ADC12MEM4_H                
0000072a  ADC12MEM5                  
0000072a  ADC12MEM5_L                
0000072b  ADC12MEM5_H                
0000072c  ADC12MEM6                  
0000072c  ADC12MEM6_L                
0000072d  ADC12MEM6_H                
0000072e  ADC12MEM7                  
0000072e  ADC12MEM7_L                
0000072f  ADC12MEM7_H                
00000730  ADC12MEM8                  
00000730  ADC12MEM8_L                
00000731  ADC12MEM8_H                
00000732  ADC12MEM9                  
00000732  ADC12MEM9_L                
00000733  ADC12MEM9_H                
00000734  ADC12MEM10                 
00000734  ADC12MEM10_L               
00000735  ADC12MEM10_H               
00000736  ADC12MEM11                 
00000736  ADC12MEM11_L               
00000737  ADC12MEM11_H               
00000738  ADC12MEM12                 
00000738  ADC12MEM12_L               
00000739  ADC12MEM12_H               
0000073a  ADC12MEM13                 
0000073a  ADC12MEM13_L               
0000073b  ADC12MEM13_H               
0000073c  ADC12MEM14                 
0000073c  ADC12MEM14_L               
0000073d  ADC12MEM14_H               
0000073e  ADC12MEM15                 
0000073e  ADC12MEM15_L               
0000073f  ADC12MEM15_H               
00001880  TxFrequency                
00001900  RxFrequency                
00001980  id                         
00001984  key                        
00001c00  lcdDefaultBuffer           
00002000  _ftable                    
0000217c  rx_buf                     
000021b8  tx_buf                     
00002254  TxRep                      
00002256  standard                   
00002258  key_ptr                    
0000225c  id_ptr                     
00002260  TxCF                       
00002264  RxCF                       
00002268  TxRepeat                   
0000226c  Standard                   
00002270  message                    
0000227c  ReceivedPayload            
00002284  burst_count                
00002286  channel                    
00002288  rx_tout                    
0000228a  sequence_number            
00002292  __TI_cleanup_ptr           
00002296  __TI_dtors_ptr             
0000229a  _lock                      
0000229e  _unlock                    
000022a2  TIMER0_timeout             
000022a5  uart_state                 
000022aa  __TI_ft_end                
000022ae  DynamicMemoryTable         
00002352  __TI_tmpnams               
00002402  Table_30bytes              
00002416  uart_rx_buf                
0000241e  uart_tx_buf                
0000242e  Table_32bytes              
00002434  Table_64bytes              
0000243a  Table_8bytes               
00002440  NonVRam                    
00002466  SysState                   
0000246e  packetSemaphore            
0000246f  rx_end_of_str              
00002470  rx_str_length              
00002472  _CIOBUF_                   
00002594  _sys_memory                
00005b60  _stack                     
00005c00  USCI_A1_ISR                
00005c00  __STACK_END                
00005c84  port1_ISR                  
00005cd2  port2_ISR                  
00005d20  TIMER0_A0_ISR              
00005d40  _c_int00_noargs            
00005d5c  TIMER1_A0_ISR              
00005d64  __TI_ISR_TRAP              
0000616a  lcd_alphabet               
00006340  rsbox                      
00006440  sbox                       
0000688a  log_alpha                  
000068aa  pow_alpha                  
000068d2  Rcon                       
00006986  __TI_Handler_Table_Base    
00006992  __TI_Handler_Table_Limit   
000069b6  __TI_CINIT_Base            
000069ee  __TI_CINIT_Limit           
00008000  flash_array                
0000ffd2  __TI_int41                 
0000ffd4  __TI_int42                 
0000ffd6  __TI_int43                 
0000ffd8  __TI_int44                 
0000ffda  __TI_int45                 
0000ffdc  __TI_int46                 
0000ffde  __TI_int47                 
0000ffe0  __TI_int48                 
0000ffe2  __TI_int49                 
0000ffe4  __TI_int50                 
0000ffe6  __TI_int51                 
0000ffe8  __TI_int52                 
0000ffea  __TI_int53                 
0000ffec  __TI_int54                 
0000ffee  __TI_int55                 
0000fff0  __TI_int56                 
0000fff2  __TI_int57                 
0000fff4  __TI_int58                 
0000fff6  __TI_int59                 
0000fff8  __TI_int60                 
0000fffa  __TI_int61                 
0000fffc  __TI_int62                 
0000fffe  _reset_vector              
00010000  parseHostCmd               
0001085e  aes_enc_dec                
00010c1e  __TI_frcmpyd               
000111ac  __mspabi_mpyd              
00011632  DecodeFrame                
00011826  SfxTxTestMode              
00011bb8  SfxSendFrame               
00011e94  SfxSendBit                 
00011fea  SfxInit                    
0001221c  RADIO_modulate             
0001231e  bspIoSpiInit               
00012420  fputs                      
000125fe  setvbuf                    
000126de  main                       
000127b8  SfxRxTestMode              
00012890  sfx_waitframe              
00012964  sfx_PrintRxTestResult      
00012a22  malloc                     
00012adc  bspInit                    
00012b94  flash_write_wear_level     
00012c44  RADIO_change_frequency     
00012cec  bspSysClockSpeedSet        
00012d90  bspKeyPushed               
00012e32  HOSTlseek                  
00012ed0  ComputeScrambling          
00012f6c  lcdBufferPrintString       
00013008  sfx_AES_128_cbc_encrypt    
0001309a  free                       
00013128  ltoa                       
000131a8  __TI_wrt_ok                
00013226  ComputeAES                 
000132a2  RADIO_init_chip            
0001331c  __mspabi_fltuld            
00013392  resetCF                    
0001347e  HOSTrename                 
000134f2  __TI_closefile             
00013562  HOSTopen                   
0001363e  halUartInit                
000136ac  RADIO_start_rf_carrier     
00013718  _auto_init_hold_wdt        
00013784  HOSTwrite                  
000137ee  decode_bch                 
00013858  flash_read_wear_level      
000138c2  fseek                      
0001392c  HOSTread                   
000139fc  __mspabi_fixdul            
00013a64  __TI_doflush               
00013b28  sfx_malloc                 
00013b88  sfx_send                   
00013be8  halDigio2IntConnect        
00013ca4  Next_Pn11                  
00013d00  Next_Pn9                   
00013d5c  lcdInit                    
00013db8  RADIO_stop_rf_carrier      
00013e12  cc112xSpiReadReg           
00013e6c  cc112xSpiWriteReg          
00013ec6  close                      
00013f7a  sfx_free                   
00013fd4  stringToData               
0001402e  fflush                     
00014086  __mspabi_divul             
00014086  __mspabi_remul             
000140de  sfx_delay                  
00014134  lcdBufferSetHLine          
00014184  HOSTclose                  
000141d0  lcdBufferClearPart         
0001421c  lcdSendBufferPart          
00014268  flash_erase_segment        
000142b2  halDigio2IntSetEdge        
000142fc  trx16BitRegAccess          
00014344  HOSTunlink                 
000143d0  lcdBufferPrintStringAligned
00014416  flash_write_data           
00014458  minit                      
0001449a  hexToByte                  
0001451a  lcdGotoXY                  
0001455a  __mspabi_divli             
0001455a  __mspabi_remli             
0001459a  SfxClose                   
000145d8  __mspabi_sral_15           
000145dc  __mspabi_sral_14           
000145e0  __mspabi_sral_13           
000145e4  __mspabi_sral_12           
000145e8  __mspabi_sral_11           
000145ec  __mspabi_sral_10           
000145f0  __mspabi_sral_9            
000145f4  __mspabi_sral_8            
000145f8  __mspabi_sral_7            
000145fc  __mspabi_sral_6            
00014600  __mspabi_sral_5            
00014604  __mspabi_sral_4            
00014608  __mspabi_sral_3            
0001460c  __mspabi_sral_2            
00014610  __mspabi_sral_1            
00014616  __mspabi_slll_15           
0001461a  __mspabi_slll_14           
0001461e  __mspabi_slll_13           
00014622  __mspabi_slll_12           
00014626  __mspabi_slll_11           
0001462a  __mspabi_slll_10           
0001462e  __mspabi_slll_9            
00014632  __mspabi_slll_8            
00014636  __mspabi_slll_7            
0001463a  __mspabi_slll_6            
0001463e  __mspabi_slll_5            
00014642  __mspabi_slll_4            
00014646  __mspabi_slll_3            
0001464a  __mspabi_slll_2            
0001464e  __mspabi_slll_1            
00014654  __mspabi_srll_15           
00014658  __mspabi_srll_14           
0001465c  __mspabi_srll_13           
00014660  __mspabi_srll_12           
00014664  __mspabi_srll_11           
00014668  __mspabi_srll_10           
0001466c  __mspabi_srll_9            
00014670  __mspabi_srll_8            
00014674  __mspabi_srll_7            
00014678  __mspabi_srll_6            
0001467c  __mspabi_srll_5            
00014680  __mspabi_srll_4            
00014684  __mspabi_srll_3            
00014688  __mspabi_srll_2            
0001468c  __mspabi_srll_1            
00014692  lseek                      
000146d0  trxRfSpiInterfaceInit      
0001470e  write                      
0001474a  trx8BitRegAccess           
00014784  circBufGetData             
000147bc  __TI_cleanup               
000147f2  __TI_writemsg              
00014824  C$$IO$$                    
00014828  circBufPutData             
0001485e  crc16                      
000148ca  __TI_readmsg               
000148fc  crc8                       
0001492e  strncpy                    
00014990  lcdBufferInvertPage        
000149c0  remove                     
000149c0  unlink                     
00014a1e  byteToHex                  
00014a4c  exit                       
00014aa8  halDigio2IntClear          
00014ad6  lcdSendBuffer              
00014b04  dataToString               
00014b30  __mspabi_divi              
00014b30  __mspabi_remi              
00014b86  halDigio2IntEnable         
00014bb0  sfx_get_nv_mem             
00014bd8  bspAssert                  
00014bfe  trxSpiCmdStrobe            
00014c6c  __TI_zero_init             
00014c90  TIMER_downlink_timing_init 
00014cb2  TxProcess                  
00014cd4  circBufRemainder           
00014cf6  __mspabi_mpyl_f5hw         
00014d18  uartGetStr                 
00014d3a  sfx_init                   
00014d5a  trxIsrConnect              
00014d7a  uartPutStr                 
00014db8  sfx_set_nv_mem             
00014dd4  strchr                     
00014df0  strcmp                     
00014e0c  TIMER_bitrate_init         
00014e26  _abort_msg                 
00014e40  lcdBufferClear             
00014e5a  lcdSendCommand             
00014e74  RADIO_stop_unmodulated_cw  
00014e8c  flash_read_data            
00014ea4  halUartStartTx             
00014ebc  lcdSendData                
00014ed4  memchr                     
00014eea  memset                     
00014f00  __mspabi_divu              
00014f00  __mspabi_remu              
00014f16  __mspabi_mpyi_f5hw         
00014f2c  sfx_get_voltage_temperature
00014f42  trxClearIntFlag            
00014f58  trxEnableInt               
00014f6e  bspLedInit                 
00014f82  lcdGetStringLength         
00014f96  memcpy                     
00014faa  sfx_WaitForTimeoutRx       
00014fbe  __TI_decompress_none       
00014fd0  strcpy                     
00014fe2  cc112xSpiReadRxFifo        
00014ff2  galois_mul2                
00015002  __mspabi_slll              
00015012  __mspabi_srll              
00015022  TIMER_bitrate_start        
00015030  bspLedSet                  
0001503e  strlen                     
0001504c  uartPutChar                
0001505a  TIMER_bitrate_stop         
00015066  sfx_StopRxTimeout          
00015072  RADIO_start_unmodulated_cw 
0001507c  abs                        
00015086  bspLedClear                
00015090  bspSysClockSpeedGet        
0001509a  __mspabi_slli              
000150a4  __mspabi_srli              
000150ae  RADIO_close_chip           
000150be  sfx_StartRxTimeout         
000150c6  sfx_StartWaitingTimeout    
000150ce  sfx_change_frequency       
000150d6  sfx_close                  
000150de  sfx_getrssivalue           
000150e6  TxInit                     
000150ec  bspKeyInit                 
000150f2  __TI_decompress_rle24      
000150f8  uartGetRxEndOfStr          
000150fe  uartGetRxStrLength         
00015104  uartResetRxEndOfStr        
0001510a  _system_pre_init           
0001510e  C$$EXIT                    
0001510e  abort                      
00015112  _nop                       
ffffffff  __binit__                  
ffffffff  __c_args__                 
ffffffff  binit                      
UNDEFED   __TI_INITARRAY_Base        
UNDEFED   __TI_INITARRAY_Limit       

[991 symbols]
